{"t":{"$date":"2026-08-05T17:24:05.153+08:00"},"s":"I",  "c":"-",        "id":8991200, "ctx":"main","msg":"Shuffling initializers","attr":{"seed":104860600}}
2026-08-05T17:24:05+08:00
Running /tmp/mongo-count-query-bm-696f0d5d-enabled
Run on (96 X 4000 MHz CPU s)
CPU Caches:
  L1 Data 48 KiB (x48)
  L1 Instruction 32 KiB (x48)
  L2 Unified 2048 KiB (x48)
  L3 Unified 61440 KiB (x2)
Load Average: 33.04, 84.14, 84.03
-------------------------------------------------------------------------------------------------------------------------------
Benchmark                                                                     Time             CPU   Iterations UserCounters...
-------------------------------------------------------------------------------------------------------------------------------
CountQueryBenchmark/DirectNonDeduplicatingCountScan/400000/64          92710018 ns     92561053 ns            1 cycles_per_iteration=194.699M instructions_per_iteration=979.379M items_per_second=4.32147M/s
CountQueryBenchmark/DirectNonDeduplicatingCountScan/400000/64          89507341 ns     89329807 ns            1 cycles_per_iteration=187.974M instructions_per_iteration=979.383M items_per_second=4.47779M/s
CountQueryBenchmark/DirectNonDeduplicatingCountScan/400000/64          95876694 ns     95755928 ns            1 cycles_per_iteration=201.348M instructions_per_iteration=979.39M items_per_second=4.17729M/s
CountQueryBenchmark/DirectNonDeduplicatingCountScan/400000/64          90007067 ns     89860986 ns            1 cycles_per_iteration=189.021M instructions_per_iteration=979.385M items_per_second=4.45132M/s
CountQueryBenchmark/DirectNonDeduplicatingCountScan/400000/64          93560457 ns     93445513 ns            1 cycles_per_iteration=196.484M instructions_per_iteration=979.408M items_per_second=4.28057M/s
CountQueryBenchmark/DirectNonDeduplicatingCountScan/400000/64_mean     92332315 ns     92190657 ns            5 cycles_per_iteration=193.905M instructions_per_iteration=979.389M items_per_second=4.34169M/s
CountQueryBenchmark/DirectNonDeduplicatingCountScan/400000/64_median   92710018 ns     92561053 ns            5 cycles_per_iteration=194.699M instructions_per_iteration=979.385M items_per_second=4.32147M/s
CountQueryBenchmark/DirectNonDeduplicatingCountScan/400000/64_stddev    2626826 ns      2647397 ns            5 cycles_per_iteration=5.51626M instructions_per_iteration=11.1762k items_per_second=124.212k/s
