{"t":{"$date":"2026-08-05T17:27:11.958+08:00"},"s":"I",  "c":"-",        "id":8991200, "ctx":"main","msg":"Shuffling initializers","attr":{"seed":1323939736}}
2026-08-05T17:27:11+08:00
Running /tmp/mongo-count-query-bm-696f0d5d-enabled
Run on (96 X 4000 MHz CPU s)
CPU Caches:
  L1 Data 48 KiB (x48)
  L1 Instruction 32 KiB (x48)
  L2 Unified 2048 KiB (x48)
  L3 Unified 61440 KiB (x2)
Load Average: 5.51, 47.14, 69.56
-------------------------------------------------------------------------------------------------------------------------------
Benchmark                                                                     Time             CPU   Iterations UserCounters...
-------------------------------------------------------------------------------------------------------------------------------
CountQueryBenchmark/DirectNonDeduplicatingCountScan/400000/64          81826687 ns     81666151 ns            1 cycles_per_iteration=171.843M instructions_per_iteration=979.368M items_per_second=4.89799M/s
CountQueryBenchmark/DirectNonDeduplicatingCountScan/400000/64          92755795 ns     92575856 ns            1 cycles_per_iteration=194.796M instructions_per_iteration=979.383M items_per_second=4.32078M/s
CountQueryBenchmark/DirectNonDeduplicatingCountScan/400000/64          82059622 ns     81949352 ns            1 cycles_per_iteration=172.337M instructions_per_iteration=979.39M items_per_second=4.88106M/s
CountQueryBenchmark/DirectNonDeduplicatingCountScan/400000/64          93420506 ns     93268288 ns            1 cycles_per_iteration=196.191M instructions_per_iteration=979.373M items_per_second=4.2887M/s
CountQueryBenchmark/DirectNonDeduplicatingCountScan/400000/64          82972527 ns     82856335 ns            1 cycles_per_iteration=174.25M instructions_per_iteration=979.37M items_per_second=4.82763M/s
CountQueryBenchmark/DirectNonDeduplicatingCountScan/400000/64_mean     86607027 ns     86463196 ns            5 cycles_per_iteration=181.884M instructions_per_iteration=979.377M items_per_second=4.64323M/s
CountQueryBenchmark/DirectNonDeduplicatingCountScan/400000/64_median   82972527 ns     82856335 ns            5 cycles_per_iteration=174.25M instructions_per_iteration=979.373M items_per_second=4.82763M/s
CountQueryBenchmark/DirectNonDeduplicatingCountScan/400000/64_stddev    5936560 ns      5917554 ns            5 cycles_per_iteration=12.4668M instructions_per_iteration=9.04877k items_per_second=310.296k/s
