{"t":{"$date":"2026-08-05T17:25:10.880+08:00"},"s":"I",  "c":"-",        "id":8991200, "ctx":"main","msg":"Shuffling initializers","attr":{"seed":2621636055}}
2026-08-05T17:25:10+08:00
Running /tmp/mongo-count-query-bm-696f0d5d-enabled
Run on (96 X 4000 MHz CPU s)
CPU Caches:
  L1 Data 48 KiB (x48)
  L1 Instruction 32 KiB (x48)
  L2 Unified 2048 KiB (x48)
  L3 Unified 61440 KiB (x2)
Load Average: 13.75, 68.46, 78.61
-------------------------------------------------------------------------------------------------------------------------------
Benchmark                                                                     Time             CPU   Iterations UserCounters...
-------------------------------------------------------------------------------------------------------------------------------
CountQueryBenchmark/DirectNonDeduplicatingCountScan/400000/64          88633060 ns     88502899 ns            1 cycles_per_iteration=186.141M instructions_per_iteration=979.395M items_per_second=4.51963M/s
CountQueryBenchmark/DirectNonDeduplicatingCountScan/400000/64          87734461 ns     87555943 ns            1 cycles_per_iteration=184.252M instructions_per_iteration=979.386M items_per_second=4.56851M/s
CountQueryBenchmark/DirectNonDeduplicatingCountScan/400000/64          89434147 ns     89283070 ns            1 cycles_per_iteration=187.821M instructions_per_iteration=979.37M items_per_second=4.48013M/s
CountQueryBenchmark/DirectNonDeduplicatingCountScan/400000/64          90213776 ns     90072962 ns            1 cycles_per_iteration=189.458M instructions_per_iteration=979.375M items_per_second=4.44084M/s
CountQueryBenchmark/DirectNonDeduplicatingCountScan/400000/64          91980457 ns     91842633 ns            1 cycles_per_iteration=193.168M instructions_per_iteration=979.398M items_per_second=4.35528M/s
CountQueryBenchmark/DirectNonDeduplicatingCountScan/400000/64_mean     89599180 ns     89451501 ns            5 cycles_per_iteration=188.168M instructions_per_iteration=979.385M items_per_second=4.47288M/s
CountQueryBenchmark/DirectNonDeduplicatingCountScan/400000/64_median   89434147 ns     89283070 ns            5 cycles_per_iteration=187.821M instructions_per_iteration=979.386M items_per_second=4.48013M/s
CountQueryBenchmark/DirectNonDeduplicatingCountScan/400000/64_stddev    1619105 ns      1629807 ns            5 cycles_per_iteration=3.3997M instructions_per_iteration=12.2995k items_per_second=80.993k/s
