{"t":{"$date":"2026-08-05T17:24:54.272+08:00"},"s":"I",  "c":"-",        "id":8991200, "ctx":"main","msg":"Shuffling initializers","attr":{"seed":990955529}}
2026-08-05T17:24:54+08:00
Running /tmp/mongo-count-query-bm-696f0d5d-disabled
Run on (96 X 4000 MHz CPU s)
CPU Caches:
  L1 Data 48 KiB (x48)
  L1 Instruction 32 KiB (x48)
  L2 Unified 2048 KiB (x48)
  L3 Unified 61440 KiB (x2)
Load Average: 16.62, 71.80, 79.84
-------------------------------------------------------------------------------------------------------------------------------
Benchmark                                                                     Time             CPU   Iterations UserCounters...
-------------------------------------------------------------------------------------------------------------------------------
CountQueryBenchmark/DirectNonDeduplicatingCountScan/400000/64         104608536 ns    104430425 ns            1 cycles_per_iteration=219.683M instructions_per_iteration=1035.91M items_per_second=3.8303M/s
CountQueryBenchmark/DirectNonDeduplicatingCountScan/400000/64         103064299 ns    102897838 ns            1 cycles_per_iteration=216.444M instructions_per_iteration=1035.85M items_per_second=3.88735M/s
CountQueryBenchmark/DirectNonDeduplicatingCountScan/400000/64         102633476 ns    102446674 ns            1 cycles_per_iteration=215.536M instructions_per_iteration=1035.91M items_per_second=3.90447M/s
CountQueryBenchmark/DirectNonDeduplicatingCountScan/400000/64          99331617 ns     99111738 ns            1 cycles_per_iteration=208.604M instructions_per_iteration=1035.8M items_per_second=4.03585M/s
CountQueryBenchmark/DirectNonDeduplicatingCountScan/400000/64          98755598 ns     98586104 ns            1 cycles_per_iteration=207.393M instructions_per_iteration=1035.8M items_per_second=4.05737M/s
CountQueryBenchmark/DirectNonDeduplicatingCountScan/400000/64_mean    101678705 ns    101494556 ns            5 cycles_per_iteration=213.532M instructions_per_iteration=1035.86M items_per_second=3.94307M/s
CountQueryBenchmark/DirectNonDeduplicatingCountScan/400000/64_median  102633476 ns    102446674 ns            5 cycles_per_iteration=215.536M instructions_per_iteration=1035.85M items_per_second=3.90447M/s
CountQueryBenchmark/DirectNonDeduplicatingCountScan/400000/64_stddev    2523328 ns      2531401 ns            5 cycles_per_iteration=5.29858M instructions_per_iteration=56.8667k items_per_second=98.7206k/s
