{"t":{"$date":"2026-08-05T17:23:48.845+08:00"},"s":"I",  "c":"-",        "id":8991200, "ctx":"main","msg":"Shuffling initializers","attr":{"seed":2563680222}}
2026-08-05T17:23:48+08:00
Running /tmp/mongo-count-query-bm-696f0d5d-disabled
Run on (96 X 4000 MHz CPU s)
CPU Caches:
  L1 Data 48 KiB (x48)
  L1 Instruction 32 KiB (x48)
  L2 Unified 2048 KiB (x48)
  L3 Unified 61440 KiB (x2)
Load Average: 41.40, 88.29, 85.34
-------------------------------------------------------------------------------------------------------------------------------
Benchmark                                                                     Time             CPU   Iterations UserCounters...
-------------------------------------------------------------------------------------------------------------------------------
CountQueryBenchmark/DirectNonDeduplicatingCountScan/400000/64          94686270 ns     94559822 ns            1 cycles_per_iteration=198.848M instructions_per_iteration=1035.77M items_per_second=4.23013M/s
CountQueryBenchmark/DirectNonDeduplicatingCountScan/400000/64          92224598 ns     92001547 ns            1 cycles_per_iteration=193.681M instructions_per_iteration=1035.79M items_per_second=4.34775M/s
CountQueryBenchmark/DirectNonDeduplicatingCountScan/400000/64          90698004 ns     90466518 ns            1 cycles_per_iteration=190.471M instructions_per_iteration=1035.78M items_per_second=4.42153M/s
CountQueryBenchmark/DirectNonDeduplicatingCountScan/400000/64          94986200 ns     94808332 ns            1 cycles_per_iteration=199.477M instructions_per_iteration=1035.77M items_per_second=4.21904M/s
CountQueryBenchmark/DirectNonDeduplicatingCountScan/400000/64          97685337 ns     97530022 ns            1 cycles_per_iteration=205.147M instructions_per_iteration=1035.79M items_per_second=4.1013M/s
CountQueryBenchmark/DirectNonDeduplicatingCountScan/400000/64_mean     94056082 ns     93873248 ns            5 cycles_per_iteration=197.525M instructions_per_iteration=1035.78M items_per_second=4.26395M/s
CountQueryBenchmark/DirectNonDeduplicatingCountScan/400000/64_median   94686270 ns     94559822 ns            5 cycles_per_iteration=198.848M instructions_per_iteration=1035.78M items_per_second=4.23013M/s
CountQueryBenchmark/DirectNonDeduplicatingCountScan/400000/64_stddev    2695588 ns      2730698 ns            5 cycles_per_iteration=5.66098M instructions_per_iteration=10.1613k items_per_second=123.964k/s
