{"t":{"$date":"2026-08-05T17:28:30.844+08:00"},"s":"I",  "c":"-",        "id":8991200, "ctx":"main","msg":"Shuffling initializers","attr":{"seed":897327239}}
2026-08-05T17:28:30+08:00
Running /tmp/mongo-count-query-bm-696f0d5d-enabled
Run on (96 X 4000 MHz CPU s)
CPU Caches:
  L1 Data 48 KiB (x48)
  L1 Instruction 32 KiB (x48)
  L2 Unified 2048 KiB (x48)
  L3 Unified 61440 KiB (x2)
Load Average: 4.35, 37.00, 64.15
-------------------------------------------------------------------------------------------------------------------------------
Benchmark                                                                     Time             CPU   Iterations UserCounters...
-------------------------------------------------------------------------------------------------------------------------------
CountQueryBenchmark/DirectNonDeduplicatingCountScan/400000/64          86201429 ns     86072769 ns            1 cycles_per_iteration=181.03M instructions_per_iteration=979.39M items_per_second=4.64723M/s
CountQueryBenchmark/DirectNonDeduplicatingCountScan/400000/64          88511229 ns     88245525 ns            1 cycles_per_iteration=185.885M instructions_per_iteration=979.389M items_per_second=4.53281M/s
CountQueryBenchmark/DirectNonDeduplicatingCountScan/400000/64          93305349 ns     93158971 ns            1 cycles_per_iteration=195.949M instructions_per_iteration=979.391M items_per_second=4.29374M/s
CountQueryBenchmark/DirectNonDeduplicatingCountScan/400000/64          85767746 ns     85593592 ns            1 cycles_per_iteration=180.121M instructions_per_iteration=979.379M items_per_second=4.67325M/s
CountQueryBenchmark/DirectNonDeduplicatingCountScan/400000/64          87060213 ns     86898631 ns            1 cycles_per_iteration=182.835M instructions_per_iteration=979.393M items_per_second=4.60306M/s
CountQueryBenchmark/DirectNonDeduplicatingCountScan/400000/64_mean     88169193 ns     87993898 ns            5 cycles_per_iteration=185.164M instructions_per_iteration=979.388M items_per_second=4.55002M/s
CountQueryBenchmark/DirectNonDeduplicatingCountScan/400000/64_median   87060213 ns     86898631 ns            5 cycles_per_iteration=182.835M instructions_per_iteration=979.39M items_per_second=4.60306M/s
CountQueryBenchmark/DirectNonDeduplicatingCountScan/400000/64_stddev    3056385 ns      3057495 ns            5 cycles_per_iteration=6.41834M instructions_per_iteration=5.25334k items_per_second=152.829k/s
