{"t":{"$date":"2026-08-05T17:26:23.767+08:00"},"s":"I",  "c":"-",        "id":8991200, "ctx":"main","msg":"Shuffling initializers","attr":{"seed":3070731371}}
2026-08-05T17:26:23+08:00
Running /tmp/mongo-count-query-bm-696f0d5d-disabled
Run on (96 X 4000 MHz CPU s)
CPU Caches:
  L1 Data 48 KiB (x48)
  L1 Instruction 32 KiB (x48)
  L2 Unified 2048 KiB (x48)
  L3 Unified 61440 KiB (x2)
Load Average: 6.68, 54.10, 72.80
-------------------------------------------------------------------------------------------------------------------------------
Benchmark                                                                     Time             CPU   Iterations UserCounters...
-------------------------------------------------------------------------------------------------------------------------------
CountQueryBenchmark/DirectNonDeduplicatingCountScan/400000/64          97890377 ns     97736342 ns            1 cycles_per_iteration=205.578M instructions_per_iteration=1035.79M items_per_second=4.09264M/s
CountQueryBenchmark/DirectNonDeduplicatingCountScan/400000/64          97336292 ns     97130974 ns            1 cycles_per_iteration=204.415M instructions_per_iteration=1035.79M items_per_second=4.11815M/s
CountQueryBenchmark/DirectNonDeduplicatingCountScan/400000/64         100431919 ns    100270734 ns            1 cycles_per_iteration=210.912M instructions_per_iteration=1035.85M items_per_second=3.9892M/s
CountQueryBenchmark/DirectNonDeduplicatingCountScan/400000/64         100832462 ns    100500945 ns            1 cycles_per_iteration=211.754M instructions_per_iteration=1035.87M items_per_second=3.98006M/s
CountQueryBenchmark/DirectNonDeduplicatingCountScan/400000/64          96613407 ns     96415265 ns            1 cycles_per_iteration=202.895M instructions_per_iteration=1035.79M items_per_second=4.14872M/s
CountQueryBenchmark/DirectNonDeduplicatingCountScan/400000/64_mean     98620892 ns     98410852 ns            5 cycles_per_iteration=207.111M instructions_per_iteration=1035.82M items_per_second=4.06576M/s
CountQueryBenchmark/DirectNonDeduplicatingCountScan/400000/64_median   97890377 ns     97736342 ns            5 cycles_per_iteration=205.578M instructions_per_iteration=1035.79M items_per_second=4.09264M/s
CountQueryBenchmark/DirectNonDeduplicatingCountScan/400000/64_stddev    1896359 ns      1864341 ns            5 cycles_per_iteration=3.98123M instructions_per_iteration=39.2966k items_per_second=76.7391k/s
