{"t":{"$date":"2026-08-05T17:28:06.813+08:00"},"s":"I",  "c":"-",        "id":8991200, "ctx":"main","msg":"Shuffling initializers","attr":{"seed":1763421522}}
2026-08-05T17:28:06+08:00
Running /tmp/mongo-count-query-bm-696f0d5d-enabled
Run on (96 X 4000 MHz CPU s)
CPU Caches:
  L1 Data 48 KiB (x48)
  L1 Instruction 32 KiB (x48)
  L2 Unified 2048 KiB (x48)
  L3 Unified 61440 KiB (x2)
Load Average: 4.64, 39.90, 65.80
-------------------------------------------------------------------------------------------------------------------------------
Benchmark                                                                     Time             CPU   Iterations UserCounters...
-------------------------------------------------------------------------------------------------------------------------------
CountQueryBenchmark/DirectNonDeduplicatingCountScan/400000/64          90235710 ns     90096136 ns            1 cycles_per_iteration=189.503M instructions_per_iteration=979.407M items_per_second=4.4397M/s
CountQueryBenchmark/DirectNonDeduplicatingCountScan/400000/64          92333794 ns     92053165 ns            1 cycles_per_iteration=193.911M instructions_per_iteration=979.37M items_per_second=4.34532M/s
CountQueryBenchmark/DirectNonDeduplicatingCountScan/400000/64          88854074 ns     88686174 ns            1 cycles_per_iteration=186.603M instructions_per_iteration=979.384M items_per_second=4.51029M/s
CountQueryBenchmark/DirectNonDeduplicatingCountScan/400000/64          90248823 ns     90107941 ns            1 cycles_per_iteration=189.532M instructions_per_iteration=979.384M items_per_second=4.43912M/s
CountQueryBenchmark/DirectNonDeduplicatingCountScan/400000/64          91548204 ns     91385170 ns            1 cycles_per_iteration=192.26M instructions_per_iteration=979.394M items_per_second=4.37708M/s
CountQueryBenchmark/DirectNonDeduplicatingCountScan/400000/64_mean     90644121 ns     90465717 ns            5 cycles_per_iteration=190.362M instructions_per_iteration=979.388M items_per_second=4.4223M/s
CountQueryBenchmark/DirectNonDeduplicatingCountScan/400000/64_median   90248823 ns     90107941 ns            5 cycles_per_iteration=189.532M instructions_per_iteration=979.384M items_per_second=4.43912M/s
CountQueryBenchmark/DirectNonDeduplicatingCountScan/400000/64_stddev    1341612 ns      1303529 ns            5 cycles_per_iteration=2.81745M instructions_per_iteration=13.7825k items_per_second=63.8338k/s
