{"t":{"$date":"2026-08-05T17:25:02.678+08:00"},"s":"I",  "c":"-",        "id":8991200, "ctx":"main","msg":"Shuffling initializers","attr":{"seed":2298601777}}
2026-08-05T17:25:02+08:00
Running /tmp/mongo-count-query-bm-696f0d5d-enabled
Run on (96 X 4000 MHz CPU s)
CPU Caches:
  L1 Data 48 KiB (x48)
  L1 Instruction 32 KiB (x48)
  L2 Unified 2048 KiB (x48)
  L3 Unified 61440 KiB (x2)
Load Average: 14.68, 69.56, 79.02
-------------------------------------------------------------------------------------------------------------------------------
Benchmark                                                                     Time             CPU   Iterations UserCounters...
-------------------------------------------------------------------------------------------------------------------------------
CountQueryBenchmark/DirectNonDeduplicatingCountScan/400000/64          97179890 ns     96974856 ns            1 cycles_per_iteration=204.085M instructions_per_iteration=979.396M items_per_second=4.12478M/s
CountQueryBenchmark/DirectNonDeduplicatingCountScan/400000/64          93875408 ns     93709537 ns            1 cycles_per_iteration=197.148M instructions_per_iteration=979.359M items_per_second=4.26851M/s
CountQueryBenchmark/DirectNonDeduplicatingCountScan/400000/64          80200195 ns     80046146 ns            1 cycles_per_iteration=168.427M instructions_per_iteration=979.356M items_per_second=4.99712M/s
CountQueryBenchmark/DirectNonDeduplicatingCountScan/400000/64          80817223 ns     80697093 ns            1 cycles_per_iteration=169.724M instructions_per_iteration=979.362M items_per_second=4.95681M/s
CountQueryBenchmark/DirectNonDeduplicatingCountScan/400000/64          81025839 ns     80903803 ns            1 cycles_per_iteration=170.162M instructions_per_iteration=979.399M items_per_second=4.94414M/s
CountQueryBenchmark/DirectNonDeduplicatingCountScan/400000/64_mean     86619711 ns     86466287 ns            5 cycles_per_iteration=181.909M instructions_per_iteration=979.375M items_per_second=4.65827M/s
CountQueryBenchmark/DirectNonDeduplicatingCountScan/400000/64_median   81025839 ns     80903803 ns            5 cycles_per_iteration=170.162M instructions_per_iteration=979.362M items_per_second=4.94414M/s
CountQueryBenchmark/DirectNonDeduplicatingCountScan/400000/64_stddev    8220903 ns      8190509 ns            5 cycles_per_iteration=17.2645M instructions_per_iteration=21.2332k items_per_second=424.909k/s
