{"t":{"$date":"2026-08-05T17:26:06.935+08:00"},"s":"I",  "c":"-",        "id":8991200, "ctx":"main","msg":"Shuffling initializers","attr":{"seed":2422842609}}
2026-08-05T17:26:06+08:00
Running /tmp/mongo-count-query-bm-696f0d5d-enabled
Run on (96 X 4000 MHz CPU s)
CPU Caches:
  L1 Data 48 KiB (x48)
  L1 Instruction 32 KiB (x48)
  L2 Unified 2048 KiB (x48)
  L3 Unified 61440 KiB (x2)
Load Average: 7.74, 57.57, 74.30
-------------------------------------------------------------------------------------------------------------------------------
Benchmark                                                                     Time             CPU   Iterations UserCounters...
-------------------------------------------------------------------------------------------------------------------------------
CountQueryBenchmark/DirectNonDeduplicatingCountScan/400000/64          89245081 ns     89105624 ns            1 cycles_per_iteration=187.422M instructions_per_iteration=979.39M items_per_second=4.48905M/s
CountQueryBenchmark/DirectNonDeduplicatingCountScan/400000/64          89796066 ns     89657721 ns            1 cycles_per_iteration=188.584M instructions_per_iteration=979.382M items_per_second=4.46141M/s
CountQueryBenchmark/DirectNonDeduplicatingCountScan/400000/64          90775251 ns     90597062 ns            1 cycles_per_iteration=190.635M instructions_per_iteration=979.584M items_per_second=4.41515M/s
CountQueryBenchmark/DirectNonDeduplicatingCountScan/400000/64          93960524 ns     93771045 ns            1 cycles_per_iteration=197.325M instructions_per_iteration=979.388M items_per_second=4.26571M/s
CountQueryBenchmark/DirectNonDeduplicatingCountScan/400000/64          89486361 ns     89312574 ns            1 cycles_per_iteration=187.928M instructions_per_iteration=979.375M items_per_second=4.47865M/s
CountQueryBenchmark/DirectNonDeduplicatingCountScan/400000/64_mean     90652657 ns     90488805 ns            5 cycles_per_iteration=190.379M instructions_per_iteration=979.424M items_per_second=4.422M/s
CountQueryBenchmark/DirectNonDeduplicatingCountScan/400000/64_median   89796066 ns     89657721 ns            5 cycles_per_iteration=188.584M instructions_per_iteration=979.388M items_per_second=4.46141M/s
CountQueryBenchmark/DirectNonDeduplicatingCountScan/400000/64_stddev    1938574 ns      1921733 ns            5 cycles_per_iteration=4.07084M instructions_per_iteration=89.8613k items_per_second=91.8325k/s
