{"t":{"$date":"2026-08-05T17:25:58.731+08:00"},"s":"I",  "c":"-",        "id":8991200, "ctx":"main","msg":"Shuffling initializers","attr":{"seed":2781451286}}
2026-08-05T17:25:58+08:00
Running /tmp/mongo-count-query-bm-696f0d5d-disabled
Run on (96 X 4000 MHz CPU s)
CPU Caches:
  L1 Data 48 KiB (x48)
  L1 Instruction 32 KiB (x48)
  L2 Unified 2048 KiB (x48)
  L3 Unified 61440 KiB (x2)
Load Average: 8.07, 58.48, 74.68
-------------------------------------------------------------------------------------------------------------------------------
Benchmark                                                                     Time             CPU   Iterations UserCounters...
-------------------------------------------------------------------------------------------------------------------------------
CountQueryBenchmark/DirectNonDeduplicatingCountScan/400000/64          90718508 ns     90585062 ns            1 cycles_per_iteration=190.519M instructions_per_iteration=1035.78M items_per_second=4.41574M/s
CountQueryBenchmark/DirectNonDeduplicatingCountScan/400000/64         101209402 ns    100997026 ns            1 cycles_per_iteration=212.547M instructions_per_iteration=1036.02M items_per_second=3.96051M/s
CountQueryBenchmark/DirectNonDeduplicatingCountScan/400000/64         100580931 ns    100402402 ns            1 cycles_per_iteration=211.227M instructions_per_iteration=1035.86M items_per_second=3.98397M/s
CountQueryBenchmark/DirectNonDeduplicatingCountScan/400000/64          97357988 ns     97206949 ns            1 cycles_per_iteration=204.459M instructions_per_iteration=1035.81M items_per_second=4.11493M/s
CountQueryBenchmark/DirectNonDeduplicatingCountScan/400000/64          95641375 ns     95471467 ns            1 cycles_per_iteration=200.854M instructions_per_iteration=1035.79M items_per_second=4.18973M/s
CountQueryBenchmark/DirectNonDeduplicatingCountScan/400000/64_mean     97101641 ns     96932581 ns            5 cycles_per_iteration=203.921M instructions_per_iteration=1035.85M items_per_second=4.13298M/s
CountQueryBenchmark/DirectNonDeduplicatingCountScan/400000/64_median   97357988 ns     97206949 ns            5 cycles_per_iteration=204.459M instructions_per_iteration=1035.81M items_per_second=4.11493M/s
CountQueryBenchmark/DirectNonDeduplicatingCountScan/400000/64_stddev    4240331 ns      4214870 ns            5 cycles_per_iteration=8.90338M instructions_per_iteration=99.6216k items_per_second=184.017k/s
