{"t":{"$date":"2026-08-05T02:58:03.091+08:00"},"s":"I",  "c":"-",        "id":8991200, "ctx":"main","msg":"Shuffling initializers","attr":{"seed":4157235868}}
2026-08-05T02:58:03+08:00
Running /tmp/mongo-count-query-bm-nolog-disabled
Run on (96 X 4000 MHz CPU s)
CPU Caches:
  L1 Data 48 KiB (x48)
  L1 Instruction 32 KiB (x48)
  L2 Unified 2048 KiB (x48)
  L3 Unified 61440 KiB (x2)
Load Average: 5.58, 5.62, 9.75
--------------------------------------------------------------------------------------------------------------------
Benchmark                                                          Time             CPU   Iterations UserCounters...
--------------------------------------------------------------------------------------------------------------------
CountQueryBenchmark/NonMultikeyCountScan/500000/64         132132292 ns    132133256 ns            1 cycles_per_iteration=277.488M instructions_per_iteration=1.28874G items_per_second=3.78406M/s
CountQueryBenchmark/NonMultikeyCountScan/500000/64         134170294 ns    134171591 ns            1 cycles_per_iteration=281.767M instructions_per_iteration=1.28876G items_per_second=3.72657M/s
CountQueryBenchmark/NonMultikeyCountScan/500000/64         128417015 ns    128418059 ns            1 cycles_per_iteration=269.684M instructions_per_iteration=1.28872G items_per_second=3.89353M/s
CountQueryBenchmark/NonMultikeyCountScan/500000/64         130767107 ns    130768135 ns            1 cycles_per_iteration=274.62M instructions_per_iteration=1.28873G items_per_second=3.82356M/s
CountQueryBenchmark/NonMultikeyCountScan/500000/64         124908447 ns    124909501 ns            1 cycles_per_iteration=262.317M instructions_per_iteration=1.28873G items_per_second=4.0029M/s
CountQueryBenchmark/NonMultikeyCountScan/500000/64_mean    130079031 ns    130080108 ns            5 cycles_per_iteration=273.175M instructions_per_iteration=1.28873G items_per_second=3.84612M/s
CountQueryBenchmark/NonMultikeyCountScan/500000/64_median  130767107 ns    130768135 ns            5 cycles_per_iteration=274.62M instructions_per_iteration=1.28873G items_per_second=3.82356M/s
CountQueryBenchmark/NonMultikeyCountScan/500000/64_stddev    3568087 ns      3568144 ns            5 cycles_per_iteration=7.49323M instructions_per_iteration=16.2195k items_per_second=106.63k/s
