{"t":{"$date":"2026-08-05T02:58:24.318+08:00"},"s":"I",  "c":"-",        "id":8991200, "ctx":"main","msg":"Shuffling initializers","attr":{"seed":2382614159}}
2026-08-05T02:58:24+08:00
Running /tmp/mongo-count-query-bm-nolog-enabled
Run on (96 X 4000 MHz CPU s)
CPU Caches:
  L1 Data 48 KiB (x48)
  L1 Instruction 32 KiB (x48)
  L2 Unified 2048 KiB (x48)
  L3 Unified 61440 KiB (x2)
Load Average: 5.71, 5.64, 9.67
--------------------------------------------------------------------------------------------------------------------
Benchmark                                                          Time             CPU   Iterations UserCounters...
--------------------------------------------------------------------------------------------------------------------
CountQueryBenchmark/NonMultikeyCountScan/500000/64         119295835 ns    119296880 ns            1 cycles_per_iteration=250.532M instructions_per_iteration=1.2267G items_per_second=4.19122M/s
CountQueryBenchmark/NonMultikeyCountScan/500000/64         115511417 ns    115512304 ns            1 cycles_per_iteration=242.583M instructions_per_iteration=1.22671G items_per_second=4.32854M/s
CountQueryBenchmark/NonMultikeyCountScan/500000/64         123349190 ns    123316859 ns            1 cycles_per_iteration=259.042M instructions_per_iteration=1.22671G items_per_second=4.0546M/s
CountQueryBenchmark/NonMultikeyCountScan/500000/64         115729094 ns    115729674 ns            1 cycles_per_iteration=243.04M instructions_per_iteration=1.22671G items_per_second=4.32041M/s
CountQueryBenchmark/NonMultikeyCountScan/500000/64         120783567 ns    120784106 ns            1 cycles_per_iteration=253.655M instructions_per_iteration=1.22674G items_per_second=4.13962M/s
CountQueryBenchmark/NonMultikeyCountScan/500000/64_mean    118933821 ns    118927965 ns            5 cycles_per_iteration=249.77M instructions_per_iteration=1.22671G items_per_second=4.20688M/s
CountQueryBenchmark/NonMultikeyCountScan/500000/64_median  119295835 ns    119296880 ns            5 cycles_per_iteration=250.532M instructions_per_iteration=1.22671G items_per_second=4.19122M/s
CountQueryBenchmark/NonMultikeyCountScan/500000/64_stddev    3355265 ns      3344382 ns            5 cycles_per_iteration=7.04636M instructions_per_iteration=15.4375k items_per_second=117.953k/s
