{"t":{"$date":"2026-08-05T02:57:52.571+08:00"},"s":"I",  "c":"-",        "id":8991200, "ctx":"main","msg":"Shuffling initializers","attr":{"seed":2512902674}}
2026-08-05T02:57:52+08:00
Running /tmp/mongo-count-query-bm-nolog-disabled
Run on (96 X 4000 MHz CPU s)
CPU Caches:
  L1 Data 48 KiB (x48)
  L1 Instruction 32 KiB (x48)
  L2 Unified 2048 KiB (x48)
  L3 Unified 61440 KiB (x2)
Load Average: 5.23, 5.55, 9.77
--------------------------------------------------------------------------------------------------------------------
Benchmark                                                          Time             CPU   Iterations UserCounters...
--------------------------------------------------------------------------------------------------------------------
CountQueryBenchmark/NonMultikeyCountScan/500000/64         127732038 ns    127732864 ns            1 cycles_per_iteration=268.255M instructions_per_iteration=1.28873G items_per_second=3.91442M/s
CountQueryBenchmark/NonMultikeyCountScan/500000/64         127667189 ns    127668206 ns            1 cycles_per_iteration=268.11M instructions_per_iteration=1.28889G items_per_second=3.9164M/s
CountQueryBenchmark/NonMultikeyCountScan/500000/64         121308565 ns    121309617 ns            1 cycles_per_iteration=254.758M instructions_per_iteration=1.28872G items_per_second=4.12168M/s
CountQueryBenchmark/NonMultikeyCountScan/500000/64         128893614 ns    128894523 ns            1 cycles_per_iteration=270.685M instructions_per_iteration=1.28873G items_per_second=3.87914M/s
CountQueryBenchmark/NonMultikeyCountScan/500000/64         125986814 ns    125987729 ns            1 cycles_per_iteration=264.581M instructions_per_iteration=1.28873G items_per_second=3.96864M/s
CountQueryBenchmark/NonMultikeyCountScan/500000/64_mean    126317644 ns    126318588 ns            5 cycles_per_iteration=265.278M instructions_per_iteration=1.28876G items_per_second=3.96006M/s
CountQueryBenchmark/NonMultikeyCountScan/500000/64_median  127667189 ns    127668206 ns            5 cycles_per_iteration=268.11M instructions_per_iteration=1.28873G items_per_second=3.9164M/s
CountQueryBenchmark/NonMultikeyCountScan/500000/64_stddev    2985704 ns      2985647 ns            5 cycles_per_iteration=6.27075M instructions_per_iteration=72.8285k items_per_second=95.8295k/s
