{"t":{"$date":"2026-08-05T02:57:20.724+08:00"},"s":"I",  "c":"-",        "id":8991200, "ctx":"main","msg":"Shuffling initializers","attr":{"seed":2496374985}}
2026-08-05T02:57:20+08:00
Running /tmp/mongo-count-query-bm-nolog-disabled
Run on (96 X 4000 MHz CPU s)
CPU Caches:
  L1 Data 48 KiB (x48)
  L1 Instruction 32 KiB (x48)
  L2 Unified 2048 KiB (x48)
  L3 Unified 61440 KiB (x2)
Load Average: 5.43, 5.62, 9.96
--------------------------------------------------------------------------------------------------------------------
Benchmark                                                          Time             CPU   Iterations UserCounters...
--------------------------------------------------------------------------------------------------------------------
CountQueryBenchmark/NonMultikeyCountScan/500000/64         139074802 ns    139064033 ns            1 cycles_per_iteration=292.097M instructions_per_iteration=1.28892G items_per_second=3.59547M/s
CountQueryBenchmark/NonMultikeyCountScan/500000/64         129137039 ns    129127406 ns            1 cycles_per_iteration=271.198M instructions_per_iteration=1.28874G items_per_second=3.87214M/s
CountQueryBenchmark/NonMultikeyCountScan/500000/64         131587505 ns    131588428 ns            1 cycles_per_iteration=276.344M instructions_per_iteration=1.28874G items_per_second=3.79973M/s
CountQueryBenchmark/NonMultikeyCountScan/500000/64         127003431 ns    126989130 ns            1 cycles_per_iteration=266.716M instructions_per_iteration=1.28872G items_per_second=3.93734M/s
CountQueryBenchmark/NonMultikeyCountScan/500000/64         115056276 ns    115057385 ns            1 cycles_per_iteration=241.627M instructions_per_iteration=1.2887G items_per_second=4.34566M/s
CountQueryBenchmark/NonMultikeyCountScan/500000/64_mean    128371811 ns    128365276 ns            5 cycles_per_iteration=269.596M instructions_per_iteration=1.28876G items_per_second=3.91007M/s
CountQueryBenchmark/NonMultikeyCountScan/500000/64_median  129137039 ns    129127406 ns            5 cycles_per_iteration=271.198M instructions_per_iteration=1.28874G items_per_second=3.87214M/s
CountQueryBenchmark/NonMultikeyCountScan/500000/64_stddev    8727202 ns      8723914 ns            5 cycles_per_iteration=18.3366M instructions_per_iteration=89.7538k items_per_second=275.259k/s
