{"t":{"$date":"2026-08-05T02:57:31.332+08:00"},"s":"I",  "c":"-",        "id":8991200, "ctx":"main","msg":"Shuffling initializers","attr":{"seed":2981153392}}
2026-08-05T02:57:31+08:00
Running /tmp/mongo-count-query-bm-nolog-enabled
Run on (96 X 4000 MHz CPU s)
CPU Caches:
  L1 Data 48 KiB (x48)
  L1 Instruction 32 KiB (x48)
  L2 Unified 2048 KiB (x48)
  L3 Unified 61440 KiB (x2)
Load Average: 5.44, 5.62, 9.91
--------------------------------------------------------------------------------------------------------------------
Benchmark                                                          Time             CPU   Iterations UserCounters...
--------------------------------------------------------------------------------------------------------------------
CountQueryBenchmark/NonMultikeyCountScan/500000/64         120323896 ns    120324816 ns            1 cycles_per_iteration=252.697M instructions_per_iteration=1.22673G items_per_second=4.15542M/s
CountQueryBenchmark/NonMultikeyCountScan/500000/64         117318392 ns    117318816 ns            1 cycles_per_iteration=246.382M instructions_per_iteration=1.22669G items_per_second=4.26189M/s
CountQueryBenchmark/NonMultikeyCountScan/500000/64         120599270 ns    120600241 ns            1 cycles_per_iteration=253.268M instructions_per_iteration=1.22675G items_per_second=4.14593M/s
CountQueryBenchmark/NonMultikeyCountScan/500000/64         121100664 ns    121101210 ns            1 cycles_per_iteration=254.32M instructions_per_iteration=1.22673G items_per_second=4.12878M/s
CountQueryBenchmark/NonMultikeyCountScan/500000/64         122867823 ns    122868770 ns            1 cycles_per_iteration=258.031M instructions_per_iteration=1.22691G items_per_second=4.06938M/s
CountQueryBenchmark/NonMultikeyCountScan/500000/64_mean    120442009 ns    120442771 ns            5 cycles_per_iteration=252.94M instructions_per_iteration=1.22676G items_per_second=4.15228M/s
CountQueryBenchmark/NonMultikeyCountScan/500000/64_median  120599270 ns    120600241 ns            5 cycles_per_iteration=253.268M instructions_per_iteration=1.22673G items_per_second=4.14593M/s
CountQueryBenchmark/NonMultikeyCountScan/500000/64_stddev    2007116 ns      2007288 ns            5 cycles_per_iteration=4.21323M instructions_per_iteration=83.2328k items_per_second=69.8017k/s
