[0;32mINFO:[0m running wrapper hook...
INFO: pre-build generation: 582.6 ms
Computing main repo mapping: 
Loading: 
Loading: 1 packages loaded
Analyzing: target //src/mongo/db/query:count_query_bm (2 packages loaded, 0 targets configured)
Analyzing: target //src/mongo/db/query:count_query_bm (2 packages loaded, 0 targets configured)

Analyzing: target //src/mongo/db/query:count_query_bm (429 packages loaded, 45594 targets configured)

INFO: Analyzed target //src/mongo/db/query:count_query_bm (429 packages loaded, 46474 targets configured).
[1 / 1] no actions running
[3,597 / 8,912] [Scann] Compiling src/mongo/db/query/replanning_required_info.cpp
[5,934 / 8,912] Compiling src/mongo/db/query/replanning_required_info.cpp; 0s linux-sandbox ... (43 actions, 37 running)
[6,876 / 8,912] Compiling src/mongo/db/query/replanning_required_info.cpp; 1s linux-sandbox ... (79 actions, 78 running)
[7,192 / 8,912] Compiling src/mongo/db/query/replanning_required_info.cpp; 2s linux-sandbox ... (95 actions running)
[7,201 / 8,912] Compiling src/mongo/db/query/replanning_required_info.cpp; 4s linux-sandbox ... (97 actions, 96 running)
[7,201 / 8,912] Compiling src/mongo/db/query/replanning_required_info.cpp; 5s linux-sandbox ... (97 actions, 96 running)
[7,202 / 8,912] Compiling src/mongo/db/query/replanning_required_info.cpp; 7s linux-sandbox ... (96 actions, 95 running)
[7,202 / 8,912] Compiling src/mongo/db/query/replanning_required_info.cpp; 9s linux-sandbox ... (97 actions, 96 running)
[7,203 / 8,912] Compiling src/mongo/db/query/replanning_required_info.cpp; 14s linux-sandbox ... (96 actions, 95 running)
[7,206 / 8,912] Compiling src/mongo/db/query/replanning_required_info.cpp; 16s linux-sandbox ... (97 actions, 96 running)
[7,207 / 8,912] Compiling src/mongo/db/query/replanning_required_info.cpp; 22s linux-sandbox ... (96 actions, 95 running)
[7,211 / 8,912] Compiling src/mongo/db/query/replanning_required_info.cpp; 23s linux-sandbox ... (96 actions running)
[7,217 / 8,912] Compiling src/mongo/db/query/replanning_required_info.cpp; 24s linux-sandbox ... (96 actions, 95 running)
[7,231 / 8,912] Compiling src/mongo/db/query/replanning_required_info.cpp; 25s linux-sandbox ... (96 actions, 95 running)
[7,273 / 8,912] Compiling src/mongo/db/aggregated_index_usage_tracker.cpp; 25s linux-sandbox ... (95 actions, 92 running)
[7,292 / 8,912] Compiling src/mongo/db/aggregated_index_usage_tracker.cpp; 26s linux-sandbox ... (95 actions, 94 running)
[7,360 / 8,912] Compiling src/mongo/db/stats/counters.cpp; 27s linux-sandbox ... (96 actions, 95 running)
[7,395 / 8,912] Compiling src/mongo/crypto/fle_crypto.cpp; 28s linux-sandbox ... (94 actions running)
[7,400 / 8,912] Compiling src/mongo/crypto/fle_crypto.cpp; 29s linux-sandbox ... (95 actions running)
[7,406 / 8,912] Compiling src/mongo/crypto/fle_crypto.cpp; 30s linux-sandbox ... (95 actions, 94 running)
[7,423 / 8,912] Compiling src/mongo/crypto/fle_crypto.cpp; 32s linux-sandbox ... (95 actions, 94 running)
[7,427 / 8,912] Compiling src/mongo/crypto/fle_crypto.cpp; 33s linux-sandbox ... (97 actions, 96 running)
[7,428 / 8,912] Compiling src/mongo/crypto/fle_crypto.cpp; 34s linux-sandbox ... (97 actions, 96 running)
[7,432 / 8,912] Compiling src/mongo/crypto/fle_crypto.cpp; 35s linux-sandbox ... (96 actions, 95 running)
[7,439 / 8,912] Compiling src/mongo/crypto/fle_crypto.cpp; 37s linux-sandbox ... (97 actions, 96 running)
[7,440 / 8,912] Compiling src/mongo/transport/asio/asio_transport_layer.cpp; 37s linux-sandbox ... (96 actions, 95 running)
[7,444 / 8,912] Compiling src/mongo/transport/asio/asio_transport_layer.cpp; 38s linux-sandbox ... (96 actions, 95 running)
[7,445 / 8,912] Compiling src/mongo/transport/asio/asio_session_impl.cpp; 39s linux-sandbox ... (97 actions, 95 running)
[7,445 / 8,912] Compiling src/mongo/transport/asio/asio_session_impl.cpp; 40s linux-sandbox ... (97 actions, 96 running)
[7,446 / 8,912] Compiling src/mongo/transport/asio/asio_session_impl.cpp; 42s linux-sandbox ... (96 actions, 95 running)
[7,448 / 8,912] Compiling src/mongo/transport/asio/asio_session_impl.cpp; 43s linux-sandbox ... (96 actions, 95 running)
[7,450 / 8,912] Compiling src/mongo/db/pipeline/expression.cpp; 43s linux-sandbox ... (96 actions, 95 running)
[7,454 / 8,912] Compiling src/mongo/db/pipeline/expression.cpp; 44s linux-sandbox ... (96 actions, 95 running)
[7,469 / 8,912] Compiling src/mongo/db/pipeline/expression.cpp; 45s linux-sandbox ... (97 actions, 96 running)
[7,480 / 8,912] Compiling src/mongo/db/pipeline/expression.cpp; 46s linux-sandbox ... (95 actions running)
[7,506 / 8,912] Compiling src/mongo/db/pipeline/expression.cpp; 48s linux-sandbox ... (95 actions, 94 running)
[7,519 / 8,912] Compiling src/mongo/db/pipeline/expression.cpp; 49s linux-sandbox ... (95 actions running)
[7,535 / 8,912] Compiling src/mongo/db/pipeline/expression.cpp; 50s linux-sandbox ... (95 actions, 94 running)
[7,546 / 8,912] Compiling src/mongo/db/pipeline/expression.cpp; 51s linux-sandbox ... (95 actions, 94 running)
[7,558 / 8,912] Compiling src/mongo/db/pipeline/expression.cpp; 52s linux-sandbox ... (96 actions, 95 running)
[7,567 / 8,912] Compiling src/mongo/db/pipeline/expression.cpp; 53s linux-sandbox ... (94 actions, 92 running)
[7,587 / 8,912] Compiling src/mongo/db/pipeline/expression.cpp; 54s linux-sandbox ... (96 actions, 94 running)
[7,594 / 8,912] Compiling src/mongo/db/pipeline/expression.cpp; 55s linux-sandbox ... (96 actions, 95 running)
[7,602 / 8,912] Compiling src/mongo/db/pipeline/expression.cpp; 57s linux-sandbox ... (94 actions, 93 running)
[7,605 / 8,912] Compiling src/mongo/db/pipeline/expression.cpp; 58s linux-sandbox ... (95 actions, 94 running)
[7,606 / 8,912] Compiling src/mongo/db/pipeline/expression.cpp; 59s linux-sandbox ... (96 actions, 95 running)
[7,612 / 8,912] Compiling src/mongo/db/index/index_access_method.cpp; 39s linux-sandbox ... (95 actions, 94 running)
[7,621 / 8,912] Compiling src/mongo/db/index/index_access_method.cpp; 40s linux-sandbox ... (95 actions running)
[7,625 / 8,912] Compiling src/mongo/db/shard_role/shard_catalog/collection_catalog.cpp; 36s linux-sandbox ... (96 actions, 95 running)
[7,627 / 8,912] Compiling src/mongo/db/shard_role/shard_catalog/collection_catalog.cpp; 37s linux-sandbox ... (96 actions, 95 running)
[7,635 / 8,912] Compiling src/mongo/db/shard_role/shard_catalog/collection_catalog.cpp; 38s linux-sandbox ... (96 actions, 95 running)
[7,643 / 8,912] Compiling src/mongo/db/shard_role/shard_catalog/collection_catalog.cpp; 40s linux-sandbox ... (97 actions, 96 running)
[7,644 / 8,912] Compiling src/mongo/db/shard_role/shard_catalog/collection_catalog.cpp; 41s linux-sandbox ... (97 actions, 96 running)
[7,646 / 8,912] Compiling src/mongo/db/shard_role/shard_catalog/collection_catalog.cpp; 42s linux-sandbox ... (97 actions, 96 running)
[7,648 / 8,912] Compiling src/mongo/db/shard_role/shard_catalog/collection_catalog.cpp; 43s linux-sandbox ... (96 actions, 95 running)
[7,650 / 8,912] Compiling src/mongo/db/shard_role/shard_role.cpp; 26s linux-sandbox ... (96 actions, 95 running)
[7,651 / 8,912] Compiling src/mongo/db/shard_role/shard_role.cpp; 27s linux-sandbox ... (97 actions, 96 running)
[7,659 / 8,912] Compiling src/mongo/db/shard_role/shard_role.cpp; 28s linux-sandbox ... (96 actions, 95 running)
[7,674 / 8,912] Compiling src/mongo/db/shard_role/shard_role.cpp; 29s linux-sandbox ... (97 actions, 96 running)
[7,679 / 8,912] Compiling src/mongo/db/shard_role/shard_role.cpp; 30s linux-sandbox ... (96 actions, 95 running)
[7,688 / 8,912] Compiling src/mongo/db/shard_role/shard_role.cpp; 31s linux-sandbox ... (96 actions, 95 running)
[7,708 / 8,912] Compiling src/mongo/db/timeseries/write_ops/timeseries_write_ops_utils_internal.cpp; 28s linux-sandbox ... (96 actions, 95 running)
[7,730 / 8,912] Compiling src/mongo/db/timeseries/write_ops/timeseries_write_ops_utils_internal.cpp; 29s linux-sandbox ... (95 actions running)
[7,743 / 8,912] Compiling src/mongo/db/timeseries/write_ops/timeseries_write_ops_utils_internal.cpp; 31s linux-sandbox ... (94 actions, 93 running)
[7,749 / 8,912] Compiling src/mongo/db/global_catalog/sharding_catalog_client_impl.cpp; 30s linux-sandbox ... (97 actions, 95 running)
[7,755 / 8,912] Compiling src/mongo/db/exec/sbe/stages/window.cpp; 29s linux-sandbox ... (95 actions, 93 running)
[7,759 / 8,912] Compiling src/mongo/db/exec/sbe/stages/window.cpp; 31s linux-sandbox ... (97 actions, 96 running)
[7,766 / 8,912] Compiling src/mongo/db/query/plan_enumerator/plan_enumerator.cpp; 31s linux-sandbox ... (96 actions, 95 running)
[7,769 / 8,912] Compiling src/mongo/db/query/plan_enumerator/plan_enumerator.cpp; 32s linux-sandbox ... (96 actions, 95 running)
[7,773 / 8,912] Compiling src/mongo/db/query/plan_enumerator/plan_enumerator.cpp; 33s linux-sandbox ... (96 actions, 95 running)
[7,782 / 8,912] Compiling src/mongo/db/query/compiler/optimizer/join/reorder_joins.cpp; 29s linux-sandbox ... (95 actions, 94 running)
[7,805 / 8,912] Compiling src/mongo/db/query/stage_builder/sbe/gen_filter.cpp; 29s linux-sandbox ... (96 actions, 95 running)
[7,813 / 8,912] Compiling src/mongo/db/query/stage_builder/sbe/gen_filter.cpp; 30s linux-sandbox ... (96 actions, 95 running)
[7,820 / 8,912] Compiling src/mongo/db/query/stage_builder/sbe/gen_filter.cpp; 31s linux-sandbox ... (97 actions, 96 running)
[7,825 / 8,912] Compiling src/mongo/db/query/stage_builder/sbe/analysis.cpp; 29s linux-sandbox ... (96 actions, 95 running)
[7,827 / 8,912] Compiling src/mongo/db/query/stage_builder/sbe/analysis.cpp; 30s linux-sandbox ... (97 actions, 95 running)
[7,833 / 8,912] Compiling src/mongo/db/exec/express/plan_executor_express.cpp; 30s linux-sandbox ... (96 actions, 95 running)
[7,837 / 8,912] Compiling src/mongo/db/exec/express/plan_executor_express.cpp; 31s linux-sandbox ... (96 actions, 95 running)
[7,840 / 8,912] Compiling src/mongo/db/exec/express/plan_executor_express.cpp; 32s linux-sandbox ... (96 actions running)
[7,852 / 8,912] Compiling src/mongo/db/exec/express/plan_executor_express.cpp; 34s linux-sandbox ... (96 actions, 95 running)
[7,858 / 8,912] Compiling src/mongo/db/exec/express/plan_executor_express.cpp; 35s linux-sandbox ... (96 actions, 95 running)
[7,873 / 8,912] Compiling src/mongo/db/exec/express/plan_executor_express.cpp; 36s linux-sandbox ... (97 actions, 95 running)
[7,874 / 8,912] Compiling src/mongo/db/exec/express/plan_executor_express.cpp; 37s linux-sandbox ... (96 actions, 95 running)
[7,880 / 8,912] Compiling src/mongo/db/exec/express/plan_executor_express.cpp; 38s linux-sandbox ... (97 actions, 96 running)
[7,888 / 8,912] Compiling src/mongo/db/exec/express/plan_executor_express.cpp; 39s linux-sandbox ... (96 actions running)
[7,923 / 8,912] Compiling src/mongo/db/exec/express/plan_executor_express.cpp; 40s linux-sandbox ... (96 actions, 95 running)
[7,933 / 8,912] Compiling src/mongo/db/exec/express/plan_executor_express.cpp; 41s linux-sandbox ... (96 actions, 94 running)
[7,942 / 8,912] Compiling src/mongo/db/exec/express/plan_executor_express.cpp; 42s linux-sandbox ... (96 actions, 95 running)
[7,955 / 8,912] Compiling src/mongo/db/exec/express/plan_executor_express.cpp; 44s linux-sandbox ... (97 actions, 96 running)
[7,962 / 8,912] Compiling src/mongo/db/exec/express/plan_executor_express.cpp; 45s linux-sandbox ... (96 actions, 95 running)
[7,975 / 8,912] Compiling src/mongo/db/exec/express/plan_executor_express.cpp; 46s linux-sandbox ... (97 actions, 95 running)
[7,978 / 8,912] Compiling src/mongo/db/exec/express/plan_executor_express.cpp; 47s linux-sandbox ... (96 actions running)
[7,981 / 8,912] Compiling src/mongo/db/exec/express/plan_executor_express.cpp; 48s linux-sandbox ... (96 actions, 95 running)
[7,985 / 8,912] Compiling src/mongo/db/exec/express/plan_executor_express.cpp; 50s linux-sandbox ... (97 actions, 96 running)
[7,993 / 8,912] Compiling src/mongo/db/exec/express/plan_executor_express.cpp; 51s linux-sandbox ... (96 actions, 95 running)
[7,998 / 8,912] Compiling src/mongo/db/exec/express/plan_executor_express.cpp; 52s linux-sandbox ... (96 actions, 95 running)
[8,004 / 8,912] Compiling src/mongo/db/exec/express/plan_executor_express.cpp; 54s linux-sandbox ... (97 actions, 96 running)
[8,007 / 8,912] Compiling src/mongo/db/exec/express/plan_executor_express.cpp; 55s linux-sandbox ... (97 actions, 96 running)
[8,015 / 8,912] Compiling src/mongo/db/query/stage_builder/sbe/builder.cpp; 44s linux-sandbox ... (96 actions, 95 running)
[8,018 / 8,912] Compiling src/mongo/db/query/stage_builder/sbe/builder.cpp; 45s linux-sandbox ... (96 actions, 95 running)
[8,022 / 8,912] Compiling src/mongo/db/query/stage_builder/sbe/builder.cpp; 47s linux-sandbox ... (96 actions, 95 running)
[8,037 / 8,912] Compiling src/mongo/db/query/stage_builder/sbe/builder.cpp; 48s linux-sandbox ... (96 actions, 95 running)
[8,047 / 8,912] Compiling src/mongo/db/query/stage_builder/sbe/builder.cpp; 49s linux-sandbox ... (96 actions, 95 running)
[8,048 / 8,912] Compiling src/mongo/db/query/stage_builder/sbe/builder.cpp; 50s linux-sandbox ... (97 actions, 96 running)
[8,055 / 8,912] Compiling src/mongo/db/query/stage_builder/sbe/builder.cpp; 51s linux-sandbox ... (96 actions, 95 running)
[8,061 / 8,912] Compiling src/mongo/db/query/stage_builder/sbe/builder.cpp; 52s linux-sandbox ... (97 actions, 96 running)
[8,078 / 8,912] Compiling src/mongo/db/query/stage_builder/sbe/gen_expression.cpp; 42s linux-sandbox ... (96 actions, 95 running)
[8,088 / 8,912] Compiling src/mongo/db/query/stage_builder/sbe/gen_expression.cpp; 43s linux-sandbox ... (95 actions, 94 running)
[8,093 / 8,912] Compiling src/mongo/db/query/stage_builder/sbe/gen_expression.cpp; 44s linux-sandbox ... (96 actions, 95 running)
[8,107 / 8,912] Compiling src/mongo/db/query/stage_builder/sbe/gen_expression.cpp; 45s linux-sandbox ... (96 actions, 95 running)
[8,111 / 8,912] Compiling src/mongo/s/query/planner/cluster_aggregate.cpp; 46s linux-sandbox ... (96 actions, 94 running)
[8,116 / 8,912] Compiling src/mongo/db/index_builds/multi_index_block.cpp; 43s linux-sandbox ... (97 actions, 96 running)
[8,124 / 8,912] Compiling src/mongo/db/index_builds/multi_index_block.cpp; 44s linux-sandbox ... (95 actions running)
[8,131 / 8,912] Compiling src/mongo/db/fle_crud.cpp; 38s linux-sandbox ... (97 actions, 96 running)
[8,134 / 8,912] Compiling src/mongo/db/index_builds/index_builds_coordinator.cpp; 35s linux-sandbox ... (96 actions, 95 running)
[8,141 / 8,912] Compiling src/mongo/db/index_builds/index_builds_coordinator.cpp; 36s linux-sandbox ... (96 actions, 95 running)
[8,160 / 8,912] Compiling src/mongo/db/index_builds/index_builds_coordinator.cpp; 37s linux-sandbox ... (96 actions, 95 running)
[8,171 / 8,912] Compiling src/mongo/db/index_builds/index_builds_coordinator.cpp; 38s linux-sandbox ... (96 actions, 95 running)
[8,172 / 8,912] Compiling src/mongo/db/index_builds/index_builds_coordinator.cpp; 40s linux-sandbox ... (96 actions, 95 running)
[8,176 / 8,912] Compiling src/mongo/db/index_builds/index_builds_coordinator.cpp; 41s linux-sandbox ... (96 actions, 95 running)
[8,179 / 8,912] Compiling src/mongo/db/index_builds/index_builds_coordinator.cpp; 42s linux-sandbox ... (96 actions, 95 running)
[8,192 / 8,912] Compiling src/mongo/db/index_builds/index_builds_coordinator.cpp; 43s linux-sandbox ... (96 actions, 95 running)
[8,193 / 8,912] Compiling src/mongo/db/index_builds/index_builds_coordinator.cpp; 44s linux-sandbox ... (96 actions, 95 running)
[8,202 / 8,912] Compiling src/mongo/db/exec/sbe/stages/sort_stage_sort_impl.cpp; 39s linux-sandbox ... (95 actions, 94 running)
[8,214 / 8,912] Compiling src/mongo/db/exec/sbe/stages/sort_stage_sort_impl.cpp; 40s linux-sandbox ... (96 actions, 95 running)
[8,217 / 8,912] Compiling src/mongo/db/exec/sbe/stages/sort_stage_sort_impl.cpp; 41s linux-sandbox ... (96 actions, 95 running)
[8,220 / 8,912] Compiling src/mongo/db/exec/sbe/stages/sort_stage_sort_impl.cpp; 43s linux-sandbox ... (96 actions, 95 running)
[8,222 / 8,912] Compiling src/mongo/db/exec/sbe/stages/sort_stage_sort_impl.cpp; 44s linux-sandbox ... (97 actions, 96 running)
[8,228 / 8,912] Compiling src/mongo/db/exec/sbe/stages/sort_stage_sort_impl.cpp; 45s linux-sandbox ... (97 actions, 96 running)
[8,245 / 8,912] Compiling src/mongo/db/exec/sbe/stages/sort_stage_sort_impl.cpp; 46s linux-sandbox ... (94 actions running)
[8,248 / 8,912] Compiling src/mongo/db/exec/sbe/stages/sort_stage_sort_impl.cpp; 47s linux-sandbox ... (96 actions running)
[8,252 / 8,912] Compiling src/mongo/db/exec/sbe/stages/sort_stage_sort_impl.cpp; 48s linux-sandbox ... (96 actions, 95 running)
[8,258 / 8,912] Compiling src/mongo/db/exec/sbe/stages/sort_stage_sort_impl.cpp; 50s linux-sandbox ... (96 actions, 95 running)
[8,265 / 8,912] Compiling src/mongo/db/exec/sbe/stages/sort_stage_sort_impl.cpp; 51s linux-sandbox ... (95 actions, 94 running)
[8,268 / 8,912] Compiling src/mongo/db/exec/sbe/stages/sort_stage_sort_impl.cpp; 52s linux-sandbox ... (97 actions, 96 running)
[8,282 / 8,912] Compiling src/mongo/db/exec/sbe/stages/sort_stage_sort_impl.cpp; 53s linux-sandbox ... (96 actions, 95 running)
[8,283 / 8,912] Compiling src/mongo/db/exec/sbe/stages/sort_stage_sort_impl.cpp; 54s linux-sandbox ... (97 actions, 96 running)
[8,299 / 8,912] Compiling src/mongo/db/exec/sbe/stages/sort_stage_sort_impl.cpp; 55s linux-sandbox ... (97 actions, 96 running)
[8,309 / 8,912] Compiling src/mongo/s/write_ops/unified_write_executor/write_batch_response_processor.cpp; 33s linux-sandbox ... (96 actions running)
[8,318 / 8,912] Compiling src/mongo/s/write_ops/unified_write_executor/write_batch_response_processor.cpp; 34s linux-sandbox ... (97 actions, 95 running)
[8,321 / 8,912] Compiling src/mongo/s/write_ops/unified_write_executor/write_batch_response_processor.cpp; 35s linux-sandbox ... (97 actions, 95 running)
[8,327 / 8,912] Compiling src/mongo/s/write_ops/unified_write_executor/write_batch_response_processor.cpp; 36s linux-sandbox ... (96 actions, 95 running)
[8,329 / 8,912] Compiling src/mongo/s/write_ops/unified_write_executor/write_batch_response_processor.cpp; 38s linux-sandbox ... (97 actions, 96 running)
[8,331 / 8,912] Compiling src/mongo/s/write_ops/unified_write_executor/write_batch_response_processor.cpp; 39s linux-sandbox ... (96 actions, 95 running)
[8,335 / 8,912] Compiling src/mongo/db/query/write_ops/write_ops_exec.cpp; 38s linux-sandbox ... (95 actions, 94 running)
[8,339 / 8,912] Compiling src/mongo/db/query/write_ops/write_ops_exec.cpp; 39s linux-sandbox ... (97 actions, 95 running)
[8,345 / 8,912] Compiling src/mongo/db/query/write_ops/write_ops_exec.cpp; 40s linux-sandbox ... (96 actions, 95 running)
[8,353 / 8,912] Compiling src/mongo/db/query/write_ops/write_ops_exec.cpp; 42s linux-sandbox ... (96 actions, 95 running)
[8,365 / 8,912] Compiling src/mongo/db/repl/initial_sync/initial_syncer.cpp; 36s linux-sandbox ... (96 actions, 95 running)
[8,366 / 8,912] Compiling src/mongo/db/repl/initial_sync/initial_syncer.cpp; 37s linux-sandbox ... (96 actions, 95 running)
[8,370 / 8,912] Compiling src/mongo/db/repl/initial_sync/initial_syncer.cpp; 38s linux-sandbox ... (97 actions, 96 running)
[8,382 / 8,912] Compiling src/mongo/db/repl/initial_sync/initial_syncer.cpp; 39s linux-sandbox ... (96 actions, 95 running)
[8,385 / 8,912] Compiling src/mongo/db/repl/initial_sync/initial_syncer.cpp; 41s linux-sandbox ... (97 actions, 96 running)
[8,390 / 8,912] Compiling src/mongo/db/repl/initial_sync/initial_syncer.cpp; 42s linux-sandbox ... (96 actions, 95 running)
[8,398 / 8,912] Compiling src/mongo/db/exec/classic/multi_plan.cpp; 33s linux-sandbox ... (97 actions, 96 running)
[8,399 / 8,912] Compiling src/mongo/db/repl/replication_coordinator_impl.cpp; 32s linux-sandbox ... (97 actions, 96 running)
[8,404 / 8,912] Compiling src/mongo/db/repl/replication_coordinator_impl.cpp; 33s linux-sandbox ... (97 actions, 96 running)
[8,409 / 8,912] Compiling src/mongo/db/repl/replication_coordinator_impl.cpp; 34s linux-sandbox ... (96 actions, 95 running)
[8,420 / 8,912] Compiling src/mongo/db/repl/replication_coordinator_impl.cpp; 35s linux-sandbox ... (97 actions, 96 running)
[8,424 / 8,912] Compiling src/mongo/db/repl/replication_coordinator_impl.cpp; 37s linux-sandbox ... (96 actions, 95 running)
[8,428 / 8,912] Compiling src/mongo/db/repl/replication_coordinator_impl.cpp; 38s linux-sandbox ... (96 actions, 95 running)
[8,432 / 8,912] Compiling src/mongo/db/repl/replication_coordinator_impl.cpp; 39s linux-sandbox ... (95 actions, 94 running)
[8,441 / 8,912] Compiling src/mongo/db/repl/replication_coordinator_impl.cpp; 40s linux-sandbox ... (97 actions, 96 running)
[8,445 / 8,912] Compiling src/mongo/db/repl/replication_coordinator_impl.cpp; 41s linux-sandbox ... (96 actions, 95 running)
[8,453 / 8,912] Compiling src/mongo/db/repl/replication_coordinator_impl.cpp; 42s linux-sandbox ... (97 actions, 96 running)
[8,457 / 8,912] Compiling src/mongo/db/repl/replication_coordinator_impl.cpp; 44s linux-sandbox ... (96 actions, 95 running)
[8,458 / 8,912] Compiling src/mongo/db/repl/replication_coordinator_impl.cpp; 45s linux-sandbox ... (97 actions, 96 running)
[8,461 / 8,912] Compiling src/mongo/db/repl/replication_coordinator_impl.cpp; 46s linux-sandbox ... (97 actions, 96 running)
[8,464 / 8,912] Compiling src/mongo/db/repl/replication_coordinator_impl.cpp; 47s linux-sandbox ... (96 actions, 94 running)
[8,472 / 8,912] Compiling src/mongo/db/repl/replication_coordinator_impl.cpp; 48s linux-sandbox ... (96 actions running)
[8,478 / 8,912] Compiling src/mongo/db/s/resharding/resharding_coordinator_part_2.cpp; 41s linux-sandbox ... (96 actions running)
[8,492 / 8,912] Compiling src/mongo/db/s/resharding/resharding_coordinator_part_3.cpp; 41s linux-sandbox ... (96 actions, 95 running)
[8,501 / 8,912] Compiling src/mongo/db/s/resharding/resharding_coordinator_part_3.cpp; 42s linux-sandbox ... (96 actions, 95 running)
[8,508 / 8,912] Compiling src/mongo/db/s/resharding/resharding_coordinator_part_3.cpp; 43s linux-sandbox ... (96 actions, 95 running)
[8,511 / 8,912] Compiling src/mongo/db/s/resharding/resharding_coordinator_part_3.cpp; 44s linux-sandbox ... (95 actions, 94 running)
[8,518 / 8,912] Compiling src/mongo/db/s/resharding/resharding_coordinator_part_3.cpp; 45s linux-sandbox ... (96 actions, 94 running)
[8,520 / 8,912] Compiling src/mongo/db/s/resharding/resharding_coordinator_part_3.cpp; 46s linux-sandbox ... (96 actions, 95 running)
[8,523 / 8,912] Compiling src/mongo/db/s/resharding/resharding_coordinator_part_3.cpp; 48s linux-sandbox ... (96 actions, 95 running)
[8,527 / 8,912] Compiling src/mongo/db/s/resharding/resharding_coordinator_part_3.cpp; 49s linux-sandbox ... (96 actions, 95 running)
[8,534 / 8,912] Compiling src/mongo/db/s/resharding/resharding_coordinator_part_3.cpp; 50s linux-sandbox ... (97 actions, 96 running)
[8,541 / 8,912] Compiling src/mongo/db/s/resharding/resharding_coordinator_part_1.cpp; 49s linux-sandbox ... (94 actions, 93 running)
[8,547 / 8,912] Compiling src/mongo/db/s/resharding/resharding_coordinator_part_1.cpp; 50s linux-sandbox ... (97 actions, 96 running)
[8,551 / 8,912] Compiling src/mongo/db/s/resharding/resharding_coordinator_part_1.cpp; 51s linux-sandbox ... (95 actions, 94 running)
[8,556 / 8,912] Compiling src/mongo/db/s/resharding/resharding_coordinator_part_1.cpp; 52s linux-sandbox ... (97 actions, 96 running)
[8,558 / 8,912] Compiling src/mongo/db/s/resharding/resharding_coordinator_part_1.cpp; 53s linux-sandbox ... (96 actions, 95 running)
[8,564 / 8,912] Compiling src/mongo/db/s/resharding/resharding_coordinator_part_1.cpp; 54s linux-sandbox ... (96 actions, 95 running)
[8,569 / 8,912] Compiling src/mongo/db/s/resharding/resharding_recipient_service.cpp; 46s linux-sandbox ... (96 actions, 95 running)
[8,571 / 8,912] Compiling src/mongo/db/s/resharding/resharding_recipient_service.cpp; 48s linux-sandbox ... (96 actions, 95 running)
[8,577 / 8,912] Compiling src/mongo/db/s/resharding/resharding_recipient_service.cpp; 49s linux-sandbox ... (96 actions, 95 running)
[8,583 / 8,912] Compiling src/mongo/db/s/resharding/resharding_recipient_service.cpp; 50s linux-sandbox ... (97 actions, 96 running)
[8,586 / 8,912] Compiling src/mongo/db/s/resharding/resharding_recipient_service.cpp; 51s linux-sandbox ... (97 actions, 96 running)
[8,589 / 8,912] Compiling src/mongo/db/s/resharding/resharding_recipient_service.cpp; 52s linux-sandbox ... (97 actions, 95 running)
[8,594 / 8,912] Compiling src/mongo/db/s/resharding/resharding_recipient_service.cpp; 53s linux-sandbox ... (96 actions running)
[8,604 / 8,912] Compiling src/mongo/db/s/resharding/resharding_recipient_service.cpp; 54s linux-sandbox ... (96 actions, 95 running)
[8,613 / 8,912] Compiling src/mongo/db/s/resharding/resharding_recipient_service.cpp; 55s linux-sandbox ... (96 actions, 95 running)
[8,616 / 8,912] Compiling src/mongo/db/s/resharding/resharding_recipient_service.cpp; 56s linux-sandbox ... (96 actions, 95 running)
[8,619 / 8,912] Compiling src/mongo/db/commands/query_cmd/run_aggregate.cpp; 47s linux-sandbox ... (96 actions, 95 running)
[8,627 / 8,912] Compiling src/mongo/db/commands/query_cmd/run_aggregate.cpp; 48s linux-sandbox ... (94 actions running)
[8,637 / 8,912] Compiling src/mongo/db/global_catalog/ddl/sharding_ddl_util.cpp; 45s linux-sandbox ... (96 actions, 95 running)
[8,639 / 8,912] Compiling src/mongo/db/global_catalog/ddl/sharding_ddl_util.cpp; 46s linux-sandbox ... (97 actions, 96 running)
[8,643 / 8,912] Compiling src/mongo/db/global_catalog/ddl/sharding_ddl_util.cpp; 47s linux-sandbox ... (96 actions, 94 running)
[8,651 / 8,912] Compiling src/mongo/db/global_catalog/ddl/sharding_ddl_util.cpp; 48s linux-sandbox ... (95 actions, 94 running)
[8,659 / 8,912] Compiling src/mongo/db/global_catalog/ddl/sharding_ddl_util.cpp; 49s linux-sandbox ... (96 actions, 95 running)
[8,665 / 8,912] Compiling src/mongo/db/global_catalog/ddl/sharding_ddl_util.cpp; 50s linux-sandbox ... (96 actions, 94 running)
[8,667 / 8,912] Compiling src/mongo/db/global_catalog/ddl/sharding_ddl_util.cpp; 51s linux-sandbox ... (96 actions, 95 running)
[8,673 / 8,912] Compiling src/mongo/db/global_catalog/ddl/sharding_ddl_util.cpp; 52s linux-sandbox ... (96 actions, 95 running)
[8,676 / 8,912] Compiling src/mongo/db/global_catalog/ddl/sharding_ddl_util.cpp; 54s linux-sandbox ... (96 actions, 95 running)
[8,679 / 8,912] Compiling src/mongo/db/global_catalog/ddl/sharding_ddl_util.cpp; 55s linux-sandbox ... (96 actions, 95 running)
[8,685 / 8,912] Compiling src/mongo/db/global_catalog/ddl/sharding_ddl_util.cpp; 56s linux-sandbox ... (97 actions, 96 running)
[8,687 / 8,912] Compiling src/mongo/db/global_catalog/ddl/sharding_ddl_util.cpp; 57s linux-sandbox ... (97 actions, 95 running)
[8,693 / 8,912] Compiling src/mongo/db/global_catalog/ddl/sharding_ddl_util.cpp; 58s linux-sandbox ... (95 actions, 94 running)
[8,696 / 8,912] Compiling src/mongo/db/global_catalog/ddl/sharding_ddl_util.cpp; 59s linux-sandbox ... (95 actions running)
[8,703 / 8,912] Compiling src/mongo/db/global_catalog/ddl/sharding_ddl_util.cpp; 60s linux-sandbox ... (97 actions, 96 running)
[8,708 / 8,912] Compiling src/mongo/db/global_catalog/ddl/sharding_ddl_util.cpp; 61s linux-sandbox ... (96 actions, 95 running)
[8,712 / 8,912] Compiling src/mongo/db/global_catalog/ddl/sharding_ddl_util.cpp; 62s linux-sandbox ... (96 actions, 95 running)
[8,713 / 8,912] Compiling src/mongo/db/global_catalog/ddl/sharding_ddl_util.cpp; 64s linux-sandbox ... (96 actions, 95 running)
[8,718 / 8,912] Compiling src/mongo/db/global_catalog/ddl/sharding_ddl_util.cpp; 65s linux-sandbox ... (97 actions, 96 running)
[8,719 / 8,912] Compiling src/mongo/db/global_catalog/ddl/sharding_ddl_util.cpp; 66s linux-sandbox ... (96 actions, 95 running)
[8,721 / 8,912] Compiling src/mongo/db/global_catalog/ddl/sharding_ddl_util.cpp; 67s linux-sandbox ... (96 actions, 95 running)
[8,731 / 8,912] Compiling src/mongo/db/global_catalog/ddl/sharding_ddl_util.cpp; 68s linux-sandbox ... (96 actions running)
[8,741 / 8,912] Compiling src/mongo/db/global_catalog/ddl/sharding_ddl_util.cpp; 70s linux-sandbox ... (97 actions, 96 running)
[8,742 / 8,912] Compiling src/mongo/db/global_catalog/ddl/sharding_ddl_util.cpp; 71s linux-sandbox ... (97 actions, 96 running)
[8,745 / 8,912] Compiling src/mongo/db/global_catalog/ddl/sharding_ddl_util.cpp; 72s linux-sandbox ... (96 actions running)
[8,752 / 8,912] Compiling src/mongo/db/global_catalog/ddl/sharding_ddl_util.cpp; 73s linux-sandbox ... (96 actions, 95 running)
[8,756 / 8,912] Compiling src/mongo/db/global_catalog/ddl/sharding_ddl_util.cpp; 75s linux-sandbox ... (95 actions, 94 running)
[8,764 / 8,912] Compiling src/mongo/db/global_catalog/ddl/sharding_ddl_util.cpp; 76s linux-sandbox ... (96 actions, 95 running)
[8,768 / 8,912] Compiling src/mongo/db/global_catalog/ddl/sharding_ddl_util.cpp; 77s linux-sandbox ... (95 actions, 94 running)
[8,780 / 8,912] Compiling src/mongo/db/global_catalog/metadata_consistency_validation/metadata_consistency_util.cpp; 41s linux-sandbox ... (95 actions, 94 running)
[8,789 / 8,912] Compiling src/mongo/db/global_catalog/metadata_consistency_validation/metadata_consistency_util.cpp; 42s linux-sandbox ... (96 actions running)
[8,792 / 8,912] Compiling src/mongo/db/global_catalog/metadata_consistency_validation/metadata_consistency_util.cpp; 43s linux-sandbox ... (96 actions, 95 running)
[8,798 / 8,912] Compiling src/mongo/db/global_catalog/metadata_consistency_validation/metadata_consistency_util.cpp; 44s linux-sandbox ... (96 actions, 95 running)
[8,804 / 8,912] Compiling src/mongo/db/global_catalog/metadata_consistency_validation/metadata_consistency_util.cpp; 46s linux-sandbox ... (96 actions, 95 running)
[8,811 / 8,912] Compiling src/mongo/db/global_catalog/metadata_consistency_validation/metadata_consistency_util.cpp; 47s linux-sandbox ... (96 actions, 95 running)
[8,813 / 8,912] Compiling src/mongo/db/global_catalog/metadata_consistency_validation/metadata_consistency_util.cpp; 48s linux-sandbox ... (97 actions, 95 running)
[8,817 / 8,912] Compiling src/mongo/db/s/resharding/resharding_coordinator_command_util.cpp; 46s linux-sandbox ... (93 actions running)
[8,819 / 8,912] Compiling src/mongo/db/s/resharding/resharding_coordinator_command_util.cpp; 47s linux-sandbox ... (91 actions running)
[8,822 / 8,912] Compiling src/mongo/db/s/resharding/resharding_coordinator_command_util.cpp; 48s linux-sandbox ... (88 actions running)
[8,827 / 8,912] Compiling src/mongo/db/s/resharding/resharding_coordinator_command_util.cpp; 49s linux-sandbox ... (83 actions running)
[8,829 / 8,912] Compiling src/mongo/db/s/resharding/resharding_coordinator_command_util.cpp; 50s linux-sandbox ... (81 actions running)
[8,832 / 8,912] Compiling src/mongo/db/s/resharding/resharding_coordinator_command_util.cpp; 52s linux-sandbox ... (78 actions running)
[8,847 / 8,912] Compiling src/mongo/db/s/resharding/resharding_coordinator_command_util.cpp; 54s linux-sandbox ... (63 actions running)
[8,853 / 8,912] Compiling src/mongo/db/s/resharding/resharding_coordinator_command_util.cpp; 56s linux-sandbox ... (57 actions running)
[8,865 / 8,912] Compiling src/mongo/db/global_catalog/ddl/rename_collection_coordinator.cpp; 49s linux-sandbox ... (45 actions running)
[8,870 / 8,912] Compiling src/mongo/db/global_catalog/ddl/rename_collection_coordinator.cpp; 50s linux-sandbox ... (40 actions running)
[8,882 / 8,912] Compiling src/mongo/db/global_catalog/ddl/convert_to_capped_coordinator.cpp; 39s linux-sandbox ... (28 actions running)
[8,890 / 8,912] Compiling src/mongo/db/global_catalog/ddl/sharding_coordinator_service.cpp; 37s linux-sandbox ... (20 actions running)
[8,898 / 8,912] Compiling src/mongo/db/global_catalog/ddl/shardsvr_merge_all_chunks_on_shard_command.cpp; 25s linux-sandbox ... (12 actions running)
[8,907 / 8,912] Compiling src/mongo/db/global_catalog/ddl/split_chunk_coordinator.cpp; 22s linux-sandbox ... (3 actions running)
[8,909 / 8,912] Compiling src/mongo/db/global_catalog/ddl/timeseries_upgrade_downgrade_coordinator.cpp; 24s linux-sandbox
[8,910 / 8,912] [Prepa] Linking src/mongo/db/query/count_query_bm_with_debug
[8,910 / 8,912] Linking src/mongo/db/query/count_query_bm_with_debug; 1s local
[8,911 / 8,912] [Prepa] Creating symlink bazel-out/k8-opt/bin/src/mongo/db/query/count_query_bm
INFO: Found 1 target...
Target //src/mongo/db/query:count_query_bm up-to-date:
  bazel-bin/src/mongo/db/query/count_query_bm
INFO: Elapsed time: 314.002s, Critical Path: 80.77s
INFO: 1001 processes: 3 internal, 997 linux-sandbox, 1 local.
INFO: Build completed successfully, 1001 total actions
