[0;32mINFO:[0m running wrapper hook...
INFO: pre-build generation: 600.4 ms
Computing main repo mapping: 
Loading: 
Loading: 1 packages loaded
Analyzing: target //src/mongo/db/query:count_query_bm (2 packages loaded, 0 targets configured)
Analyzing: target //src/mongo/db/query:count_query_bm (2 packages loaded, 0 targets configured)

Analyzing: target //src/mongo/db/query:count_query_bm (356 packages loaded, 45556 targets configured)

INFO: Analyzed target //src/mongo/db/query:count_query_bm (356 packages loaded, 46414 targets configured).
[1 / 1] no actions running
[2,290 / 8,858] [Scann] Compiling src/mongo/db/s/resharding/resharding_change_event_o2_field_gen.cpp
[4,576 / 8,903] Compiling src/mongo/db/s/resharding/resharding_change_event_o2_field_gen.cpp; 0s linux-sandbox ... (17 actions, 15 running)
[6,387 / 8,912] Compiling src/mongo/db/s/resharding/resharding_change_event_o2_field_gen.cpp; 1s linux-sandbox ... (56 actions, 51 running)
[7,128 / 8,912] Compiling src/mongo/db/s/resharding/resharding_change_event_o2_field_gen.cpp; 2s linux-sandbox ... (87 actions, 83 running)
[7,204 / 8,912] Compiling src/mongo/db/s/resharding/resharding_change_event_o2_field_gen.cpp; 4s linux-sandbox ... (97 actions, 96 running)
[7,204 / 8,912] Compiling src/mongo/db/s/resharding/resharding_change_event_o2_field_gen.cpp; 5s linux-sandbox ... (97 actions, 96 running)
[7,205 / 8,912] Compiling src/mongo/db/s/resharding/resharding_change_event_o2_field_gen.cpp; 7s linux-sandbox ... (96 actions, 95 running)
[7,206 / 8,912] Compiling src/mongo/db/s/resharding/resharding_change_event_o2_field_gen.cpp; 8s linux-sandbox ... (97 actions, 96 running)
[7,207 / 8,912] Compiling src/mongo/db/s/resharding/resharding_change_event_o2_field_gen.cpp; 15s linux-sandbox ... (96 actions, 95 running)
[7,209 / 8,912] Compiling src/mongo/db/s/resharding/resharding_change_event_o2_field_gen.cpp; 16s linux-sandbox ... (97 actions, 96 running)
[7,210 / 8,912] Compiling src/mongo/db/s/resharding/resharding_change_event_o2_field_gen.cpp; 23s linux-sandbox ... (96 actions, 95 running)
[7,214 / 8,912] Compiling src/mongo/db/index/index_bulk_builder_metrics.cpp; 23s linux-sandbox ... (97 actions, 95 running)
[7,225 / 8,912] Compiling src/mongo/db/index/index_bulk_builder_metrics.cpp; 24s linux-sandbox ... (97 actions, 93 running)
[7,249 / 8,912] Compiling src/mongo/db/index/index_bulk_builder_metrics.cpp; 25s linux-sandbox ... (94 actions running)
[7,273 / 8,912] Compiling src/mongo/db/index/index_bulk_builder_metrics.cpp; 26s linux-sandbox ... (96 actions, 95 running)
[7,302 / 8,912] Compiling src/mongo/db/admission/flow_control.cpp; 27s linux-sandbox ... (96 actions, 94 running)
[7,337 / 8,912] Compiling src/mongo/util/net/ssl_manager.cpp; 28s linux-sandbox ... (97 actions, 96 running)
[7,346 / 8,912] Compiling src/mongo/crypto/fle_crypto.cpp; 29s linux-sandbox ... (97 actions, 96 running)
[7,392 / 8,912] Compiling src/mongo/crypto/fle_crypto.cpp; 30s linux-sandbox ... (94 actions, 93 running)
[7,406 / 8,912] Compiling src/mongo/crypto/fle_crypto.cpp; 32s linux-sandbox ... (96 actions, 95 running)
[7,411 / 8,912] Compiling src/mongo/crypto/fle_crypto.cpp; 33s linux-sandbox ... (96 actions, 95 running)
[7,416 / 8,912] Compiling src/mongo/crypto/fle_crypto.cpp; 34s linux-sandbox ... (97 actions, 95 running)
[7,418 / 8,912] Compiling src/mongo/crypto/fle_crypto.cpp; 35s linux-sandbox ... (96 actions, 95 running)
[7,420 / 8,912] Compiling src/mongo/transport/asio/asio_session_impl.cpp; 35s linux-sandbox ... (96 actions, 95 running)
[7,420 / 8,912] Compiling src/mongo/transport/asio/asio_session_impl.cpp; 36s linux-sandbox ... (97 actions, 96 running)
[7,421 / 8,912] Compiling src/mongo/transport/asio/asio_session_impl.cpp; 37s linux-sandbox ... (97 actions, 96 running)
[7,422 / 8,912] Compiling src/mongo/transport/asio/asio_session_impl.cpp; 38s linux-sandbox ... (96 actions, 95 running)
[7,424 / 8,912] Compiling src/mongo/transport/asio/asio_session_impl.cpp; 39s linux-sandbox ... (97 actions, 96 running)
[7,427 / 8,912] Compiling src/mongo/transport/asio/asio_session_impl.cpp; 40s linux-sandbox ... (97 actions, 96 running)
[7,431 / 8,912] Compiling src/mongo/transport/asio/asio_session_impl.cpp; 42s linux-sandbox ... (96 actions, 95 running)
[7,439 / 8,912] Compiling src/mongo/transport/asio/asio_session_impl.cpp; 43s linux-sandbox ... (97 actions, 96 running)
[7,444 / 8,912] Compiling src/mongo/db/pipeline/expression.cpp; 44s linux-sandbox ... (96 actions, 95 running)
[7,447 / 8,912] Compiling src/mongo/db/pipeline/expression.cpp; 45s linux-sandbox ... (95 actions, 94 running)
[7,470 / 8,912] Compiling src/mongo/db/pipeline/expression.cpp; 46s linux-sandbox ... (95 actions running)
[7,483 / 8,912] Compiling src/mongo/db/pipeline/expression.cpp; 47s linux-sandbox ... (95 actions running)
[7,509 / 8,912] Compiling src/mongo/db/pipeline/expression.cpp; 48s linux-sandbox ... (94 actions, 93 running)
[7,529 / 8,912] Compiling src/mongo/db/pipeline/expression.cpp; 49s linux-sandbox ... (95 actions running)
[7,546 / 8,912] Compiling src/mongo/db/pipeline/expression.cpp; 50s linux-sandbox ... (95 actions, 93 running)
[7,567 / 8,912] Compiling src/mongo/db/pipeline/expression.cpp; 51s linux-sandbox ... (94 actions, 93 running)
[7,577 / 8,912] Compiling src/mongo/db/pipeline/expression.cpp; 52s linux-sandbox ... (95 actions, 94 running)
[7,591 / 8,912] Compiling src/mongo/db/pipeline/expression.cpp; 54s linux-sandbox ... (96 actions running)
[7,597 / 8,912] Compiling src/mongo/db/pipeline/expression.cpp; 55s linux-sandbox ... (96 actions, 95 running)
[7,607 / 8,912] Compiling src/mongo/db/pipeline/expression.cpp; 56s linux-sandbox ... (96 actions, 95 running)
[7,619 / 8,912] Compiling src/mongo/db/pipeline/expression.cpp; 57s linux-sandbox ... (96 actions, 95 running)
[7,624 / 8,912] Compiling src/mongo/db/query/compiler/physical_model/query_solution/query_solution.cpp; 34s linux-sandbox ... (96 actions, 95 running)
[7,631 / 8,912] Compiling src/mongo/db/query/compiler/physical_model/query_solution/query_solution.cpp; 35s linux-sandbox ... (96 actions, 95 running)
[7,636 / 8,912] Compiling src/mongo/db/shard_role/shard_catalog/collection_catalog.cpp; 36s linux-sandbox ... (97 actions, 96 running)
[7,642 / 8,912] Compiling src/mongo/db/shard_role/shard_catalog/collection_catalog.cpp; 37s linux-sandbox ... (97 actions, 96 running)
[7,646 / 8,912] Compiling src/mongo/db/shard_role/shard_catalog/collection_catalog.cpp; 38s linux-sandbox ... (95 actions, 94 running)
[7,651 / 8,912] Compiling src/mongo/db/shard_role/shard_catalog/collection_catalog.cpp; 39s linux-sandbox ... (96 actions, 94 running)
[7,667 / 8,912] Compiling src/mongo/db/shard_role/shard_catalog/collection_catalog.cpp; 41s linux-sandbox ... (97 actions, 96 running)
[7,668 / 8,912] Compiling src/mongo/db/shard_role/shard_catalog/collection_catalog.cpp; 42s linux-sandbox ... (97 actions, 96 running)
[7,669 / 8,912] Compiling src/mongo/db/shard_role/shard_catalog/collection_catalog.cpp; 44s linux-sandbox ... (96 actions, 95 running)
[7,679 / 8,912] Compiling src/mongo/db/shard_role/shard_catalog/collection_catalog.cpp; 45s linux-sandbox ... (96 actions running)
[7,685 / 8,912] Compiling src/mongo/db/pipeline/window_function/window_function_expression.cpp; 27s linux-sandbox ... (96 actions, 95 running)
[7,696 / 8,912] Compiling src/mongo/db/pipeline/window_function/window_function_expression.cpp; 28s linux-sandbox ... (96 actions, 95 running)
[7,700 / 8,912] Compiling src/mongo/db/pipeline/window_function/window_function_expression.cpp; 29s linux-sandbox ... (96 actions, 95 running)
[7,710 / 8,912] Compiling src/mongo/db/shard_role/shard_role.cpp; 28s linux-sandbox ... (94 actions, 93 running)
[7,731 / 8,912] Compiling src/mongo/db/shard_role/shard_role.cpp; 29s linux-sandbox ... (97 actions, 96 running)
[7,741 / 8,912] Compiling src/mongo/db/shard_role/shard_role.cpp; 30s linux-sandbox ... (96 actions, 95 running)
[7,753 / 8,912] Compiling src/mongo/db/shard_role/shard_role.cpp; 31s linux-sandbox ... (97 actions, 95 running)
[7,763 / 8,912] Compiling src/mongo/db/shard_role/shard_role.cpp; 32s linux-sandbox ... (97 actions, 95 running)
[7,769 / 8,912] Compiling src/mongo/db/shard_role/shard_role.cpp; 33s linux-sandbox ... (95 actions, 94 running)
[7,787 / 8,912] Compiling src/mongo/db/query/plan_enumerator/plan_enumerator.cpp; 30s linux-sandbox ... (94 actions, 93 running)
[7,795 / 8,912] Compiling src/mongo/db/exec/sbe/stages/block_hashagg.cpp; 30s linux-sandbox ... (96 actions, 95 running)
[7,800 / 8,912] Compiling src/mongo/db/exec/sbe/stages/block_hashagg.cpp; 31s linux-sandbox ... (97 actions, 96 running)
[7,806 / 8,912] Compiling src/mongo/db/global_catalog/ddl/cluster_ddl.cpp; 31s linux-sandbox ... (97 actions, 96 running)
[7,820 / 8,912] Compiling src/mongo/db/global_catalog/ddl/cluster_ddl.cpp; 32s linux-sandbox ... (97 actions, 96 running)
[7,828 / 8,912] Compiling src/mongo/db/query/stage_builder/sbe/gen_helpers.cpp; 31s linux-sandbox ... (96 actions, 95 running)
[7,830 / 8,912] Compiling src/mongo/db/query/stage_builder/sbe/gen_helpers.cpp; 32s linux-sandbox ... (96 actions, 95 running)
[7,845 / 8,912] Compiling src/mongo/db/query/stage_builder/sbe/gen_helpers.cpp; 33s linux-sandbox ... (96 actions, 95 running)
[7,847 / 8,912] Compiling src/mongo/db/query/stage_builder/sbe/analysis.cpp; 30s linux-sandbox ... (97 actions, 96 running)
[7,853 / 8,912] Compiling src/mongo/db/exec/single_doc_lookup/sbe_single_document_lookup_executor.cpp; 28s linux-sandbox ... (96 actions, 95 running)
[7,856 / 8,912] Compiling src/mongo/db/exec/single_doc_lookup/sbe_single_document_lookup_executor.cpp; 29s linux-sandbox ... (96 actions running)
[7,857 / 8,912] Compiling src/mongo/db/exec/single_doc_lookup/sbe_single_document_lookup_executor.cpp; 30s linux-sandbox ... (96 actions, 95 running)
[7,859 / 8,912] Compiling src/mongo/db/query/stage_builder/sbe/builder.cpp; 31s linux-sandbox ... (96 actions, 95 running)
[7,861 / 8,912] Compiling src/mongo/db/query/stage_builder/sbe/builder.cpp; 32s linux-sandbox ... (97 actions, 96 running)
[7,872 / 8,912] Compiling src/mongo/db/query/stage_builder/sbe/builder.cpp; 33s linux-sandbox ... (97 actions, 96 running)
[7,879 / 8,912] Compiling src/mongo/db/query/stage_builder/sbe/builder.cpp; 34s linux-sandbox ... (95 actions, 94 running)
[7,893 / 8,912] Compiling src/mongo/db/query/stage_builder/sbe/builder.cpp; 35s linux-sandbox ... (95 actions, 94 running)
[7,898 / 8,912] Compiling src/mongo/db/query/stage_builder/sbe/builder.cpp; 36s linux-sandbox ... (95 actions, 94 running)
[7,904 / 8,912] Compiling src/mongo/db/query/stage_builder/sbe/builder.cpp; 37s linux-sandbox ... (96 actions running)
[7,913 / 8,912] Compiling src/mongo/db/query/stage_builder/sbe/builder.cpp; 38s linux-sandbox ... (96 actions, 94 running)
[7,918 / 8,912] Compiling src/mongo/db/query/stage_builder/sbe/builder.cpp; 39s linux-sandbox ... (97 actions, 96 running)
[7,929 / 8,912] Compiling src/mongo/db/query/stage_builder/sbe/builder.cpp; 40s linux-sandbox ... (96 actions running)
[7,938 / 8,912] Compiling src/mongo/db/query/stage_builder/sbe/builder.cpp; 41s linux-sandbox ... (95 actions, 94 running)
[7,942 / 8,912] Compiling src/mongo/db/query/stage_builder/sbe/builder.cpp; 42s linux-sandbox ... (96 actions, 95 running)
[7,949 / 8,912] Compiling src/mongo/db/query/stage_builder/sbe/builder.cpp; 43s linux-sandbox ... (95 actions, 94 running)
[7,956 / 8,912] Compiling src/mongo/db/query/stage_builder/sbe/builder.cpp; 45s linux-sandbox ... (96 actions, 95 running)
[7,976 / 8,912] Compiling src/mongo/db/query/stage_builder/sbe/builder.cpp; 46s linux-sandbox ... (96 actions running)
[7,982 / 8,912] Compiling src/mongo/db/query/stage_builder/sbe/builder.cpp; 47s linux-sandbox ... (96 actions, 95 running)
[8,001 / 8,912] Compiling src/mongo/db/query/stage_builder/sbe/builder.cpp; 48s linux-sandbox ... (97 actions, 96 running)
[8,005 / 8,912] Compiling src/mongo/db/query/stage_builder/sbe/builder.cpp; 49s linux-sandbox ... (96 actions, 95 running)
[8,011 / 8,912] Compiling src/mongo/db/query/stage_builder/sbe/builder.cpp; 50s linux-sandbox ... (95 actions running)
[8,026 / 8,912] Compiling src/mongo/db/query/stage_builder/sbe/builder.cpp; 51s linux-sandbox ... (96 actions, 95 running)
[8,028 / 8,912] Compiling src/mongo/db/query/query_planner.cpp; 43s linux-sandbox ... (96 actions, 95 running)
[8,035 / 8,912] Compiling src/mongo/db/exec/express/plan_executor_express.cpp; 42s linux-sandbox ... (97 actions, 96 running)
[8,038 / 8,912] Compiling src/mongo/db/exec/express/plan_executor_express.cpp; 43s linux-sandbox ... (97 actions, 96 running)
[8,045 / 8,912] Compiling src/mongo/db/exec/express/plan_executor_express.cpp; 44s linux-sandbox ... (95 actions, 94 running)
[8,052 / 8,912] Compiling src/mongo/db/exec/express/plan_executor_express.cpp; 45s linux-sandbox ... (97 actions, 96 running)
[8,056 / 8,912] Compiling src/mongo/db/exec/express/plan_executor_express.cpp; 46s linux-sandbox ... (97 actions, 96 running)
[8,057 / 8,912] Compiling src/mongo/db/exec/express/plan_executor_express.cpp; 47s linux-sandbox ... (97 actions, 96 running)
[8,062 / 8,912] Compiling src/mongo/db/exec/express/plan_executor_express.cpp; 48s linux-sandbox ... (96 actions, 95 running)
[8,073 / 8,912] Compiling src/mongo/db/exec/express/plan_executor_express.cpp; 50s linux-sandbox ... (95 actions, 94 running)
[8,076 / 8,912] Compiling src/mongo/db/exec/express/plan_executor_express.cpp; 51s linux-sandbox ... (97 actions, 96 running)
[8,080 / 8,912] Compiling src/mongo/db/exec/express/plan_executor_express.cpp; 52s linux-sandbox ... (96 actions, 95 running)
[8,088 / 8,912] Compiling src/mongo/db/exec/express/plan_executor_express.cpp; 53s linux-sandbox ... (96 actions running)
[8,096 / 8,912] Compiling src/mongo/db/exec/express/plan_executor_express.cpp; 54s linux-sandbox ... (96 actions, 95 running)
[8,106 / 8,912] Compiling src/mongo/db/exec/express/plan_executor_express.cpp; 56s linux-sandbox ... (96 actions running)
[8,128 / 8,912] Compiling src/mongo/db/exec/sbe/stages/sort_stage_sort_impl.cpp; 46s linux-sandbox ... (95 actions, 94 running)
[8,132 / 8,912] Compiling src/mongo/db/exec/sbe/stages/sort_stage_sort_impl.cpp; 47s linux-sandbox ... (96 actions, 95 running)
[8,137 / 8,912] Compiling src/mongo/db/exec/sbe/stages/sort_stage_sort_impl.cpp; 48s linux-sandbox ... (96 actions, 95 running)
[8,142 / 8,912] Compiling src/mongo/db/exec/sbe/stages/sort_stage_sort_impl.cpp; 49s linux-sandbox ... (95 actions, 94 running)
[8,152 / 8,912] Compiling src/mongo/db/exec/sbe/stages/sort_stage_sort_impl.cpp; 50s linux-sandbox ... (96 actions running)
[8,162 / 8,912] Compiling src/mongo/db/exec/sbe/stages/sort_stage_sort_impl.cpp; 51s linux-sandbox ... (97 actions, 96 running)
[8,165 / 8,912] Compiling src/mongo/db/exec/sbe/stages/sort_stage_sort_impl.cpp; 52s linux-sandbox ... (96 actions, 95 running)
[8,168 / 8,912] Compiling src/mongo/db/exec/sbe/stages/sort_stage_sort_impl.cpp; 54s linux-sandbox ... (95 actions, 94 running)
[8,176 / 8,912] Compiling src/mongo/db/exec/sbe/stages/sort_stage_sort_impl.cpp; 55s linux-sandbox ... (96 actions, 95 running)
[8,185 / 8,912] Compiling src/mongo/db/exec/sbe/stages/sort_stage_sort_impl.cpp; 56s linux-sandbox ... (95 actions, 94 running)
[8,189 / 8,912] Compiling src/mongo/db/exec/sbe/stages/sort_stage_sort_impl.cpp; 57s linux-sandbox ... (96 actions, 95 running)
[8,190 / 8,912] Compiling src/mongo/db/exec/sbe/stages/sort_stage_sort_impl.cpp; 58s linux-sandbox ... (97 actions, 96 running)
[8,199 / 8,912] Compiling src/mongo/db/index_builds/multi_index_block.cpp; 37s linux-sandbox ... (97 actions, 96 running)
[8,200 / 8,912] Compiling src/mongo/db/index_builds/multi_index_block.cpp; 38s linux-sandbox ... (96 actions, 95 running)
[8,201 / 8,912] Compiling src/mongo/db/index_builds/multi_index_block.cpp; 39s linux-sandbox ... (96 actions, 95 running)
[8,209 / 8,912] Compiling src/mongo/db/index_builds/multi_index_block.cpp; 40s linux-sandbox ... (97 actions, 96 running)
[8,210 / 8,912] Compiling src/mongo/db/index_builds/multi_index_block.cpp; 42s linux-sandbox ... (96 actions, 95 running)
[8,224 / 8,912] Compiling src/mongo/db/index_builds/multi_index_block.cpp; 43s linux-sandbox ... (96 actions, 95 running)
[8,230 / 8,912] Compiling src/mongo/s/query/planner/cluster_aggregate.cpp; 42s linux-sandbox ... (96 actions, 95 running)
[8,241 / 8,912] Compiling src/mongo/s/write_ops/batch_write_op.cpp; 33s linux-sandbox ... (97 actions, 95 running)
[8,244 / 8,912] Compiling src/mongo/s/write_ops/batch_write_op.cpp; 34s linux-sandbox ... (95 actions, 94 running)
[8,251 / 8,912] Compiling src/mongo/s/write_ops/bulk_write_exec.cpp; 32s linux-sandbox ... (96 actions, 95 running)
[8,255 / 8,912] Compiling src/mongo/s/write_ops/bulk_write_exec.cpp; 34s linux-sandbox ... (96 actions, 95 running)
[8,263 / 8,912] Compiling src/mongo/s/write_ops/bulk_write_exec.cpp; 35s linux-sandbox ... (97 actions, 95 running)
[8,266 / 8,912] Compiling src/mongo/s/write_ops/bulk_write_exec.cpp; 36s linux-sandbox ... (96 actions, 95 running)
[8,270 / 8,912] Compiling src/mongo/s/write_ops/unified_write_executor/write_batch_executor.cpp; 34s linux-sandbox ... (96 actions, 95 running)
[8,271 / 8,912] Compiling src/mongo/s/write_ops/unified_write_executor/write_batch_executor.cpp; 35s linux-sandbox ... (97 actions, 96 running)
[8,273 / 8,912] Compiling src/mongo/s/write_ops/unified_write_executor/write_batch_executor.cpp; 36s linux-sandbox ... (97 actions, 96 running)
[8,279 / 8,912] Compiling src/mongo/s/write_ops/unified_write_executor/write_batch_executor.cpp; 37s linux-sandbox ... (96 actions, 95 running)
[8,283 / 8,912] Compiling src/mongo/s/write_ops/unified_write_executor/write_batch_executor.cpp; 38s linux-sandbox ... (97 actions, 95 running)
[8,290 / 8,912] Compiling src/mongo/s/write_ops/unified_write_executor/write_batch_executor.cpp; 40s linux-sandbox ... (97 actions, 96 running)
[8,299 / 8,912] Compiling src/mongo/s/write_ops/unified_write_executor/write_batch_executor.cpp; 41s linux-sandbox ... (96 actions, 94 running)
[8,307 / 8,912] Compiling src/mongo/db/index_builds/index_builds_coordinator.cpp; 39s linux-sandbox ... (96 actions, 95 running)
[8,315 / 8,912] Compiling src/mongo/db/index_builds/index_builds_coordinator.cpp; 40s linux-sandbox ... (96 actions running)
[8,333 / 8,912] Compiling src/mongo/db/index_builds/index_builds_coordinator.cpp; 41s linux-sandbox ... (96 actions, 95 running)
[8,337 / 8,912] Compiling src/mongo/db/index_builds/index_builds_coordinator.cpp; 42s linux-sandbox ... (96 actions, 95 running)
[8,343 / 8,912] Compiling src/mongo/db/index_builds/index_builds_coordinator.cpp; 43s linux-sandbox ... (95 actions, 93 running)
[8,354 / 8,912] Compiling src/mongo/db/index_builds/index_builds_coordinator.cpp; 44s linux-sandbox ... (96 actions, 95 running)
[8,360 / 8,912] Compiling src/mongo/db/repl/initial_sync/initial_syncer.cpp; 37s linux-sandbox ... (96 actions, 95 running)
[8,361 / 8,912] Compiling src/mongo/db/repl/initial_sync/initial_syncer.cpp; 39s linux-sandbox ... (97 actions, 96 running)
[8,365 / 8,912] Compiling src/mongo/db/repl/initial_sync/initial_syncer.cpp; 40s linux-sandbox ... (97 actions, 96 running)
[8,368 / 8,912] Compiling src/mongo/db/transaction/transaction_participant.cpp; 39s linux-sandbox ... (96 actions, 95 running)
[8,376 / 8,912] Compiling src/mongo/db/transaction/transaction_participant.cpp; 40s linux-sandbox ... (97 actions, 96 running)
[8,378 / 8,912] Compiling src/mongo/db/s/transaction_coordinator_util.cpp; 37s linux-sandbox ... (96 actions, 95 running)
[8,383 / 8,912] Compiling src/mongo/db/s/transaction_coordinator_util.cpp; 38s linux-sandbox ... (96 actions, 95 running)
[8,415 / 8,912] Compiling src/mongo/db/s/transaction_coordinator_util.cpp; 39s linux-sandbox ... (97 actions, 96 running)
[8,416 / 8,912] Compiling src/mongo/db/s/transaction_coordinator_util.cpp; 40s linux-sandbox ... (96 actions, 95 running)
[8,426 / 8,912] Compiling src/mongo/db/query/write_ops/write_ops_exec.cpp; 40s linux-sandbox ... (96 actions, 95 running)
[8,429 / 8,912] Compiling src/mongo/db/query/write_ops/write_ops_exec.cpp; 41s linux-sandbox ... (96 actions, 95 running)
[8,432 / 8,912] Compiling src/mongo/db/pipeline/process_interface/common_mongod_process_interface.cpp; 33s linux-sandbox ... (96 actions, 95 running)
[8,435 / 8,912] Compiling src/mongo/db/pipeline/process_interface/common_mongod_process_interface.cpp; 34s linux-sandbox ... (97 actions, 96 running)
[8,439 / 8,912] Compiling src/mongo/db/pipeline/process_interface/common_mongod_process_interface.cpp; 35s linux-sandbox ... (96 actions running)
[8,446 / 8,912] Compiling src/mongo/db/pipeline/process_interface/common_mongod_process_interface.cpp; 36s linux-sandbox ... (95 actions, 93 running)
[8,449 / 8,912] Compiling src/mongo/db/pipeline/process_interface/common_mongod_process_interface.cpp; 38s linux-sandbox ... (96 actions, 95 running)
[8,452 / 8,912] Compiling src/mongo/db/pipeline/process_interface/common_mongod_process_interface.cpp; 39s linux-sandbox ... (95 actions, 94 running)
[8,455 / 8,912] Compiling src/mongo/db/repl/replication_coordinator_impl.cpp; 38s linux-sandbox ... (97 actions, 96 running)
[8,461 / 8,912] Compiling src/mongo/db/repl/replication_coordinator_impl.cpp; 40s linux-sandbox ... (96 actions, 95 running)
[8,475 / 8,912] Compiling src/mongo/db/repl/replication_coordinator_impl.cpp; 41s linux-sandbox ... (95 actions, 94 running)
[8,482 / 8,912] Compiling src/mongo/db/repl/replication_coordinator_impl.cpp; 42s linux-sandbox ... (97 actions, 96 running)
[8,487 / 8,912] Compiling src/mongo/db/repl/replication_coordinator_impl.cpp; 43s linux-sandbox ... (96 actions, 95 running)
[8,492 / 8,912] Compiling src/mongo/db/repl/replication_coordinator_impl.cpp; 44s linux-sandbox ... (96 actions, 95 running)
[8,498 / 8,912] Compiling src/mongo/db/repl/replication_coordinator_impl.cpp; 46s linux-sandbox ... (96 actions, 95 running)
[8,502 / 8,912] Compiling src/mongo/db/repl/replication_coordinator_impl.cpp; 47s linux-sandbox ... (96 actions, 95 running)
[8,504 / 8,912] Compiling src/mongo/db/repl/replication_coordinator_impl.cpp; 48s linux-sandbox ... (97 actions, 96 running)
[8,510 / 8,912] Compiling src/mongo/db/s/resharding/resharding_recipient_service.cpp; 49s linux-sandbox ... (94 actions running)
[8,516 / 8,912] Compiling src/mongo/db/s/resharding/resharding_recipient_service.cpp; 50s linux-sandbox ... (96 actions, 95 running)
[8,521 / 8,912] Compiling src/mongo/db/s/resharding/resharding_recipient_service.cpp; 51s linux-sandbox ... (96 actions, 95 running)
[8,524 / 8,912] Compiling src/mongo/db/s/resharding/resharding_recipient_service.cpp; 52s linux-sandbox ... (96 actions, 95 running)
[8,525 / 8,912] Compiling src/mongo/db/s/resharding/resharding_recipient_service.cpp; 53s linux-sandbox ... (96 actions, 95 running)
[8,530 / 8,912] Compiling src/mongo/db/s/resharding/resharding_recipient_service.cpp; 54s linux-sandbox ... (96 actions running)
[8,532 / 8,912] Compiling src/mongo/db/s/resharding/resharding_recipient_service.cpp; 55s linux-sandbox ... (96 actions, 95 running)
[8,534 / 8,912] Compiling src/mongo/db/s/resharding/resharding_recipient_service.cpp; 57s linux-sandbox ... (97 actions, 96 running)
[8,535 / 8,912] Compiling src/mongo/db/s/resharding/resharding_recipient_service.cpp; 58s linux-sandbox ... (97 actions, 96 running)
[8,542 / 8,912] Compiling src/mongo/db/s/resharding/resharding_recipient_service.cpp; 59s linux-sandbox ... (96 actions, 95 running)
[8,553 / 8,912] Compiling src/mongo/db/s/resharding/resharding_recipient_service.cpp; 60s linux-sandbox ... (96 actions, 95 running)
[8,556 / 8,912] Compiling src/mongo/db/s/resharding/resharding_coordinator_part_1.cpp; 52s linux-sandbox ... (96 actions, 95 running)
[8,559 / 8,912] Compiling src/mongo/db/s/resharding/resharding_coordinator_part_1.cpp; 53s linux-sandbox ... (95 actions, 94 running)
[8,562 / 8,912] Compiling src/mongo/db/s/resharding/resharding_coordinator_part_1.cpp; 54s linux-sandbox ... (94 actions, 93 running)
[8,569 / 8,912] Compiling src/mongo/db/s/resharding/resharding_coordinator_service_external_state.cpp; 49s linux-sandbox ... (97 actions, 96 running)
[8,585 / 8,912] Compiling src/mongo/db/s/resharding/resharding_coordinator_service_external_state.cpp; 50s linux-sandbox ... (93 actions, 91 running)
[8,594 / 8,912] Compiling src/mongo/db/s/resharding/resharding_coordinator_service_external_state.cpp; 51s linux-sandbox ... (96 actions, 95 running)
[8,600 / 8,912] Compiling src/mongo/db/s/resharding/resharding_coordinator_service_external_state.cpp; 52s linux-sandbox ... (96 actions, 95 running)
[8,610 / 8,912] Compiling src/mongo/db/s/resharding/resharding_coordinator_service_external_state.cpp; 54s linux-sandbox ... (95 actions, 94 running)
[8,615 / 8,912] Compiling src/mongo/db/s/resharding/resharding_donor_service.cpp; 48s linux-sandbox ... (95 actions running)
[8,619 / 8,912] Compiling src/mongo/db/s/resharding/resharding_coordinator_part_3.cpp; 46s linux-sandbox ... (97 actions, 96 running)
[8,622 / 8,912] Compiling src/mongo/db/s/resharding/resharding_coordinator_part_3.cpp; 47s linux-sandbox ... (95 actions running)
[8,626 / 8,912] Compiling src/mongo/db/s/resharding/resharding_coordinator_part_3.cpp; 49s linux-sandbox ... (96 actions, 95 running)
[8,636 / 8,912] Compiling src/mongo/db/s/resharding/resharding_coordinator_part_3.cpp; 50s linux-sandbox ... (96 actions, 95 running)
[8,640 / 8,912] Compiling src/mongo/db/global_catalog/ddl/sharding_ddl_util.cpp; 49s linux-sandbox ... (96 actions, 95 running)
[8,647 / 8,912] Compiling src/mongo/db/global_catalog/ddl/sharding_ddl_util.cpp; 50s linux-sandbox ... (96 actions, 95 running)
[8,662 / 8,912] Compiling src/mongo/db/global_catalog/ddl/sharding_ddl_util.cpp; 51s linux-sandbox ... (97 actions, 96 running)
[8,667 / 8,912] Compiling src/mongo/db/global_catalog/ddl/sharding_ddl_util.cpp; 52s linux-sandbox ... (97 actions, 96 running)
[8,671 / 8,912] Compiling src/mongo/db/global_catalog/ddl/sharding_ddl_util.cpp; 53s linux-sandbox ... (97 actions, 96 running)
[8,677 / 8,912] Compiling src/mongo/db/global_catalog/ddl/sharding_ddl_util.cpp; 54s linux-sandbox ... (96 actions, 95 running)
[8,679 / 8,912] Compiling src/mongo/db/global_catalog/ddl/sharding_ddl_util.cpp; 55s linux-sandbox ... (96 actions, 95 running)
[8,682 / 8,912] Compiling src/mongo/db/global_catalog/ddl/sharding_ddl_util.cpp; 57s linux-sandbox ... (96 actions, 95 running)
[8,687 / 8,912] Compiling src/mongo/db/global_catalog/ddl/sharding_ddl_util.cpp; 58s linux-sandbox ... (96 actions, 95 running)
[8,691 / 8,912] Compiling src/mongo/db/global_catalog/ddl/sharding_ddl_util.cpp; 59s linux-sandbox ... (96 actions, 95 running)
[8,699 / 8,912] Compiling src/mongo/db/global_catalog/ddl/sharding_ddl_util.cpp; 60s linux-sandbox ... (96 actions running)
[8,700 / 8,912] Compiling src/mongo/db/global_catalog/ddl/sharding_ddl_util.cpp; 61s linux-sandbox ... (97 actions, 96 running)
[8,702 / 8,912] Compiling src/mongo/db/global_catalog/ddl/sharding_ddl_util.cpp; 62s linux-sandbox ... (96 actions, 95 running)
[8,709 / 8,912] Compiling src/mongo/db/global_catalog/ddl/sharding_ddl_util.cpp; 63s linux-sandbox ... (97 actions, 96 running)
[8,714 / 8,912] Compiling src/mongo/db/global_catalog/ddl/sharding_ddl_util.cpp; 64s linux-sandbox ... (95 actions, 94 running)
[8,721 / 8,912] Compiling src/mongo/db/global_catalog/ddl/sharding_ddl_util.cpp; 65s linux-sandbox ... (96 actions, 94 running)
[8,725 / 8,912] Compiling src/mongo/db/global_catalog/ddl/sharding_ddl_util.cpp; 67s linux-sandbox ... (96 actions, 95 running)
[8,733 / 8,912] Compiling src/mongo/db/global_catalog/ddl/sharding_ddl_util.cpp; 68s linux-sandbox ... (96 actions, 95 running)
[8,738 / 8,912] Compiling src/mongo/db/global_catalog/ddl/sharding_ddl_util.cpp; 69s linux-sandbox ... (96 actions, 95 running)
[8,741 / 8,912] Compiling src/mongo/db/global_catalog/ddl/sharding_ddl_util.cpp; 70s linux-sandbox ... (96 actions, 95 running)
[8,744 / 8,912] Compiling src/mongo/db/global_catalog/ddl/sharding_ddl_util.cpp; 72s linux-sandbox ... (96 actions, 95 running)
[8,751 / 8,912] Compiling src/mongo/db/global_catalog/ddl/sharding_ddl_util.cpp; 73s linux-sandbox ... (96 actions, 95 running)
[8,752 / 8,912] Compiling src/mongo/db/global_catalog/ddl/sharding_ddl_util.cpp; 74s linux-sandbox ... (96 actions, 95 running)
[8,756 / 8,912] Compiling src/mongo/db/global_catalog/ddl/sharding_ddl_util.cpp; 75s linux-sandbox ... (96 actions, 95 running)
[8,762 / 8,912] Compiling src/mongo/db/global_catalog/ddl/sharding_ddl_util.cpp; 76s linux-sandbox ... (97 actions, 96 running)
[8,766 / 8,912] Compiling src/mongo/db/global_catalog/metadata_consistency_validation/metadata_consistency_util.cpp; 45s linux-sandbox ... (96 actions, 95 running)
[8,772 / 8,912] Compiling src/mongo/db/global_catalog/metadata_consistency_validation/metadata_consistency_util.cpp; 46s linux-sandbox ... (97 actions, 95 running)
[8,775 / 8,912] Compiling src/mongo/db/global_catalog/metadata_consistency_validation/metadata_consistency_util.cpp; 48s linux-sandbox ... (96 actions, 95 running)
[8,780 / 8,912] Compiling src/mongo/db/global_catalog/metadata_consistency_validation/metadata_consistency_util.cpp; 49s linux-sandbox ... (96 actions running)
[8,787 / 8,912] Compiling src/mongo/db/global_catalog/metadata_consistency_validation/metadata_consistency_util.cpp; 50s linux-sandbox ... (96 actions, 95 running)
[8,793 / 8,912] Compiling src/mongo/db/global_catalog/ddl/convert_to_capped_coordinator.cpp; 42s linux-sandbox ... (97 actions, 96 running)
[8,799 / 8,912] Compiling src/mongo/db/global_catalog/ddl/create_collection_coordinator.cpp; 42s linux-sandbox ... (96 actions, 95 running)
[8,803 / 8,912] Compiling src/mongo/db/global_catalog/ddl/create_collection_coordinator.cpp; 43s linux-sandbox ... (96 actions, 95 running)
[8,807 / 8,912] Compiling src/mongo/db/global_catalog/ddl/create_collection_coordinator.cpp; 44s linux-sandbox ... (96 actions, 95 running)
[8,812 / 8,912] Compiling src/mongo/db/global_catalog/ddl/create_collection_coordinator.cpp; 45s linux-sandbox ... (96 actions, 95 running)
[8,817 / 8,912] Compiling src/mongo/db/global_catalog/ddl/create_collection_coordinator.cpp; 47s linux-sandbox ... (93 actions running)
[8,819 / 8,912] Compiling src/mongo/db/global_catalog/ddl/create_collection_coordinator.cpp; 49s linux-sandbox ... (91 actions running)
[8,821 / 8,912] Compiling src/mongo/db/global_catalog/ddl/create_collection_coordinator.cpp; 50s linux-sandbox ... (89 actions running)
[8,841 / 8,912] Compiling src/mongo/db/s/resharding/resharding_coordinator_command_util.cpp; 50s linux-sandbox ... (69 actions running)
[8,845 / 8,912] Compiling src/mongo/db/s/resharding/resharding_coordinator_command_util.cpp; 51s linux-sandbox ... (65 actions running)
[8,852 / 8,912] Compiling src/mongo/db/s/resharding/resharding_coordinator_command_util.cpp; 53s linux-sandbox ... (58 actions running)
[8,862 / 8,912] Compiling src/mongo/db/s/resharding/resharding_coordinator_command_util.cpp; 55s linux-sandbox ... (48 actions running)
[8,871 / 8,912] Compiling src/mongo/db/s/resharding/resharding_coordinator_command_util.cpp; 57s linux-sandbox ... (39 actions running)
[8,888 / 8,912] Compiling src/mongo/db/s/resharding/resharding_util.cpp; 30s linux-sandbox ... (22 actions running)
[8,896 / 8,912] Compiling src/mongo/db/shard_role/shard_catalog/collection_metadata_recoverer.cpp; 28s linux-sandbox ... (14 actions running)
[8,905 / 8,912] Compiling src/mongo/db/topology/add_shard_coordinator.cpp; 21s linux-sandbox ... (5 actions running)
[8,906 / 8,912] Compiling src/mongo/db/topology/add_shard_coordinator.cpp; 23s linux-sandbox ... (4 actions running)
[8,909 / 8,912] Compiling src/mongo/db/global_catalog/ddl/timeseries_upgrade_downgrade_coordinator.cpp; 23s linux-sandbox
[8,910 / 8,912] [Prepa] Linking src/mongo/db/query/count_query_bm_with_debug
[8,910 / 8,912] Linking src/mongo/db/query/count_query_bm_with_debug; 1s local
[8,911 / 8,912] [Prepa] Creating symlink bazel-out/k8-opt/bin/src/mongo/db/query/count_query_bm
INFO: Found 1 target...
Target //src/mongo/db/query:count_query_bm up-to-date:
  bazel-bin/src/mongo/db/query/count_query_bm
INFO: Elapsed time: 314.127s, Critical Path: 80.81s
INFO: 1001 processes: 3 internal, 997 linux-sandbox, 1 local.
INFO: Build completed successfully, 1001 total actions
