{"t":{"$date":"2026-08-06T05:23:38.512+08:00"},"s":"I",  "c":"-",        "id":8991200, "ctx":"main","msg":"Shuffling initializers","attr":{"seed":1861432624}}
2026-08-06T05:23:38+08:00
Running /tmp/mongo-count-query-bm-countscan-A-upstream-production-normalized-harness
Run on (96 X 4000 MHz CPU s)
CPU Caches:
  L1 Data 48 KiB (x48)
  L1 Instruction 32 KiB (x48)
  L2 Unified 2048 KiB (x48)
  L3 Unified 61440 KiB (x2)
Load Average: 2.26, 2.31, 3.61
----------------------------------------------------------------------------------------------------------------------------------------
Benchmark                                                                              Time             CPU   Iterations UserCounters...
----------------------------------------------------------------------------------------------------------------------------------------
ClassicPointControlQueryBenchmark/HintedUniqueFieldPointQuery/10000/64             23845 ns        23825 ns         2976 cycles_per_iteration=50.0771k instructions_per_iteration=149.604k items_per_second=41.9725k/s
ClassicPointControlQueryBenchmark/HintedUniqueFieldPointQuery/10000/64             22816 ns        22810 ns         2976 cycles_per_iteration=47.9153k instructions_per_iteration=149.753k items_per_second=43.8412k/s
ClassicPointControlQueryBenchmark/HintedUniqueFieldPointQuery/10000/64             23185 ns        23178 ns         2976 cycles_per_iteration=48.6907k instructions_per_iteration=149.719k items_per_second=43.1442k/s
ClassicPointControlQueryBenchmark/HintedUniqueFieldPointQuery/10000/64             22718 ns        22711 ns         2976 cycles_per_iteration=47.7095k instructions_per_iteration=149.741k items_per_second=44.0312k/s
ClassicPointControlQueryBenchmark/HintedUniqueFieldPointQuery/10000/64             23295 ns        23288 ns         2976 cycles_per_iteration=48.9203k instructions_per_iteration=149.772k items_per_second=42.9412k/s
ClassicPointControlQueryBenchmark/HintedUniqueFieldPointQuery/10000/64_mean        23172 ns        23162 ns            5 cycles_per_iteration=48.6626k instructions_per_iteration=149.718k items_per_second=43.1861k/s
ClassicPointControlQueryBenchmark/HintedUniqueFieldPointQuery/10000/64_median      23185 ns        23178 ns            5 cycles_per_iteration=48.6907k instructions_per_iteration=149.741k items_per_second=43.1442k/s
ClassicPointControlQueryBenchmark/HintedUniqueFieldPointQuery/10000/64_stddev        448 ns          443 ns            5 cycles_per_iteration=940.055 instructions_per_iteration=66.3115 items_per_second=818.229/s
