{"t":{"$date":"2026-08-06T05:16:07.895+08:00"},"s":"I",  "c":"-",        "id":8991200, "ctx":"main","msg":"Shuffling initializers","attr":{"seed":2515347967}}
2026-08-06T05:16:07+08:00
Running /tmp/mongo-count-query-bm-countscan-C-final-candidate
Run on (96 X 4000 MHz CPU s)
CPU Caches:
  L1 Data 48 KiB (x48)
  L1 Instruction 32 KiB (x48)
  L2 Unified 2048 KiB (x48)
  L3 Unified 61440 KiB (x2)
Load Average: 2.31, 1.97, 4.37
------------------------------------------------------------------------------------------------------------------------------------
Benchmark                                                                          Time             CPU   Iterations UserCounters...
------------------------------------------------------------------------------------------------------------------------------------
MultikeyCountQueryBenchmark/DirectDeduplicatingCountScan/200000/64         101418018 ns    101418466 ns            1 cycles_per_iteration=212.986M instructions_per_iteration=1.1062G items_per_second=3.94405M/s
MultikeyCountQueryBenchmark/DirectDeduplicatingCountScan/200000/64         103350401 ns    103297938 ns            1 cycles_per_iteration=217.045M instructions_per_iteration=1.10615G items_per_second=3.87229M/s
MultikeyCountQueryBenchmark/DirectDeduplicatingCountScan/200000/64          91577530 ns     91467772 ns            1 cycles_per_iteration=192.32M instructions_per_iteration=1.10606G items_per_second=4.37312M/s
MultikeyCountQueryBenchmark/DirectDeduplicatingCountScan/200000/64          94778538 ns     94656014 ns            1 cycles_per_iteration=199.043M instructions_per_iteration=1.10602G items_per_second=4.22583M/s
MultikeyCountQueryBenchmark/DirectDeduplicatingCountScan/200000/64          94462395 ns     94350166 ns            1 cycles_per_iteration=198.38M instructions_per_iteration=1.10599G items_per_second=4.23953M/s
MultikeyCountQueryBenchmark/DirectDeduplicatingCountScan/200000/64_mean     97117376 ns     97038071 ns            5 cycles_per_iteration=203.955M instructions_per_iteration=1.10608G items_per_second=4.13097M/s
MultikeyCountQueryBenchmark/DirectDeduplicatingCountScan/200000/64_median   94778538 ns     94656014 ns            5 cycles_per_iteration=199.043M instructions_per_iteration=1.10606G items_per_second=4.22583M/s
MultikeyCountQueryBenchmark/DirectDeduplicatingCountScan/200000/64_stddev    5013859 ns      5057199 ns            5 cycles_per_iteration=10.5295M instructions_per_iteration=91.211k items_per_second=212.88k/s
