{"t":{"$date":"2026-08-06T05:29:13.243+08:00"},"s":"I",  "c":"-",        "id":8991200, "ctx":"main","msg":"Shuffling initializers","attr":{"seed":2794672992}}
2026-08-06T05:29:13+08:00
Running /tmp/mongo-count-query-bm-countscan-C-final-candidate
Run on (96 X 4000 MHz CPU s)
CPU Caches:
  L1 Data 48 KiB (x48)
  L1 Instruction 32 KiB (x48)
  L2 Unified 2048 KiB (x48)
  L3 Unified 61440 KiB (x2)
Load Average: 2.31, 2.51, 3.32
----------------------------------------------------------------------------------------------------------------------------------------
Benchmark                                                                              Time             CPU   Iterations UserCounters...
----------------------------------------------------------------------------------------------------------------------------------------
ClassicPointControlQueryBenchmark/HintedUniqueFieldPointQuery/10000/64             21776 ns        21770 ns         3217 cycles_per_iteration=45.7318k instructions_per_iteration=149.99k items_per_second=45.9345k/s
ClassicPointControlQueryBenchmark/HintedUniqueFieldPointQuery/10000/64             23320 ns        23300 ns         3217 cycles_per_iteration=48.9743k instructions_per_iteration=149.848k items_per_second=42.9184k/s
ClassicPointControlQueryBenchmark/HintedUniqueFieldPointQuery/10000/64             21772 ns        21765 ns         3217 cycles_per_iteration=45.7219k instructions_per_iteration=149.857k items_per_second=45.9446k/s
ClassicPointControlQueryBenchmark/HintedUniqueFieldPointQuery/10000/64             24129 ns        24121 ns         3217 cycles_per_iteration=50.6713k instructions_per_iteration=149.629k items_per_second=41.4576k/s
ClassicPointControlQueryBenchmark/HintedUniqueFieldPointQuery/10000/64             22577 ns        22561 ns         3217 cycles_per_iteration=47.4132k instructions_per_iteration=149.842k items_per_second=44.3252k/s
ClassicPointControlQueryBenchmark/HintedUniqueFieldPointQuery/10000/64_mean        22715 ns        22703 ns            5 cycles_per_iteration=47.7025k instructions_per_iteration=149.833k items_per_second=44.1161k/s
ClassicPointControlQueryBenchmark/HintedUniqueFieldPointQuery/10000/64_median      22577 ns        22561 ns            5 cycles_per_iteration=47.4132k instructions_per_iteration=149.848k items_per_second=44.3252k/s
ClassicPointControlQueryBenchmark/HintedUniqueFieldPointQuery/10000/64_stddev       1019 ns         1017 ns            5 cycles_per_iteration=2.14017k instructions_per_iteration=129.485 items_per_second=1.94908k/s
