{"t":{"$date":"2026-08-06T05:47:51.055+08:00"},"s":"I",  "c":"-",        "id":8991200, "ctx":"main","msg":"Shuffling initializers","attr":{"seed":2788033814}}
2026-08-06T05:47:51+08:00
Running /tmp/mongo-count-query-bm-countscan-A-upstream-production-normalized-harness
Run on (96 X 4000 MHz CPU s)
CPU Caches:
  L1 Data 48 KiB (x48)
  L1 Instruction 32 KiB (x48)
  L2 Unified 2048 KiB (x48)
  L3 Unified 61440 KiB (x2)
Load Average: 1.99, 2.01, 2.41
----------------------------------------------------------------------------------------------------------------------------------------
Benchmark                                                                              Time             CPU   Iterations UserCounters...
----------------------------------------------------------------------------------------------------------------------------------------
ClassicPointControlQueryBenchmark/HintedUniqueFieldPointQuery/10000/64             21486 ns        21456 ns         2960 cycles_per_iteration=45.121k instructions_per_iteration=149.81k items_per_second=46.6066k/s
ClassicPointControlQueryBenchmark/HintedUniqueFieldPointQuery/10000/64             22594 ns        22544 ns         2960 cycles_per_iteration=47.4482k instructions_per_iteration=149.931k items_per_second=44.3574k/s
ClassicPointControlQueryBenchmark/HintedUniqueFieldPointQuery/10000/64             22264 ns        22245 ns         2960 cycles_per_iteration=46.7553k instructions_per_iteration=149.81k items_per_second=44.9537k/s
ClassicPointControlQueryBenchmark/HintedUniqueFieldPointQuery/10000/64             23297 ns        23283 ns         2960 cycles_per_iteration=48.9243k instructions_per_iteration=149.801k items_per_second=42.95k/s
ClassicPointControlQueryBenchmark/HintedUniqueFieldPointQuery/10000/64             22933 ns        22926 ns         2960 cycles_per_iteration=48.1609k instructions_per_iteration=149.72k items_per_second=43.6185k/s
ClassicPointControlQueryBenchmark/HintedUniqueFieldPointQuery/10000/64_mean        22515 ns        22491 ns            5 cycles_per_iteration=47.2819k instructions_per_iteration=149.814k items_per_second=44.4972k/s
ClassicPointControlQueryBenchmark/HintedUniqueFieldPointQuery/10000/64_median      22594 ns        22544 ns            5 cycles_per_iteration=47.4482k instructions_per_iteration=149.81k items_per_second=44.3574k/s
ClassicPointControlQueryBenchmark/HintedUniqueFieldPointQuery/10000/64_stddev        692 ns          698 ns            5 cycles_per_iteration=1.45297k instructions_per_iteration=75.2055 items_per_second=1.40032k/s
