{"t":{"$date":"2026-08-06T05:41:50.069+08:00"},"s":"I",  "c":"-",        "id":8991200, "ctx":"main","msg":"Shuffling initializers","attr":{"seed":3444255057}}
2026-08-06T05:41:50+08:00
Running /tmp/mongo-count-query-bm-countscan-C-final-candidate
Run on (96 X 4000 MHz CPU s)
CPU Caches:
  L1 Data 48 KiB (x48)
  L1 Instruction 32 KiB (x48)
  L2 Unified 2048 KiB (x48)
  L3 Unified 61440 KiB (x2)
Load Average: 2.24, 2.16, 2.65
----------------------------------------------------------------------------------------------------------------------------------------
Benchmark                                                                              Time             CPU   Iterations UserCounters...
----------------------------------------------------------------------------------------------------------------------------------------
UnoptimizedCountQueryBenchmark/FetchingCountWithoutCountScan/200000/64         145554543 ns    145457536 ns            1 cycles_per_iteration=305.675M instructions_per_iteration=1.87585G
UnoptimizedCountQueryBenchmark/FetchingCountWithoutCountScan/200000/64         142406464 ns    142273654 ns            1 cycles_per_iteration=299.061M instructions_per_iteration=1.87592G
UnoptimizedCountQueryBenchmark/FetchingCountWithoutCountScan/200000/64         145802259 ns    145701035 ns            1 cycles_per_iteration=306.192M instructions_per_iteration=1.87577G
UnoptimizedCountQueryBenchmark/FetchingCountWithoutCountScan/200000/64         140195847 ns    140146245 ns            1 cycles_per_iteration=294.419M instructions_per_iteration=1.87577G
UnoptimizedCountQueryBenchmark/FetchingCountWithoutCountScan/200000/64         141101837 ns    141022296 ns            1 cycles_per_iteration=296.322M instructions_per_iteration=1.87585G
UnoptimizedCountQueryBenchmark/FetchingCountWithoutCountScan/200000/64_mean    143012190 ns    142920153 ns            5 cycles_per_iteration=300.334M instructions_per_iteration=1.87583G
UnoptimizedCountQueryBenchmark/FetchingCountWithoutCountScan/200000/64_median  142406464 ns    142273654 ns            5 cycles_per_iteration=299.061M instructions_per_iteration=1.87585G
UnoptimizedCountQueryBenchmark/FetchingCountWithoutCountScan/200000/64_stddev    2559111 ns      2543915 ns            5 cycles_per_iteration=5.37483M instructions_per_iteration=64.1791k
