{"t":{"$date":"2026-08-06T05:20:48.205+08:00"},"s":"I",  "c":"-",        "id":8991200, "ctx":"main","msg":"Shuffling initializers","attr":{"seed":2209232575}}
2026-08-06T05:20:48+08:00
Running /tmp/mongo-count-query-bm-countscan-C-final-candidate
Run on (96 X 4000 MHz CPU s)
CPU Caches:
  L1 Data 48 KiB (x48)
  L1 Instruction 32 KiB (x48)
  L2 Unified 2048 KiB (x48)
  L3 Unified 61440 KiB (x2)
Load Average: 2.64, 2.27, 3.86
-------------------------------------------------------------------------------------------------------------------------------------
Benchmark                                                                           Time             CPU   Iterations UserCounters...
-------------------------------------------------------------------------------------------------------------------------------------
ScalarCountQueryBenchmark/DirectNonDeduplicatingCountScan/400000/64          76211929 ns     76213115 ns            1 cycles_per_iteration=160.053M instructions_per_iteration=978.992M items_per_second=5.24844M/s
ScalarCountQueryBenchmark/DirectNonDeduplicatingCountScan/400000/64          82369328 ns     82295668 ns            1 cycles_per_iteration=172.986M instructions_per_iteration=978.969M items_per_second=4.86052M/s
ScalarCountQueryBenchmark/DirectNonDeduplicatingCountScan/400000/64          77775717 ns     77769269 ns            1 cycles_per_iteration=163.338M instructions_per_iteration=978.946M items_per_second=5.14342M/s
ScalarCountQueryBenchmark/DirectNonDeduplicatingCountScan/400000/64          78972101 ns     78972961 ns            1 cycles_per_iteration=165.85M instructions_per_iteration=978.982M items_per_second=5.06502M/s
ScalarCountQueryBenchmark/DirectNonDeduplicatingCountScan/400000/64          76717854 ns     76718846 ns            1 cycles_per_iteration=161.116M instructions_per_iteration=978.965M items_per_second=5.21384M/s
ScalarCountQueryBenchmark/DirectNonDeduplicatingCountScan/400000/64_mean     78409386 ns     78393972 ns            5 cycles_per_iteration=164.668M instructions_per_iteration=978.971M items_per_second=5.10625M/s
ScalarCountQueryBenchmark/DirectNonDeduplicatingCountScan/400000/64_median   77775717 ns     77769269 ns            5 cycles_per_iteration=163.338M instructions_per_iteration=978.969M items_per_second=5.14342M/s
ScalarCountQueryBenchmark/DirectNonDeduplicatingCountScan/400000/64_stddev    2454049 ns      2424402 ns            5 cycles_per_iteration=5.15422M instructions_per_iteration=17.5397k items_per_second=154.319k/s
