{"t":{"$date":"2026-08-06T05:34:39.588+08:00"},"s":"I",  "c":"-",        "id":8991200, "ctx":"main","msg":"Shuffling initializers","attr":{"seed":4057066908}}
2026-08-06T05:34:39+08:00
Running /tmp/mongo-count-query-bm-countscan-C-final-candidate
Run on (96 X 4000 MHz CPU s)
CPU Caches:
  L1 Data 48 KiB (x48)
  L1 Instruction 32 KiB (x48)
  L2 Unified 2048 KiB (x48)
  L3 Unified 61440 KiB (x2)
Load Average: 1.73, 2.21, 2.96
------------------------------------------------------------------------------------------------------------------------------------------
Benchmark                                                                                Time             CPU   Iterations UserCounters...
------------------------------------------------------------------------------------------------------------------------------------------
CompoundWildcardCountQueryBenchmark/DirectNonMultikeyCountScan/200000/64          49730778 ns     49731062 ns            1 cycles_per_iteration=104.442M instructions_per_iteration=612.712M items_per_second=4.02163M/s
CompoundWildcardCountQueryBenchmark/DirectNonMultikeyCountScan/200000/64          51596880 ns     51567045 ns            1 cycles_per_iteration=108.367M instructions_per_iteration=612.751M items_per_second=3.87845M/s
CompoundWildcardCountQueryBenchmark/DirectNonMultikeyCountScan/200000/64          50415039 ns     50396252 ns            1 cycles_per_iteration=105.879M instructions_per_iteration=612.732M items_per_second=3.96855M/s
CompoundWildcardCountQueryBenchmark/DirectNonMultikeyCountScan/200000/64          51589012 ns     51509365 ns            1 cycles_per_iteration=108.344M instructions_per_iteration=612.75M items_per_second=3.88279M/s
CompoundWildcardCountQueryBenchmark/DirectNonMultikeyCountScan/200000/64          50187588 ns     50187860 ns            1 cycles_per_iteration=105.401M instructions_per_iteration=612.724M items_per_second=3.98503M/s
CompoundWildcardCountQueryBenchmark/DirectNonMultikeyCountScan/200000/64_mean     50703859 ns     50678317 ns            5 cycles_per_iteration=106.487M instructions_per_iteration=612.734M items_per_second=3.94729M/s
CompoundWildcardCountQueryBenchmark/DirectNonMultikeyCountScan/200000/64_median   50415039 ns     50396252 ns            5 cycles_per_iteration=105.879M instructions_per_iteration=612.732M items_per_second=3.96855M/s
CompoundWildcardCountQueryBenchmark/DirectNonMultikeyCountScan/200000/64_stddev     848207 ns       821261 ns            5 cycles_per_iteration=1.78273M instructions_per_iteration=16.7386k items_per_second=63.8408k/s
