{"t":{"$date":"2026-08-06T05:20:16.620+08:00"},"s":"I",  "c":"-",        "id":8991200, "ctx":"main","msg":"Shuffling initializers","attr":{"seed":2591556894}}
2026-08-06T05:20:16+08:00
Running /tmp/mongo-count-query-bm-countscan-B-rejected-heavyweight-implementation
Run on (96 X 4000 MHz CPU s)
CPU Caches:
  L1 Data 48 KiB (x48)
  L1 Instruction 32 KiB (x48)
  L2 Unified 2048 KiB (x48)
  L3 Unified 61440 KiB (x2)
Load Average: 2.36, 2.18, 3.88
----------------------------------------------------------------------------------------------------------------------------------------
Benchmark                                                                              Time             CPU   Iterations UserCounters...
----------------------------------------------------------------------------------------------------------------------------------------
UnoptimizedCountQueryBenchmark/FetchingCountWithoutCountScan/200000/64         153810024 ns    153657332 ns            1 cycles_per_iteration=323.01M instructions_per_iteration=1.88062G
UnoptimizedCountQueryBenchmark/FetchingCountWithoutCountScan/200000/64         151328325 ns    151087185 ns            1 cycles_per_iteration=317.798M instructions_per_iteration=1.88056G
UnoptimizedCountQueryBenchmark/FetchingCountWithoutCountScan/200000/64         153191805 ns    153067227 ns            1 cycles_per_iteration=321.711M instructions_per_iteration=1.88047G
UnoptimizedCountQueryBenchmark/FetchingCountWithoutCountScan/200000/64         150153160 ns    150006799 ns            1 cycles_per_iteration=315.33M instructions_per_iteration=1.88057G
UnoptimizedCountQueryBenchmark/FetchingCountWithoutCountScan/200000/64         153633118 ns    153503472 ns            1 cycles_per_iteration=322.638M instructions_per_iteration=1.88049G
UnoptimizedCountQueryBenchmark/FetchingCountWithoutCountScan/200000/64_mean    152423286 ns    152264403 ns            5 cycles_per_iteration=320.097M instructions_per_iteration=1.88054G
UnoptimizedCountQueryBenchmark/FetchingCountWithoutCountScan/200000/64_median  153191805 ns    153067227 ns            5 cycles_per_iteration=321.711M instructions_per_iteration=1.88056G
UnoptimizedCountQueryBenchmark/FetchingCountWithoutCountScan/200000/64_stddev    1606998 ns      1628088 ns            5 cycles_per_iteration=3.37489M instructions_per_iteration=62.2659k
