{"t":{"$date":"2026-08-06T05:24:11.384+08:00"},"s":"I",  "c":"-",        "id":8991200, "ctx":"main","msg":"Shuffling initializers","attr":{"seed":1391684435}}
2026-08-06T05:24:11+08:00
Running /tmp/mongo-count-query-bm-countscan-B-rejected-heavyweight-implementation
Run on (96 X 4000 MHz CPU s)
CPU Caches:
  L1 Data 48 KiB (x48)
  L1 Instruction 32 KiB (x48)
  L2 Unified 2048 KiB (x48)
  L3 Unified 61440 KiB (x2)
Load Average: 2.68, 2.43, 3.60
------------------------------------------------------------------------------------------------------------------------------------
Benchmark                                                                          Time             CPU   Iterations UserCounters...
------------------------------------------------------------------------------------------------------------------------------------
MultikeyCountQueryBenchmark/DirectDeduplicatingCountScan/200000/64         101049185 ns    101027332 ns            1 cycles_per_iteration=212.21M instructions_per_iteration=1.10212G items_per_second=3.95932M/s
MultikeyCountQueryBenchmark/DirectDeduplicatingCountScan/200000/64         103670359 ns    103670934 ns            1 cycles_per_iteration=217.715M instructions_per_iteration=1.10256G items_per_second=3.85836M/s
MultikeyCountQueryBenchmark/DirectDeduplicatingCountScan/200000/64         101286888 ns    101147676 ns            1 cycles_per_iteration=212.71M instructions_per_iteration=1.10263G items_per_second=3.95461M/s
MultikeyCountQueryBenchmark/DirectDeduplicatingCountScan/200000/64          93349218 ns     93299919 ns            1 cycles_per_iteration=196.042M instructions_per_iteration=1.10242G items_per_second=4.28725M/s
MultikeyCountQueryBenchmark/DirectDeduplicatingCountScan/200000/64         100832939 ns    100815417 ns            1 cycles_per_iteration=211.757M instructions_per_iteration=1.10248G items_per_second=3.96765M/s
MultikeyCountQueryBenchmark/DirectDeduplicatingCountScan/200000/64_mean    100037718 ns     99992256 ns            5 cycles_per_iteration=210.087M instructions_per_iteration=1.10244G items_per_second=4.00544M/s
MultikeyCountQueryBenchmark/DirectDeduplicatingCountScan/200000/64_median  101049185 ns    101027332 ns            5 cycles_per_iteration=212.21M instructions_per_iteration=1.10248G items_per_second=3.95932M/s
MultikeyCountQueryBenchmark/DirectDeduplicatingCountScan/200000/64_stddev    3909858 ns      3918036 ns            5 cycles_per_iteration=8.21015M instructions_per_iteration=198.798k items_per_second=163.697k/s
