{"t":{"$date":"2026-08-06T05:35:09.204+08:00"},"s":"I",  "c":"-",        "id":8991200, "ctx":"main","msg":"Shuffling initializers","attr":{"seed":1062395416}}
2026-08-06T05:35:09+08:00
Running /tmp/mongo-count-query-bm-countscan-C-final-candidate
Run on (96 X 4000 MHz CPU s)
CPU Caches:
  L1 Data 48 KiB (x48)
  L1 Instruction 32 KiB (x48)
  L2 Unified 2048 KiB (x48)
  L3 Unified 61440 KiB (x2)
Load Average: 2.03, 2.24, 2.95
------------------------------------------------------------------------------------------------------------------------------------
Benchmark                                                                          Time             CPU   Iterations UserCounters...
------------------------------------------------------------------------------------------------------------------------------------
MultikeyCountQueryBenchmark/DirectDeduplicatingCountScan/200000/64          92140913 ns     92141764 ns            1 cycles_per_iteration=193.503M instructions_per_iteration=1.10604G items_per_second=4.34114M/s
MultikeyCountQueryBenchmark/DirectDeduplicatingCountScan/200000/64          97426891 ns     97427651 ns            1 cycles_per_iteration=204.604M instructions_per_iteration=1.10607G items_per_second=4.10561M/s
MultikeyCountQueryBenchmark/DirectDeduplicatingCountScan/200000/64          96137762 ns     96064846 ns            1 cycles_per_iteration=201.898M instructions_per_iteration=1.10604G items_per_second=4.16385M/s
MultikeyCountQueryBenchmark/DirectDeduplicatingCountScan/200000/64          98050594 ns     97963312 ns            1 cycles_per_iteration=205.916M instructions_per_iteration=1.10607G items_per_second=4.08316M/s
MultikeyCountQueryBenchmark/DirectDeduplicatingCountScan/200000/64          95154524 ns     95095449 ns            1 cycles_per_iteration=199.832M instructions_per_iteration=1.10604G items_per_second=4.2063M/s
MultikeyCountQueryBenchmark/DirectDeduplicatingCountScan/200000/64_mean     95782137 ns     95738604 ns            5 cycles_per_iteration=201.151M instructions_per_iteration=1.10605G items_per_second=4.18001M/s
MultikeyCountQueryBenchmark/DirectDeduplicatingCountScan/200000/64_median   96137762 ns     96064846 ns            5 cycles_per_iteration=201.898M instructions_per_iteration=1.10604G items_per_second=4.16385M/s
MultikeyCountQueryBenchmark/DirectDeduplicatingCountScan/200000/64_stddev    2325403 ns      2305404 ns            5 cycles_per_iteration=4.88398M instructions_per_iteration=14.2352k items_per_second=102.261k/s
