{"t":{"$date":"2026-08-06T05:33:38.097+08:00"},"s":"I",  "c":"-",        "id":8991200, "ctx":"main","msg":"Shuffling initializers","attr":{"seed":510727653}}
2026-08-06T05:33:38+08:00
Running /tmp/mongo-count-query-bm-countscan-A-upstream-production-normalized-harness
Run on (96 X 4000 MHz CPU s)
CPU Caches:
  L1 Data 48 KiB (x48)
  L1 Instruction 32 KiB (x48)
  L2 Unified 2048 KiB (x48)
  L3 Unified 61440 KiB (x2)
Load Average: 2.01, 2.36, 3.06
------------------------------------------------------------------------------------------------------------------------------------------
Benchmark                                                                                Time             CPU   Iterations UserCounters...
------------------------------------------------------------------------------------------------------------------------------------------
CompoundWildcardCountQueryBenchmark/DirectNonMultikeyCountScan/200000/64          54860115 ns     54852518 ns            1 cycles_per_iteration=115.213M instructions_per_iteration=636.215M items_per_second=3.64614M/s
CompoundWildcardCountQueryBenchmark/DirectNonMultikeyCountScan/200000/64          50426006 ns     50407546 ns            1 cycles_per_iteration=105.9M instructions_per_iteration=636.182M items_per_second=3.96766M/s
CompoundWildcardCountQueryBenchmark/DirectNonMultikeyCountScan/200000/64          54857731 ns     54838083 ns            1 cycles_per_iteration=115.209M instructions_per_iteration=636.196M items_per_second=3.6471M/s
CompoundWildcardCountQueryBenchmark/DirectNonMultikeyCountScan/200000/64          55177212 ns     55177920 ns            1 cycles_per_iteration=115.879M instructions_per_iteration=636.158M items_per_second=3.62464M/s
CompoundWildcardCountQueryBenchmark/DirectNonMultikeyCountScan/200000/64          54442167 ns     54442848 ns            1 cycles_per_iteration=114.336M instructions_per_iteration=636.144M items_per_second=3.67358M/s
CompoundWildcardCountQueryBenchmark/DirectNonMultikeyCountScan/200000/64_mean     53952646 ns     53943783 ns            5 cycles_per_iteration=113.307M instructions_per_iteration=636.179M items_per_second=3.71182M/s
CompoundWildcardCountQueryBenchmark/DirectNonMultikeyCountScan/200000/64_median   54857731 ns     54838083 ns            5 cycles_per_iteration=115.209M instructions_per_iteration=636.182M items_per_second=3.6471M/s
CompoundWildcardCountQueryBenchmark/DirectNonMultikeyCountScan/200000/64_stddev    1988659 ns      1993910 ns            5 cycles_per_iteration=4.17672M instructions_per_iteration=28.5808k items_per_second=144.066k/s
