{"t":{"$date":"2026-08-06T05:38:56.886+08:00"},"s":"I",  "c":"-",        "id":8991200, "ctx":"main","msg":"Shuffling initializers","attr":{"seed":2006704109}}
2026-08-06T05:38:56+08:00
Running /tmp/mongo-count-query-bm-countscan-A-upstream-production-normalized-harness
Run on (96 X 4000 MHz CPU s)
CPU Caches:
  L1 Data 48 KiB (x48)
  L1 Instruction 32 KiB (x48)
  L2 Unified 2048 KiB (x48)
  L3 Unified 61440 KiB (x2)
Load Average: 2.08, 2.09, 2.73
-------------------------------------------------------------------------------------------------------------------------------------
Benchmark                                                                           Time             CPU   Iterations UserCounters...
-------------------------------------------------------------------------------------------------------------------------------------
ScalarCountQueryBenchmark/DirectNonDeduplicatingCountScan/400000/64          79631805 ns     79632257 ns            1 cycles_per_iteration=167.235M instructions_per_iteration=1026.17M items_per_second=5.02309M/s
ScalarCountQueryBenchmark/DirectNonDeduplicatingCountScan/400000/64          78558922 ns     78529763 ns            1 cycles_per_iteration=164.982M instructions_per_iteration=1026.17M items_per_second=5.09361M/s
ScalarCountQueryBenchmark/DirectNonDeduplicatingCountScan/400000/64          81729174 ns     81730309 ns            1 cycles_per_iteration=171.641M instructions_per_iteration=1026.16M items_per_second=4.89415M/s
ScalarCountQueryBenchmark/DirectNonDeduplicatingCountScan/400000/64          79634190 ns     79635044 ns            1 cycles_per_iteration=167.241M instructions_per_iteration=1026.19M items_per_second=5.02291M/s
ScalarCountQueryBenchmark/DirectNonDeduplicatingCountScan/400000/64          77991247 ns     77965242 ns            1 cycles_per_iteration=163.791M instructions_per_iteration=1026.16M items_per_second=5.13049M/s
ScalarCountQueryBenchmark/DirectNonDeduplicatingCountScan/400000/64_mean     79509068 ns     79498523 ns            5 cycles_per_iteration=166.978M instructions_per_iteration=1026.17M items_per_second=5.03285M/s
ScalarCountQueryBenchmark/DirectNonDeduplicatingCountScan/400000/64_median   79631805 ns     79632257 ns            5 cycles_per_iteration=167.235M instructions_per_iteration=1026.17M items_per_second=5.02309M/s
ScalarCountQueryBenchmark/DirectNonDeduplicatingCountScan/400000/64_stddev    1428824 ns      1441079 ns            5 cycles_per_iteration=3.00095M instructions_per_iteration=12.1236k items_per_second=90.3585k/s
