{"t":{"$date":"2026-08-06T05:16:49.364+08:00"},"s":"I",  "c":"-",        "id":8991200, "ctx":"main","msg":"Shuffling initializers","attr":{"seed":2593870944}}
2026-08-06T05:16:49+08:00
Running /tmp/mongo-count-query-bm-countscan-B-rejected-heavyweight-implementation
Run on (96 X 4000 MHz CPU s)
CPU Caches:
  L1 Data 48 KiB (x48)
  L1 Instruction 32 KiB (x48)
  L2 Unified 2048 KiB (x48)
  L3 Unified 61440 KiB (x2)
Load Average: 2.18, 1.97, 4.27
-------------------------------------------------------------------------------------------------------------------------------------
Benchmark                                                                           Time             CPU   Iterations UserCounters...
-------------------------------------------------------------------------------------------------------------------------------------
ScalarCountQueryBenchmark/DirectNonDeduplicatingCountScan/400000/64          76751232 ns     76685375 ns            1 cycles_per_iteration=161.187M instructions_per_iteration=974.56M items_per_second=5.21612M/s
ScalarCountQueryBenchmark/DirectNonDeduplicatingCountScan/400000/64          73974133 ns     73941887 ns            1 cycles_per_iteration=155.355M instructions_per_iteration=974.577M items_per_second=5.40965M/s
ScalarCountQueryBenchmark/DirectNonDeduplicatingCountScan/400000/64          75205326 ns     75206385 ns            1 cycles_per_iteration=157.94M instructions_per_iteration=974.574M items_per_second=5.3187M/s
ScalarCountQueryBenchmark/DirectNonDeduplicatingCountScan/400000/64          73343515 ns     73344246 ns            1 cycles_per_iteration=154.028M instructions_per_iteration=974.795M items_per_second=5.45373M/s
ScalarCountQueryBenchmark/DirectNonDeduplicatingCountScan/400000/64          76617479 ns     76618196 ns            1 cycles_per_iteration=160.906M instructions_per_iteration=974.569M items_per_second=5.22069M/s
ScalarCountQueryBenchmark/DirectNonDeduplicatingCountScan/400000/64_mean     75178337 ns     75159218 ns            5 cycles_per_iteration=157.883M instructions_per_iteration=974.615M items_per_second=5.32378M/s
ScalarCountQueryBenchmark/DirectNonDeduplicatingCountScan/400000/64_median   75205326 ns     75206385 ns            5 cycles_per_iteration=157.94M instructions_per_iteration=974.574M items_per_second=5.3187M/s
ScalarCountQueryBenchmark/DirectNonDeduplicatingCountScan/400000/64_stddev    1529913 ns      1519541 ns            5 cycles_per_iteration=3.21342M instructions_per_iteration=100.631k items_per_second=107.827k/s
