{"t":{"$date":"2026-08-06T05:16:17.633+08:00"},"s":"I",  "c":"-",        "id":8991200, "ctx":"main","msg":"Shuffling initializers","attr":{"seed":153634695}}
2026-08-06T05:16:17+08:00
Running /tmp/mongo-count-query-bm-countscan-C-final-candidate
Run on (96 X 4000 MHz CPU s)
CPU Caches:
  L1 Data 48 KiB (x48)
  L1 Instruction 32 KiB (x48)
  L2 Unified 2048 KiB (x48)
  L3 Unified 61440 KiB (x2)
Load Average: 2.11, 1.93, 4.34
----------------------------------------------------------------------------------------------------------------------------------------
Benchmark                                                                              Time             CPU   Iterations UserCounters...
----------------------------------------------------------------------------------------------------------------------------------------
UnoptimizedCountQueryBenchmark/FetchingCountWithoutCountScan/200000/64         156204939 ns    155952565 ns            1 cycles_per_iteration=328.041M instructions_per_iteration=1.87582G
UnoptimizedCountQueryBenchmark/FetchingCountWithoutCountScan/200000/64         161713600 ns    161545374 ns            1 cycles_per_iteration=339.607M instructions_per_iteration=1.87594G
UnoptimizedCountQueryBenchmark/FetchingCountWithoutCountScan/200000/64         151179552 ns    150869789 ns            1 cycles_per_iteration=317.485M instructions_per_iteration=1.87578G
UnoptimizedCountQueryBenchmark/FetchingCountWithoutCountScan/200000/64         146783590 ns    146738917 ns            1 cycles_per_iteration=308.254M instructions_per_iteration=1.87564G
UnoptimizedCountQueryBenchmark/FetchingCountWithoutCountScan/200000/64         147001743 ns    146836747 ns            1 cycles_per_iteration=308.711M instructions_per_iteration=1.8757G
UnoptimizedCountQueryBenchmark/FetchingCountWithoutCountScan/200000/64_mean    152576685 ns    152388678 ns            5 cycles_per_iteration=320.42M instructions_per_iteration=1.87578G
UnoptimizedCountQueryBenchmark/FetchingCountWithoutCountScan/200000/64_median  151179552 ns    150869789 ns            5 cycles_per_iteration=317.485M instructions_per_iteration=1.87578G
UnoptimizedCountQueryBenchmark/FetchingCountWithoutCountScan/200000/64_stddev    6388258 ns      6356043 ns            5 cycles_per_iteration=13.4161M instructions_per_iteration=114.413k
