{"t":{"$date":"2026-08-06T05:36:39.644+08:00"},"s":"I",  "c":"-",        "id":8991200, "ctx":"main","msg":"Shuffling initializers","attr":{"seed":4059651811}}
2026-08-06T05:36:39+08:00
Running /tmp/mongo-count-query-bm-countscan-C-final-candidate
Run on (96 X 4000 MHz CPU s)
CPU Caches:
  L1 Data 48 KiB (x48)
  L1 Instruction 32 KiB (x48)
  L2 Unified 2048 KiB (x48)
  L3 Unified 61440 KiB (x2)
Load Average: 2.08, 2.18, 2.86
------------------------------------------------------------------------------------------------------------------------------------
Benchmark                                                                          Time             CPU   Iterations UserCounters...
------------------------------------------------------------------------------------------------------------------------------------
MultikeyCountQueryBenchmark/DirectDeduplicatingCountScan/200000/64          93543530 ns     93544688 ns            1 cycles_per_iteration=196.45M instructions_per_iteration=1.10605G items_per_second=4.27603M/s
MultikeyCountQueryBenchmark/DirectDeduplicatingCountScan/200000/64          98114967 ns     98116506 ns            1 cycles_per_iteration=206.05M instructions_per_iteration=1.10604G items_per_second=4.07679M/s
MultikeyCountQueryBenchmark/DirectDeduplicatingCountScan/200000/64          97153425 ns     97053955 ns            1 cycles_per_iteration=204.031M instructions_per_iteration=1.10603G items_per_second=4.12142M/s
MultikeyCountQueryBenchmark/DirectDeduplicatingCountScan/200000/64          97026587 ns     96934327 ns            1 cycles_per_iteration=203.765M instructions_per_iteration=1.10604G items_per_second=4.12651M/s
MultikeyCountQueryBenchmark/DirectDeduplicatingCountScan/200000/64          99041700 ns     98980947 ns            1 cycles_per_iteration=207.995M instructions_per_iteration=1.10601G items_per_second=4.04118M/s
MultikeyCountQueryBenchmark/DirectDeduplicatingCountScan/200000/64_mean     96976042 ns     96926085 ns            5 cycles_per_iteration=203.658M instructions_per_iteration=1.10604G items_per_second=4.12838M/s
MultikeyCountQueryBenchmark/DirectDeduplicatingCountScan/200000/64_median   97153425 ns     97053955 ns            5 cycles_per_iteration=204.031M instructions_per_iteration=1.10604G items_per_second=4.12142M/s
MultikeyCountQueryBenchmark/DirectDeduplicatingCountScan/200000/64_stddev    2084482 ns      2066992 ns            5 cycles_per_iteration=4.37718M instructions_per_iteration=13.3587k items_per_second=89.6079k/s
