{"t":{"$date":"2026-08-06T05:26:12.102+08:00"},"s":"I",  "c":"-",        "id":8991200, "ctx":"main","msg":"Shuffling initializers","attr":{"seed":1912932918}}
2026-08-06T05:26:12+08:00
Running /tmp/mongo-count-query-bm-countscan-C-final-candidate
Run on (96 X 4000 MHz CPU s)
CPU Caches:
  L1 Data 48 KiB (x48)
  L1 Instruction 32 KiB (x48)
  L2 Unified 2048 KiB (x48)
  L3 Unified 61440 KiB (x2)
Load Average: 2.04, 2.34, 3.43
------------------------------------------------------------------------------------------------------------------------------------
Benchmark                                                                          Time             CPU   Iterations UserCounters...
------------------------------------------------------------------------------------------------------------------------------------
MultikeyCountQueryBenchmark/DirectDeduplicatingCountScan/200000/64          98186493 ns     98155731 ns            1 cycles_per_iteration=206.2M instructions_per_iteration=1.10605G items_per_second=4.07516M/s
MultikeyCountQueryBenchmark/DirectDeduplicatingCountScan/200000/64          98676920 ns     98678301 ns            1 cycles_per_iteration=207.231M instructions_per_iteration=1.10606G items_per_second=4.05358M/s
MultikeyCountQueryBenchmark/DirectDeduplicatingCountScan/200000/64          93223333 ns     93109579 ns            1 cycles_per_iteration=195.776M instructions_per_iteration=1.10604G items_per_second=4.29601M/s
MultikeyCountQueryBenchmark/DirectDeduplicatingCountScan/200000/64          98304510 ns     98189291 ns            1 cycles_per_iteration=206.448M instructions_per_iteration=1.10606G items_per_second=4.07376M/s
MultikeyCountQueryBenchmark/DirectDeduplicatingCountScan/200000/64          92664480 ns     92527917 ns            1 cycles_per_iteration=194.603M instructions_per_iteration=1.10601G items_per_second=4.32302M/s
MultikeyCountQueryBenchmark/DirectDeduplicatingCountScan/200000/64_mean     96211147 ns     96132164 ns            5 cycles_per_iteration=202.052M instructions_per_iteration=1.10604G items_per_second=4.16431M/s
MultikeyCountQueryBenchmark/DirectDeduplicatingCountScan/200000/64_median   98186493 ns     98155731 ns            5 cycles_per_iteration=206.2M instructions_per_iteration=1.10605G items_per_second=4.07516M/s
MultikeyCountQueryBenchmark/DirectDeduplicatingCountScan/200000/64_stddev    2994581 ns      3038751 ns            5 cycles_per_iteration=6.28938M instructions_per_iteration=20.6891k items_per_second=133.176k/s
