{"t":{"$date":"2026-08-06T05:31:05.447+08:00"},"s":"I",  "c":"-",        "id":8991200, "ctx":"main","msg":"Shuffling initializers","attr":{"seed":1621119269}}
2026-08-06T05:31:05+08:00
Running /tmp/mongo-count-query-bm-countscan-B-rejected-heavyweight-implementation
Run on (96 X 4000 MHz CPU s)
CPU Caches:
  L1 Data 48 KiB (x48)
  L1 Instruction 32 KiB (x48)
  L2 Unified 2048 KiB (x48)
  L3 Unified 61440 KiB (x2)
Load Average: 2.38, 2.52, 3.23
------------------------------------------------------------------------------------------------------------------------------------
Benchmark                                                                          Time             CPU   Iterations UserCounters...
------------------------------------------------------------------------------------------------------------------------------------
MultikeyCountQueryBenchmark/DirectDeduplicatingCountScan/200000/64         107449293 ns    107450127 ns            1 cycles_per_iteration=225.652M instructions_per_iteration=1.10253G items_per_second=3.72266M/s
MultikeyCountQueryBenchmark/DirectDeduplicatingCountScan/200000/64          99082947 ns     99084418 ns            1 cycles_per_iteration=208.084M instructions_per_iteration=1.10242G items_per_second=4.03696M/s
MultikeyCountQueryBenchmark/DirectDeduplicatingCountScan/200000/64          95482111 ns     95353598 ns            1 cycles_per_iteration=200.521M instructions_per_iteration=1.10246G items_per_second=4.19491M/s
MultikeyCountQueryBenchmark/DirectDeduplicatingCountScan/200000/64          95334768 ns     95196828 ns            1 cycles_per_iteration=200.212M instructions_per_iteration=1.10252G items_per_second=4.20182M/s
MultikeyCountQueryBenchmark/DirectDeduplicatingCountScan/200000/64          93250990 ns     93026789 ns            1 cycles_per_iteration=195.835M instructions_per_iteration=1.10245G items_per_second=4.29984M/s
MultikeyCountQueryBenchmark/DirectDeduplicatingCountScan/200000/64_mean     98120022 ns     98022352 ns            5 cycles_per_iteration=206.061M instructions_per_iteration=1.10248G items_per_second=4.09124M/s
MultikeyCountQueryBenchmark/DirectDeduplicatingCountScan/200000/64_median   95482111 ns     95353598 ns            5 cycles_per_iteration=200.521M instructions_per_iteration=1.10246G items_per_second=4.19491M/s
MultikeyCountQueryBenchmark/DirectDeduplicatingCountScan/200000/64_stddev    5621081 ns      5702465 ns            5 cycles_per_iteration=11.8042M instructions_per_iteration=49.3199k items_per_second=226.544k/s
