{"t":{"$date":"2026-08-06T05:40:09.418+08:00"},"s":"I",  "c":"-",        "id":8991200, "ctx":"main","msg":"Shuffling initializers","attr":{"seed":1747901749}}
2026-08-06T05:40:09+08:00
Running /tmp/mongo-count-query-bm-countscan-B-rejected-heavyweight-implementation
Run on (96 X 4000 MHz CPU s)
CPU Caches:
  L1 Data 48 KiB (x48)
  L1 Instruction 32 KiB (x48)
  L2 Unified 2048 KiB (x48)
  L3 Unified 61440 KiB (x2)
Load Average: 1.86, 2.02, 2.66
-------------------------------------------------------------------------------------------------------------------------------------
Benchmark                                                                           Time             CPU   Iterations UserCounters...
-------------------------------------------------------------------------------------------------------------------------------------
ScalarCountQueryBenchmark/DirectNonDeduplicatingCountScan/400000/64          69771051 ns     69771260 ns            1 cycles_per_iteration=146.528M instructions_per_iteration=974.555M items_per_second=5.73302M/s
ScalarCountQueryBenchmark/DirectNonDeduplicatingCountScan/400000/64          76846123 ns     76803720 ns            1 cycles_per_iteration=161.385M instructions_per_iteration=974.55M items_per_second=5.20808M/s
ScalarCountQueryBenchmark/DirectNonDeduplicatingCountScan/400000/64          78917980 ns     78872832 ns            1 cycles_per_iteration=165.736M instructions_per_iteration=974.559M items_per_second=5.07145M/s
ScalarCountQueryBenchmark/DirectNonDeduplicatingCountScan/400000/64          74114799 ns     74115896 ns            1 cycles_per_iteration=155.65M instructions_per_iteration=974.81M items_per_second=5.39695M/s
ScalarCountQueryBenchmark/DirectNonDeduplicatingCountScan/400000/64          75055122 ns     75019138 ns            1 cycles_per_iteration=157.624M instructions_per_iteration=974.568M items_per_second=5.33197M/s
ScalarCountQueryBenchmark/DirectNonDeduplicatingCountScan/400000/64_mean     74941015 ns     74916569 ns            5 cycles_per_iteration=157.385M instructions_per_iteration=974.609M items_per_second=5.3483M/s
ScalarCountQueryBenchmark/DirectNonDeduplicatingCountScan/400000/64_median   75055122 ns     75019138 ns            5 cycles_per_iteration=157.624M instructions_per_iteration=974.559M items_per_second=5.33197M/s
ScalarCountQueryBenchmark/DirectNonDeduplicatingCountScan/400000/64_stddev    3423078 ns      3403644 ns            5 cycles_per_iteration=7.18829M instructions_per_iteration=112.968k items_per_second=248.469k/s
