{"t":{"$date":"2026-08-06T05:38:51.256+08:00"},"s":"I",  "c":"-",        "id":8991200, "ctx":"main","msg":"Shuffling initializers","attr":{"seed":1764572462}}
2026-08-06T05:38:51+08:00
Running /tmp/mongo-count-query-bm-countscan-C-final-candidate
Run on (96 X 4000 MHz CPU s)
CPU Caches:
  L1 Data 48 KiB (x48)
  L1 Instruction 32 KiB (x48)
  L2 Unified 2048 KiB (x48)
  L3 Unified 61440 KiB (x2)
Load Average: 2.00, 2.07, 2.72
----------------------------------------------------------------------------------------------------------------------------------------
Benchmark                                                                              Time             CPU   Iterations UserCounters...
----------------------------------------------------------------------------------------------------------------------------------------
UnoptimizedCountQueryBenchmark/FetchingCountWithoutCountScan/200000/64         153815746 ns    153710910 ns            1 cycles_per_iteration=323.023M instructions_per_iteration=1.92045G
UnoptimizedCountQueryBenchmark/FetchingCountWithoutCountScan/200000/64         147428036 ns    147122727 ns            1 cycles_per_iteration=309.607M instructions_per_iteration=1.92052G
UnoptimizedCountQueryBenchmark/FetchingCountWithoutCountScan/200000/64         148240566 ns    148134843 ns            1 cycles_per_iteration=311.313M instructions_per_iteration=1.9203G
UnoptimizedCountQueryBenchmark/FetchingCountWithoutCountScan/200000/64         151563406 ns    151401524 ns            1 cycles_per_iteration=318.292M instructions_per_iteration=1.9204G
UnoptimizedCountQueryBenchmark/FetchingCountWithoutCountScan/200000/64         155007362 ns    154882091 ns            1 cycles_per_iteration=325.523M instructions_per_iteration=1.92028G
UnoptimizedCountQueryBenchmark/FetchingCountWithoutCountScan/200000/64_mean    151211023 ns    151050419 ns            5 cycles_per_iteration=317.551M instructions_per_iteration=1.92039G
UnoptimizedCountQueryBenchmark/FetchingCountWithoutCountScan/200000/64_median  151563406 ns    151401524 ns            5 cycles_per_iteration=318.292M instructions_per_iteration=1.9204G
UnoptimizedCountQueryBenchmark/FetchingCountWithoutCountScan/200000/64_stddev    3333750 ns      3384174 ns            5 cycles_per_iteration=7.00113M instructions_per_iteration=98.0719k
