{"t":{"$date":"2026-08-06T05:25:18.653+08:00"},"s":"I",  "c":"-",        "id":8991200, "ctx":"main","msg":"Shuffling initializers","attr":{"seed":2729082005}}
2026-08-06T05:25:18+08:00
Running /tmp/mongo-count-query-bm-countscan-A-upstream-production-normalized-harness
Run on (96 X 4000 MHz CPU s)
CPU Caches:
  L1 Data 48 KiB (x48)
  L1 Instruction 32 KiB (x48)
  L2 Unified 2048 KiB (x48)
  L3 Unified 61440 KiB (x2)
Load Average: 2.38, 2.43, 3.52
-------------------------------------------------------------------------------------------------------------------------------------
Benchmark                                                                           Time             CPU   Iterations UserCounters...
-------------------------------------------------------------------------------------------------------------------------------------
ScalarCountQueryBenchmark/DirectNonDeduplicatingCountScan/400000/64          79274416 ns     79274898 ns            1 cycles_per_iteration=166.483M instructions_per_iteration=1026.16M items_per_second=5.04573M/s
ScalarCountQueryBenchmark/DirectNonDeduplicatingCountScan/400000/64          79922915 ns     79868227 ns            1 cycles_per_iteration=167.846M instructions_per_iteration=1026.14M items_per_second=5.00825M/s
ScalarCountQueryBenchmark/DirectNonDeduplicatingCountScan/400000/64          80000639 ns     79969042 ns            1 cycles_per_iteration=168.013M instructions_per_iteration=1026.14M items_per_second=5.00194M/s
ScalarCountQueryBenchmark/DirectNonDeduplicatingCountScan/400000/64          77474594 ns     77443791 ns            1 cycles_per_iteration=162.705M instructions_per_iteration=1026.14M items_per_second=5.16504M/s
ScalarCountQueryBenchmark/DirectNonDeduplicatingCountScan/400000/64          80168247 ns     80169258 ns            1 cycles_per_iteration=168.363M instructions_per_iteration=1026.16M items_per_second=4.98944M/s
ScalarCountQueryBenchmark/DirectNonDeduplicatingCountScan/400000/64_mean     79368162 ns     79345043 ns            5 cycles_per_iteration=166.682M instructions_per_iteration=1026.15M items_per_second=5.04208M/s
ScalarCountQueryBenchmark/DirectNonDeduplicatingCountScan/400000/64_median   79922915 ns     79868227 ns            5 cycles_per_iteration=167.846M instructions_per_iteration=1026.14M items_per_second=5.00825M/s
ScalarCountQueryBenchmark/DirectNonDeduplicatingCountScan/400000/64_stddev    1111564 ns      1113789 ns            5 cycles_per_iteration=2.33486M instructions_per_iteration=9.75581k items_per_second=71.865k/s
