{"t":{"$date":"2026-08-06T05:22:02.432+08:00"},"s":"I",  "c":"-",        "id":8991200, "ctx":"main","msg":"Shuffling initializers","attr":{"seed":2079740163}}
2026-08-06T05:22:02+08:00
Running /tmp/mongo-count-query-bm-countscan-B-rejected-heavyweight-implementation
Run on (96 X 4000 MHz CPU s)
CPU Caches:
  L1 Data 48 KiB (x48)
  L1 Instruction 32 KiB (x48)
  L2 Unified 2048 KiB (x48)
  L3 Unified 61440 KiB (x2)
Load Average: 2.53, 2.32, 3.75
------------------------------------------------------------------------------------------------------------------------------------------
Benchmark                                                                                Time             CPU   Iterations UserCounters...
------------------------------------------------------------------------------------------------------------------------------------------
CompoundWildcardCountQueryBenchmark/DirectNonMultikeyCountScan/200000/64          50515175 ns     50507426 ns            1 cycles_per_iteration=106.088M instructions_per_iteration=610.717M items_per_second=3.95981M/s
CompoundWildcardCountQueryBenchmark/DirectNonMultikeyCountScan/200000/64          51584244 ns     51585096 ns            1 cycles_per_iteration=108.334M instructions_per_iteration=610.723M items_per_second=3.87709M/s
CompoundWildcardCountQueryBenchmark/DirectNonMultikeyCountScan/200000/64          52652597 ns     52632622 ns            1 cycles_per_iteration=110.578M instructions_per_iteration=610.744M items_per_second=3.79992M/s
CompoundWildcardCountQueryBenchmark/DirectNonMultikeyCountScan/200000/64          54532766 ns     54533466 ns            1 cycles_per_iteration=114.526M instructions_per_iteration=610.804M items_per_second=3.66747M/s
CompoundWildcardCountQueryBenchmark/DirectNonMultikeyCountScan/200000/64          51987648 ns     51965159 ns            1 cycles_per_iteration=109.182M instructions_per_iteration=610.906M items_per_second=3.84873M/s
CompoundWildcardCountQueryBenchmark/DirectNonMultikeyCountScan/200000/64_mean     52254486 ns     52244754 ns            5 cycles_per_iteration=109.741M instructions_per_iteration=610.779M items_per_second=3.83061M/s
CompoundWildcardCountQueryBenchmark/DirectNonMultikeyCountScan/200000/64_median   51987648 ns     51965159 ns            5 cycles_per_iteration=109.182M instructions_per_iteration=610.744M items_per_second=3.84873M/s
CompoundWildcardCountQueryBenchmark/DirectNonMultikeyCountScan/200000/64_stddev    1491198 ns      1493341 ns            5 cycles_per_iteration=3.13184M instructions_per_iteration=78.9974k items_per_second=108.094k/s
