{"t":{"$date":"2026-08-06T05:37:48.803+08:00"},"s":"I",  "c":"-",        "id":8991200, "ctx":"main","msg":"Shuffling initializers","attr":{"seed":4106026929}}
2026-08-06T05:37:48+08:00
Running /tmp/mongo-count-query-bm-countscan-A-upstream-production-normalized-harness
Run on (96 X 4000 MHz CPU s)
CPU Caches:
  L1 Data 48 KiB (x48)
  L1 Instruction 32 KiB (x48)
  L2 Unified 2048 KiB (x48)
  L3 Unified 61440 KiB (x2)
Load Average: 1.87, 2.12, 2.79
------------------------------------------------------------------------------------------------------------------------------------------
Benchmark                                                                                Time             CPU   Iterations UserCounters...
------------------------------------------------------------------------------------------------------------------------------------------
CompoundWildcardCountQueryBenchmark/DirectNonMultikeyCountScan/200000/64          54336309 ns     54298501 ns            1 cycles_per_iteration=114.113M instructions_per_iteration=636.115M items_per_second=3.68334M/s
CompoundWildcardCountQueryBenchmark/DirectNonMultikeyCountScan/200000/64          55689573 ns     55690013 ns            1 cycles_per_iteration=116.954M instructions_per_iteration=636.112M items_per_second=3.59131M/s
CompoundWildcardCountQueryBenchmark/DirectNonMultikeyCountScan/200000/64          54005861 ns     53925968 ns            1 cycles_per_iteration=113.419M instructions_per_iteration=636.14M items_per_second=3.70879M/s
CompoundWildcardCountQueryBenchmark/DirectNonMultikeyCountScan/200000/64          50899029 ns     50899508 ns            1 cycles_per_iteration=106.894M instructions_per_iteration=636.158M items_per_second=3.92931M/s
CompoundWildcardCountQueryBenchmark/DirectNonMultikeyCountScan/200000/64          56672096 ns     56583240 ns            1 cycles_per_iteration=119.02M instructions_per_iteration=636.138M items_per_second=3.53462M/s
CompoundWildcardCountQueryBenchmark/DirectNonMultikeyCountScan/200000/64_mean     54320574 ns     54279446 ns            5 cycles_per_iteration=114.08M instructions_per_iteration=636.132M items_per_second=3.68947M/s
CompoundWildcardCountQueryBenchmark/DirectNonMultikeyCountScan/200000/64_median   54336309 ns     54298501 ns            5 cycles_per_iteration=114.113M instructions_per_iteration=636.138M items_per_second=3.68334M/s
CompoundWildcardCountQueryBenchmark/DirectNonMultikeyCountScan/200000/64_stddev    2191465 ns      2170625 ns            5 cycles_per_iteration=4.60293M instructions_per_iteration=19.1222k items_per_second=151.286k/s
