{"t":{"$date":"2026-08-06T05:13:03.778+08:00"},"s":"I",  "c":"-",        "id":8991200, "ctx":"main","msg":"Shuffling initializers","attr":{"seed":824277820}}
2026-08-06T05:13:03+08:00
Running /tmp/mongo-count-query-bm-countscan-B-rejected-heavyweight-implementation
Run on (96 X 4000 MHz CPU s)
CPU Caches:
  L1 Data 48 KiB (x48)
  L1 Instruction 32 KiB (x48)
  L2 Unified 2048 KiB (x48)
  L3 Unified 61440 KiB (x2)
Load Average: 2.48, 1.77, 4.87
-------------------------------------------------------------------------------------------------------------------------------------
Benchmark                                                                           Time             CPU   Iterations UserCounters...
-------------------------------------------------------------------------------------------------------------------------------------
ScalarCountQueryBenchmark/DirectNonDeduplicatingCountScan/400000/64          75553417 ns     75513176 ns            1 cycles_per_iteration=158.671M instructions_per_iteration=974.56M items_per_second=5.29709M/s
ScalarCountQueryBenchmark/DirectNonDeduplicatingCountScan/400000/64          77887058 ns     77766239 ns            1 cycles_per_iteration=163.572M instructions_per_iteration=974.561M items_per_second=5.14362M/s
ScalarCountQueryBenchmark/DirectNonDeduplicatingCountScan/400000/64          77583790 ns     77584761 ns            1 cycles_per_iteration=162.934M instructions_per_iteration=974.583M items_per_second=5.15565M/s
ScalarCountQueryBenchmark/DirectNonDeduplicatingCountScan/400000/64          80545187 ns     80546409 ns            1 cycles_per_iteration=169.154M instructions_per_iteration=974.576M items_per_second=4.96608M/s
ScalarCountQueryBenchmark/DirectNonDeduplicatingCountScan/400000/64          73943615 ns     73896245 ns            1 cycles_per_iteration=155.29M instructions_per_iteration=974.559M items_per_second=5.41299M/s
ScalarCountQueryBenchmark/DirectNonDeduplicatingCountScan/400000/64_mean     77102613 ns     77061366 ns            5 cycles_per_iteration=161.924M instructions_per_iteration=974.568M items_per_second=5.19509M/s
ScalarCountQueryBenchmark/DirectNonDeduplicatingCountScan/400000/64_median   77583790 ns     77584761 ns            5 cycles_per_iteration=162.934M instructions_per_iteration=974.561M items_per_second=5.15565M/s
ScalarCountQueryBenchmark/DirectNonDeduplicatingCountScan/400000/64_stddev    2503871 ns      2516505 ns            5 cycles_per_iteration=5.25841M instructions_per_iteration=11.0495k items_per_second=169.216k/s
