{"t":{"$date":"2026-08-06T05:14:33.208+08:00"},"s":"I",  "c":"-",        "id":8991200, "ctx":"main","msg":"Shuffling initializers","attr":{"seed":3409744413}}
2026-08-06T05:14:33+08:00
Running /tmp/mongo-count-query-bm-countscan-B-rejected-heavyweight-implementation
Run on (96 X 4000 MHz CPU s)
CPU Caches:
  L1 Data 48 KiB (x48)
  L1 Instruction 32 KiB (x48)
  L2 Unified 2048 KiB (x48)
  L3 Unified 61440 KiB (x2)
Load Average: 2.15, 1.85, 4.60
-------------------------------------------------------------------------------------------------------------------------------------
Benchmark                                                                           Time             CPU   Iterations UserCounters...
-------------------------------------------------------------------------------------------------------------------------------------
ScalarCountQueryBenchmark/DirectNonDeduplicatingCountScan/400000/64          79298019 ns     79216173 ns            1 cycles_per_iteration=166.536M instructions_per_iteration=974.571M items_per_second=5.04947M/s
ScalarCountQueryBenchmark/DirectNonDeduplicatingCountScan/400000/64          75227022 ns     75228202 ns            1 cycles_per_iteration=157.987M instructions_per_iteration=974.582M items_per_second=5.31715M/s
ScalarCountQueryBenchmark/DirectNonDeduplicatingCountScan/400000/64          76666355 ns     76667175 ns            1 cycles_per_iteration=161.008M instructions_per_iteration=974.57M items_per_second=5.21736M/s
ScalarCountQueryBenchmark/DirectNonDeduplicatingCountScan/400000/64          80737829 ns     80707822 ns            1 cycles_per_iteration=169.558M instructions_per_iteration=974.639M items_per_second=4.95615M/s
ScalarCountQueryBenchmark/DirectNonDeduplicatingCountScan/400000/64          74075699 ns     74076375 ns            1 cycles_per_iteration=155.566M instructions_per_iteration=974.544M items_per_second=5.39983M/s
ScalarCountQueryBenchmark/DirectNonDeduplicatingCountScan/400000/64_mean     77200985 ns     77179149 ns            5 cycles_per_iteration=162.131M instructions_per_iteration=974.581M items_per_second=5.18799M/s
ScalarCountQueryBenchmark/DirectNonDeduplicatingCountScan/400000/64_median   76666355 ns     76667175 ns            5 cycles_per_iteration=161.008M instructions_per_iteration=974.571M items_per_second=5.21736M/s
ScalarCountQueryBenchmark/DirectNonDeduplicatingCountScan/400000/64_stddev    2777436 ns      2752114 ns            5 cycles_per_iteration=5.83282M instructions_per_iteration=35.2266k items_per_second=183.957k/s
