{"t":{"$date":"2026-08-06T05:46:26.879+08:00"},"s":"I",  "c":"-",        "id":8991200, "ctx":"main","msg":"Shuffling initializers","attr":{"seed":1468516378}}
2026-08-06T05:46:26+08:00
Running /tmp/mongo-count-query-bm-countscan-B-rejected-heavyweight-implementation
Run on (96 X 4000 MHz CPU s)
CPU Caches:
  L1 Data 48 KiB (x48)
  L1 Instruction 32 KiB (x48)
  L2 Unified 2048 KiB (x48)
  L3 Unified 61440 KiB (x2)
Load Average: 1.81, 2.01, 2.45
------------------------------------------------------------------------------------------------------------------------------------
Benchmark                                                                          Time             CPU   Iterations UserCounters...
------------------------------------------------------------------------------------------------------------------------------------
MultikeyCountQueryBenchmark/DirectDeduplicatingCountScan/200000/64          99610806 ns     99563634 ns            1 cycles_per_iteration=209.192M instructions_per_iteration=1.10251G items_per_second=4.01753M/s
MultikeyCountQueryBenchmark/DirectDeduplicatingCountScan/200000/64          95455408 ns     95412279 ns            1 cycles_per_iteration=200.466M instructions_per_iteration=1.10243G items_per_second=4.19233M/s
MultikeyCountQueryBenchmark/DirectDeduplicatingCountScan/200000/64          94014645 ns     93901947 ns            1 cycles_per_iteration=197.437M instructions_per_iteration=1.10243G items_per_second=4.25976M/s
MultikeyCountQueryBenchmark/DirectDeduplicatingCountScan/200000/64          95020771 ns     94959933 ns            1 cycles_per_iteration=199.554M instructions_per_iteration=1.10241G items_per_second=4.2123M/s
MultikeyCountQueryBenchmark/DirectDeduplicatingCountScan/200000/64          93451738 ns     93340236 ns            1 cycles_per_iteration=196.257M instructions_per_iteration=1.10243G items_per_second=4.2854M/s
MultikeyCountQueryBenchmark/DirectDeduplicatingCountScan/200000/64_mean     95510674 ns     95435606 ns            5 cycles_per_iteration=200.581M instructions_per_iteration=1.10244G items_per_second=4.19347M/s
MultikeyCountQueryBenchmark/DirectDeduplicatingCountScan/200000/64_median   95020771 ns     94959933 ns            5 cycles_per_iteration=199.554M instructions_per_iteration=1.10243G items_per_second=4.2123M/s
MultikeyCountQueryBenchmark/DirectDeduplicatingCountScan/200000/64_stddev    2425462 ns      2450006 ns            5 cycles_per_iteration=5.09395M instructions_per_iteration=38.3039k items_per_second=105.066k/s
