{"t":{"$date":"2026-08-06T05:45:29.418+08:00"},"s":"I",  "c":"-",        "id":8991200, "ctx":"main","msg":"Shuffling initializers","attr":{"seed":1759884521}}
2026-08-06T05:45:29+08:00
Running /tmp/mongo-count-query-bm-countscan-B-rejected-heavyweight-implementation
Run on (96 X 4000 MHz CPU s)
CPU Caches:
  L1 Data 48 KiB (x48)
  L1 Instruction 32 KiB (x48)
  L2 Unified 2048 KiB (x48)
  L3 Unified 61440 KiB (x2)
Load Average: 2.28, 2.12, 2.52
------------------------------------------------------------------------------------------------------------------------------------
Benchmark                                                                          Time             CPU   Iterations UserCounters...
------------------------------------------------------------------------------------------------------------------------------------
MultikeyCountQueryBenchmark/DirectDeduplicatingCountScan/200000/64          97202301 ns     97185222 ns            1 cycles_per_iteration=204.134M instructions_per_iteration=1.10216G items_per_second=4.11585M/s
MultikeyCountQueryBenchmark/DirectDeduplicatingCountScan/200000/64          89019299 ns     88993852 ns            1 cycles_per_iteration=186.948M instructions_per_iteration=1.1025G items_per_second=4.49469M/s
MultikeyCountQueryBenchmark/DirectDeduplicatingCountScan/200000/64          91911077 ns     91797856 ns            1 cycles_per_iteration=193.022M instructions_per_iteration=1.10248G items_per_second=4.3574M/s
MultikeyCountQueryBenchmark/DirectDeduplicatingCountScan/200000/64          94310045 ns     94191416 ns            1 cycles_per_iteration=198.059M instructions_per_iteration=1.10227G items_per_second=4.24667M/s
MultikeyCountQueryBenchmark/DirectDeduplicatingCountScan/200000/64         104614496 ns    104491061 ns            1 cycles_per_iteration=219.697M instructions_per_iteration=1.10258G items_per_second=3.82808M/s
MultikeyCountQueryBenchmark/DirectDeduplicatingCountScan/200000/64_mean     95411444 ns     95331881 ns            5 cycles_per_iteration=200.372M instructions_per_iteration=1.1024G items_per_second=4.20854M/s
MultikeyCountQueryBenchmark/DirectDeduplicatingCountScan/200000/64_median   94310045 ns     94191416 ns            5 cycles_per_iteration=198.059M instructions_per_iteration=1.10248G items_per_second=4.24667M/s
MultikeyCountQueryBenchmark/DirectDeduplicatingCountScan/200000/64_stddev    5962980 ns      5943191 ns            5 cycles_per_iteration=12.5222M instructions_per_iteration=173.583k items_per_second=254.381k/s
