{"t":{"$date":"2026-08-06T05:31:26.351+08:00"},"s":"I",  "c":"-",        "id":8991200, "ctx":"main","msg":"Shuffling initializers","attr":{"seed":2910266214}}
2026-08-06T05:31:26+08:00
Running /tmp/mongo-count-query-bm-countscan-C-final-candidate
Run on (96 X 4000 MHz CPU s)
CPU Caches:
  L1 Data 48 KiB (x48)
  L1 Instruction 32 KiB (x48)
  L2 Unified 2048 KiB (x48)
  L3 Unified 61440 KiB (x2)
Load Average: 2.26, 2.48, 3.20
-------------------------------------------------------------------------------------------------------------------------------------
Benchmark                                                                           Time             CPU   Iterations UserCounters...
-------------------------------------------------------------------------------------------------------------------------------------
ScalarCountQueryBenchmark/DirectNonDeduplicatingCountScan/400000/64          81535816 ns     81536822 ns            1 cycles_per_iteration=171.234M instructions_per_iteration=978.984M items_per_second=4.90576M/s
ScalarCountQueryBenchmark/DirectNonDeduplicatingCountScan/400000/64          75936794 ns     75893814 ns            1 cycles_per_iteration=159.475M instructions_per_iteration=978.973M items_per_second=5.27052M/s
ScalarCountQueryBenchmark/DirectNonDeduplicatingCountScan/400000/64          79232216 ns     79233073 ns            1 cycles_per_iteration=166.397M instructions_per_iteration=978.959M items_per_second=5.0484M/s
ScalarCountQueryBenchmark/DirectNonDeduplicatingCountScan/400000/64          76773882 ns     76749500 ns            1 cycles_per_iteration=161.233M instructions_per_iteration=979.186M items_per_second=5.21176M/s
ScalarCountQueryBenchmark/DirectNonDeduplicatingCountScan/400000/64          79932451 ns     79903143 ns            1 cycles_per_iteration=167.868M instructions_per_iteration=978.978M items_per_second=5.00606M/s
ScalarCountQueryBenchmark/DirectNonDeduplicatingCountScan/400000/64_mean     78682232 ns     78663270 ns            5 cycles_per_iteration=165.241M instructions_per_iteration=979.016M items_per_second=5.0885M/s
ScalarCountQueryBenchmark/DirectNonDeduplicatingCountScan/400000/64_median   79232216 ns     79233073 ns            5 cycles_per_iteration=166.397M instructions_per_iteration=978.978M items_per_second=5.0484M/s
ScalarCountQueryBenchmark/DirectNonDeduplicatingCountScan/400000/64_stddev    2301505 ns      2315797 ns            5 cycles_per_iteration=4.83373M instructions_per_iteration=95.6251k items_per_second=150.103k/s
