{"t":{"$date":"2026-08-06T05:38:33.013+08:00"},"s":"I",  "c":"-",        "id":8991200, "ctx":"main","msg":"Shuffling initializers","attr":{"seed":2717952410}}
2026-08-06T05:38:33+08:00
Running /tmp/mongo-count-query-bm-countscan-C-final-candidate
Run on (96 X 4000 MHz CPU s)
CPU Caches:
  L1 Data 48 KiB (x48)
  L1 Instruction 32 KiB (x48)
  L2 Unified 2048 KiB (x48)
  L3 Unified 61440 KiB (x2)
Load Average: 1.57, 2.01, 2.72
-------------------------------------------------------------------------------------------------------------------------------------
Benchmark                                                                           Time             CPU   Iterations UserCounters...
-------------------------------------------------------------------------------------------------------------------------------------
ScalarCountQueryBenchmark/DirectNonDeduplicatingCountScan/400000/64          73829412 ns     73830012 ns            1 cycles_per_iteration=155.051M instructions_per_iteration=978.952M items_per_second=5.41785M/s
ScalarCountQueryBenchmark/DirectNonDeduplicatingCountScan/400000/64          88784695 ns     88750507 ns            1 cycles_per_iteration=186.459M instructions_per_iteration=978.986M items_per_second=4.50702M/s
ScalarCountQueryBenchmark/DirectNonDeduplicatingCountScan/400000/64          80664635 ns     80578688 ns            1 cycles_per_iteration=169.405M instructions_per_iteration=978.969M items_per_second=4.96409M/s
ScalarCountQueryBenchmark/DirectNonDeduplicatingCountScan/400000/64          77260494 ns     77261497 ns            1 cycles_per_iteration=162.255M instructions_per_iteration=978.98M items_per_second=5.17722M/s
ScalarCountQueryBenchmark/DirectNonDeduplicatingCountScan/400000/64          76078415 ns     76079613 ns            1 cycles_per_iteration=159.773M instructions_per_iteration=979.238M items_per_second=5.25765M/s
ScalarCountQueryBenchmark/DirectNonDeduplicatingCountScan/400000/64_mean     79323530 ns     79300063 ns            5 cycles_per_iteration=166.589M instructions_per_iteration=979.025M items_per_second=5.06477M/s
ScalarCountQueryBenchmark/DirectNonDeduplicatingCountScan/400000/64_median   77260494 ns     77261497 ns            5 cycles_per_iteration=162.255M instructions_per_iteration=978.98M items_per_second=5.17722M/s
ScalarCountQueryBenchmark/DirectNonDeduplicatingCountScan/400000/64_stddev    5837046 ns      5817952 ns            5 cycles_per_iteration=12.2587M instructions_per_iteration=119.568k items_per_second=352.044k/s
