{"t":{"$date":"2026-08-06T05:16:28.888+08:00"},"s":"I",  "c":"-",        "id":8991200, "ctx":"main","msg":"Shuffling initializers","attr":{"seed":2183990862}}
2026-08-06T05:16:28+08:00
Running /tmp/mongo-count-query-bm-countscan-B-rejected-heavyweight-implementation
Run on (96 X 4000 MHz CPU s)
CPU Caches:
  L1 Data 48 KiB (x48)
  L1 Instruction 32 KiB (x48)
  L2 Unified 2048 KiB (x48)
  L3 Unified 61440 KiB (x2)
Load Average: 2.23, 1.97, 4.32
----------------------------------------------------------------------------------------------------------------------------------------
Benchmark                                                                              Time             CPU   Iterations UserCounters...
----------------------------------------------------------------------------------------------------------------------------------------
UnoptimizedCountQueryBenchmark/FetchingCountWithoutCountScan/200000/64         155115604 ns    155012090 ns            1 cycles_per_iteration=325.753M instructions_per_iteration=1.92529G
UnoptimizedCountQueryBenchmark/FetchingCountWithoutCountScan/200000/64         153229237 ns    153126136 ns            1 cycles_per_iteration=321.79M instructions_per_iteration=1.92513G
UnoptimizedCountQueryBenchmark/FetchingCountWithoutCountScan/200000/64         155066967 ns    154929173 ns            1 cycles_per_iteration=325.65M instructions_per_iteration=1.92508G
UnoptimizedCountQueryBenchmark/FetchingCountWithoutCountScan/200000/64         152026892 ns    151921693 ns            1 cycles_per_iteration=319.265M instructions_per_iteration=1.92516G
UnoptimizedCountQueryBenchmark/FetchingCountWithoutCountScan/200000/64         157700300 ns    157595085 ns            1 cycles_per_iteration=331.18M instructions_per_iteration=1.92508G
UnoptimizedCountQueryBenchmark/FetchingCountWithoutCountScan/200000/64_mean    154627800 ns    154516835 ns            5 cycles_per_iteration=324.727M instructions_per_iteration=1.92515G
UnoptimizedCountQueryBenchmark/FetchingCountWithoutCountScan/200000/64_median  155066967 ns    154929173 ns            5 cycles_per_iteration=325.65M instructions_per_iteration=1.92513G
UnoptimizedCountQueryBenchmark/FetchingCountWithoutCountScan/200000/64_stddev    2155909 ns      2154050 ns            5 cycles_per_iteration=4.52778M instructions_per_iteration=85.1355k
