{"t":{"$date":"2026-08-06T05:23:18.679+08:00"},"s":"I",  "c":"-",        "id":8991200, "ctx":"main","msg":"Shuffling initializers","attr":{"seed":3288168221}}
2026-08-06T05:23:18+08:00
Running /tmp/mongo-count-query-bm-countscan-B-rejected-heavyweight-implementation
Run on (96 X 4000 MHz CPU s)
CPU Caches:
  L1 Data 48 KiB (x48)
  L1 Instruction 32 KiB (x48)
  L2 Unified 2048 KiB (x48)
  L3 Unified 61440 KiB (x2)
Load Average: 2.23, 2.30, 3.63
------------------------------------------------------------------------------------------------------------------------------------
Benchmark                                                                          Time             CPU   Iterations UserCounters...
------------------------------------------------------------------------------------------------------------------------------------
MultikeyCountQueryBenchmark/DirectDeduplicatingCountScan/200000/64          98194838 ns     98195971 ns            1 cycles_per_iteration=206.219M instructions_per_iteration=1.10253G items_per_second=4.07349M/s
MultikeyCountQueryBenchmark/DirectDeduplicatingCountScan/200000/64         100591660 ns    100437847 ns            1 cycles_per_iteration=211.251M instructions_per_iteration=1.10258G items_per_second=3.98256M/s
MultikeyCountQueryBenchmark/DirectDeduplicatingCountScan/200000/64          95278502 ns     95163418 ns            1 cycles_per_iteration=200.092M instructions_per_iteration=1.10253G items_per_second=4.2033M/s
MultikeyCountQueryBenchmark/DirectDeduplicatingCountScan/200000/64          99696159 ns     99667541 ns            1 cycles_per_iteration=209.371M instructions_per_iteration=1.1025G items_per_second=4.01334M/s
MultikeyCountQueryBenchmark/DirectDeduplicatingCountScan/200000/64         100845337 ns    100721264 ns            1 cycles_per_iteration=211.782M instructions_per_iteration=1.10258G items_per_second=3.97136M/s
MultikeyCountQueryBenchmark/DirectDeduplicatingCountScan/200000/64_mean     98921299 ns     98837208 ns            5 cycles_per_iteration=207.743M instructions_per_iteration=1.10254G items_per_second=4.04881M/s
MultikeyCountQueryBenchmark/DirectDeduplicatingCountScan/200000/64_median   99696159 ns     99667541 ns            5 cycles_per_iteration=209.371M instructions_per_iteration=1.10253G items_per_second=4.01334M/s
MultikeyCountQueryBenchmark/DirectDeduplicatingCountScan/200000/64_stddev    2285287 ns      2275362 ns            5 cycles_per_iteration=4.79899M instructions_per_iteration=35.9955k items_per_second=95.0271k/s
