{"t":{"$date":"2026-08-06T05:22:16.792+08:00"},"s":"I",  "c":"-",        "id":8991200, "ctx":"main","msg":"Shuffling initializers","attr":{"seed":524004882}}
2026-08-06T05:22:16+08:00
Running /tmp/mongo-count-query-bm-countscan-C-final-candidate
Run on (96 X 4000 MHz CPU s)
CPU Caches:
  L1 Data 48 KiB (x48)
  L1 Instruction 32 KiB (x48)
  L2 Unified 2048 KiB (x48)
  L3 Unified 61440 KiB (x2)
Load Average: 2.34, 2.29, 3.72
----------------------------------------------------------------------------------------------------------------------------------------
Benchmark                                                                              Time             CPU   Iterations UserCounters...
----------------------------------------------------------------------------------------------------------------------------------------
UnoptimizedCountQueryBenchmark/FetchingCountWithoutCountScan/200000/64         150439262 ns    150306944 ns            1 cycles_per_iteration=315.932M instructions_per_iteration=1.87586G
UnoptimizedCountQueryBenchmark/FetchingCountWithoutCountScan/200000/64         147424459 ns    147256886 ns            1 cycles_per_iteration=309.6M instructions_per_iteration=1.87574G
UnoptimizedCountQueryBenchmark/FetchingCountWithoutCountScan/200000/64         144193649 ns    144136924 ns            1 cycles_per_iteration=302.815M instructions_per_iteration=1.87573G
UnoptimizedCountQueryBenchmark/FetchingCountWithoutCountScan/200000/64         147219419 ns    147053753 ns            1 cycles_per_iteration=309.169M instructions_per_iteration=1.87596G
UnoptimizedCountQueryBenchmark/FetchingCountWithoutCountScan/200000/64         146102905 ns    146093130 ns            1 cycles_per_iteration=306.824M instructions_per_iteration=1.87603G
UnoptimizedCountQueryBenchmark/FetchingCountWithoutCountScan/200000/64_mean    147075939 ns    146969527 ns            5 cycles_per_iteration=308.868M instructions_per_iteration=1.87586G
UnoptimizedCountQueryBenchmark/FetchingCountWithoutCountScan/200000/64_median  147219419 ns    147053753 ns            5 cycles_per_iteration=309.169M instructions_per_iteration=1.87586G
UnoptimizedCountQueryBenchmark/FetchingCountWithoutCountScan/200000/64_stddev    2275323 ns      2237171 ns            5 cycles_per_iteration=4.77891M instructions_per_iteration=135.748k
