{"t":{"$date":"2026-08-06T05:28:16.219+08:00"},"s":"I",  "c":"-",        "id":8991200, "ctx":"main","msg":"Shuffling initializers","attr":{"seed":3277957701}}
2026-08-06T05:28:16+08:00
Running /tmp/mongo-count-query-bm-countscan-A-upstream-production-normalized-harness
Run on (96 X 4000 MHz CPU s)
CPU Caches:
  L1 Data 48 KiB (x48)
  L1 Instruction 32 KiB (x48)
  L2 Unified 2048 KiB (x48)
  L3 Unified 61440 KiB (x2)
Load Average: 2.71, 2.60, 3.39
-------------------------------------------------------------------------------------------------------------------------------------
Benchmark                                                                           Time             CPU   Iterations UserCounters...
-------------------------------------------------------------------------------------------------------------------------------------
ScalarCountQueryBenchmark/DirectNonDeduplicatingCountScan/400000/64          78944921 ns     78945808 ns            1 cycles_per_iteration=165.793M instructions_per_iteration=1026.16M items_per_second=5.06677M/s
ScalarCountQueryBenchmark/DirectNonDeduplicatingCountScan/400000/64          80917358 ns     80825288 ns            1 cycles_per_iteration=169.934M instructions_per_iteration=1026.16M items_per_second=4.94895M/s
ScalarCountQueryBenchmark/DirectNonDeduplicatingCountScan/400000/64          82683086 ns     82683930 ns            1 cycles_per_iteration=173.651M instructions_per_iteration=1026.17M items_per_second=4.8377M/s
ScalarCountQueryBenchmark/DirectNonDeduplicatingCountScan/400000/64          77994585 ns     77959337 ns            1 cycles_per_iteration=163.797M instructions_per_iteration=1026.18M items_per_second=5.13088M/s
ScalarCountQueryBenchmark/DirectNonDeduplicatingCountScan/400000/64          77481747 ns     77405245 ns            1 cycles_per_iteration=162.72M instructions_per_iteration=1026.19M items_per_second=5.16761M/s
ScalarCountQueryBenchmark/DirectNonDeduplicatingCountScan/400000/64_mean     79604340 ns     79563922 ns            5 cycles_per_iteration=167.179M instructions_per_iteration=1026.17M items_per_second=5.03038M/s
ScalarCountQueryBenchmark/DirectNonDeduplicatingCountScan/400000/64_median   78944921 ns     78945808 ns            5 cycles_per_iteration=165.793M instructions_per_iteration=1026.17M items_per_second=5.06677M/s
ScalarCountQueryBenchmark/DirectNonDeduplicatingCountScan/400000/64_stddev    2164154 ns      2176128 ns            5 cycles_per_iteration=4.54776M instructions_per_iteration=13.613k items_per_second=136.027k/s
