{"t":{"$date":"2026-08-06T05:43:01.748+08:00"},"s":"I",  "c":"-",        "id":8991200, "ctx":"main","msg":"Shuffling initializers","attr":{"seed":526217258}}
2026-08-06T05:43:01+08:00
Running /tmp/mongo-count-query-bm-countscan-C-final-candidate
Run on (96 X 4000 MHz CPU s)
CPU Caches:
  L1 Data 48 KiB (x48)
  L1 Instruction 32 KiB (x48)
  L2 Unified 2048 KiB (x48)
  L3 Unified 61440 KiB (x2)
Load Average: 1.97, 2.08, 2.58
------------------------------------------------------------------------------------------------------------------------------------
Benchmark                                                                          Time             CPU   Iterations UserCounters...
------------------------------------------------------------------------------------------------------------------------------------
MultikeyCountQueryBenchmark/DirectDeduplicatingCountScan/200000/64          94305277 ns     94306127 ns            1 cycles_per_iteration=198.049M instructions_per_iteration=1.10603G items_per_second=4.24151M/s
MultikeyCountQueryBenchmark/DirectDeduplicatingCountScan/200000/64          91835022 ns     91728286 ns            1 cycles_per_iteration=192.861M instructions_per_iteration=1.10622G items_per_second=4.36071M/s
MultikeyCountQueryBenchmark/DirectDeduplicatingCountScan/200000/64          94984293 ns     94867302 ns            1 cycles_per_iteration=199.474M instructions_per_iteration=1.10601G items_per_second=4.21642M/s
MultikeyCountQueryBenchmark/DirectDeduplicatingCountScan/200000/64          93265295 ns     93163550 ns            1 cycles_per_iteration=195.865M instructions_per_iteration=1.10601G items_per_second=4.29352M/s
MultikeyCountQueryBenchmark/DirectDeduplicatingCountScan/200000/64          91670990 ns     91576316 ns            1 cycles_per_iteration=192.516M instructions_per_iteration=1.10599G items_per_second=4.36794M/s
MultikeyCountQueryBenchmark/DirectDeduplicatingCountScan/200000/64_mean     93212175 ns     93128316 ns            5 cycles_per_iteration=195.753M instructions_per_iteration=1.10605G items_per_second=4.29602M/s
MultikeyCountQueryBenchmark/DirectDeduplicatingCountScan/200000/64_median   93265295 ns     93163550 ns            5 cycles_per_iteration=195.865M instructions_per_iteration=1.10601G items_per_second=4.29352M/s
MultikeyCountQueryBenchmark/DirectDeduplicatingCountScan/200000/64_stddev    1467131 ns      1481666 ns            5 cycles_per_iteration=3.081M instructions_per_iteration=93.896k items_per_second=68.3222k/s
