{"t":{"$date":"2026-08-06T05:20:12.642+08:00"},"s":"I",  "c":"-",        "id":8991200, "ctx":"main","msg":"Shuffling initializers","attr":{"seed":4129880527}}
2026-08-06T05:20:12+08:00
Running /tmp/mongo-count-query-bm-countscan-B-rejected-heavyweight-implementation
Run on (96 X 4000 MHz CPU s)
CPU Caches:
  L1 Data 48 KiB (x48)
  L1 Instruction 32 KiB (x48)
  L2 Unified 2048 KiB (x48)
  L3 Unified 61440 KiB (x2)
Load Average: 2.40, 2.18, 3.89
----------------------------------------------------------------------------------------------------------------------------------------
Benchmark                                                                              Time             CPU   Iterations UserCounters...
----------------------------------------------------------------------------------------------------------------------------------------
ClassicPointControlQueryBenchmark/HintedUniqueFieldPointQuery/10000/64             23633 ns        23616 ns         3161 cycles_per_iteration=49.6316k instructions_per_iteration=149.487k items_per_second=42.3445k/s
ClassicPointControlQueryBenchmark/HintedUniqueFieldPointQuery/10000/64             21393 ns        21378 ns         3161 cycles_per_iteration=44.9272k instructions_per_iteration=149.331k items_per_second=46.7763k/s
ClassicPointControlQueryBenchmark/HintedUniqueFieldPointQuery/10000/64             21835 ns        21828 ns         3161 cycles_per_iteration=45.855k instructions_per_iteration=149.331k items_per_second=45.8122k/s
ClassicPointControlQueryBenchmark/HintedUniqueFieldPointQuery/10000/64             21695 ns        21688 ns         3161 cycles_per_iteration=45.5599k instructions_per_iteration=149.309k items_per_second=46.1075k/s
ClassicPointControlQueryBenchmark/HintedUniqueFieldPointQuery/10000/64             21393 ns        21386 ns         3161 cycles_per_iteration=44.926k instructions_per_iteration=149.292k items_per_second=46.7588k/s
ClassicPointControlQueryBenchmark/HintedUniqueFieldPointQuery/10000/64_mean        21990 ns        21979 ns            5 cycles_per_iteration=46.1799k instructions_per_iteration=149.35k items_per_second=45.5599k/s
ClassicPointControlQueryBenchmark/HintedUniqueFieldPointQuery/10000/64_median      21695 ns        21688 ns            5 cycles_per_iteration=45.5599k instructions_per_iteration=149.331k items_per_second=46.1075k/s
ClassicPointControlQueryBenchmark/HintedUniqueFieldPointQuery/10000/64_stddev        939 ns          935 ns            5 cycles_per_iteration=1.97142k instructions_per_iteration=78.4643 items_per_second=1.84524k/s
