{"t":{"$date":"2026-08-06T05:39:11.614+08:00"},"s":"I",  "c":"-",        "id":8991200, "ctx":"main","msg":"Shuffling initializers","attr":{"seed":3200465974}}
2026-08-06T05:39:11+08:00
Running /tmp/mongo-count-query-bm-countscan-C-final-candidate
Run on (96 X 4000 MHz CPU s)
CPU Caches:
  L1 Data 48 KiB (x48)
  L1 Instruction 32 KiB (x48)
  L2 Unified 2048 KiB (x48)
  L3 Unified 61440 KiB (x2)
Load Average: 1.98, 2.07, 2.71
-------------------------------------------------------------------------------------------------------------------------------------
Benchmark                                                                           Time             CPU   Iterations UserCounters...
-------------------------------------------------------------------------------------------------------------------------------------
ScalarCountQueryBenchmark/DirectNonDeduplicatingCountScan/400000/64          80301523 ns     80302346 ns            1 cycles_per_iteration=168.642M instructions_per_iteration=979.053M items_per_second=4.98117M/s
ScalarCountQueryBenchmark/DirectNonDeduplicatingCountScan/400000/64          79846144 ns     79828490 ns            1 cycles_per_iteration=167.686M instructions_per_iteration=978.987M items_per_second=5.01074M/s
ScalarCountQueryBenchmark/DirectNonDeduplicatingCountScan/400000/64          75255156 ns     75255838 ns            1 cycles_per_iteration=158.048M instructions_per_iteration=978.945M items_per_second=5.3152M/s
ScalarCountQueryBenchmark/DirectNonDeduplicatingCountScan/400000/64          79192400 ns     79135568 ns            1 cycles_per_iteration=166.312M instructions_per_iteration=978.945M items_per_second=5.05462M/s
ScalarCountQueryBenchmark/DirectNonDeduplicatingCountScan/400000/64          75476646 ns     75446802 ns            1 cycles_per_iteration=158.51M instructions_per_iteration=978.981M items_per_second=5.30175M/s
ScalarCountQueryBenchmark/DirectNonDeduplicatingCountScan/400000/64_mean     78014374 ns     77993809 ns            5 cycles_per_iteration=163.84M instructions_per_iteration=978.982M items_per_second=5.1327M/s
ScalarCountQueryBenchmark/DirectNonDeduplicatingCountScan/400000/64_median   79192400 ns     79135568 ns            5 cycles_per_iteration=166.312M instructions_per_iteration=978.981M items_per_second=5.05462M/s
ScalarCountQueryBenchmark/DirectNonDeduplicatingCountScan/400000/64_stddev    2450894 ns      2448609 ns            5 cycles_per_iteration=5.1458M instructions_per_iteration=44.0361k items_per_second=162.646k/s
