{"t":{"$date":"2026-08-06T05:35:38.192+08:00"},"s":"I",  "c":"-",        "id":8991200, "ctx":"main","msg":"Shuffling initializers","attr":{"seed":3973057470}}
2026-08-06T05:35:38+08:00
Running /tmp/mongo-count-query-bm-countscan-B-rejected-heavyweight-implementation
Run on (96 X 4000 MHz CPU s)
CPU Caches:
  L1 Data 48 KiB (x48)
  L1 Instruction 32 KiB (x48)
  L2 Unified 2048 KiB (x48)
  L3 Unified 61440 KiB (x2)
Load Average: 1.94, 2.20, 2.91
----------------------------------------------------------------------------------------------------------------------------------------
Benchmark                                                                              Time             CPU   Iterations UserCounters...
----------------------------------------------------------------------------------------------------------------------------------------
UnoptimizedCountQueryBenchmark/FetchingCountWithoutCountScan/200000/64         153912306 ns    153580990 ns            1 cycles_per_iteration=323.224M instructions_per_iteration=1.88071G
UnoptimizedCountQueryBenchmark/FetchingCountWithoutCountScan/200000/64         149676800 ns    149565607 ns            1 cycles_per_iteration=314.329M instructions_per_iteration=1.88071G
UnoptimizedCountQueryBenchmark/FetchingCountWithoutCountScan/200000/64         142643213 ns    142364143 ns            1 cycles_per_iteration=299.558M instructions_per_iteration=1.88051G
UnoptimizedCountQueryBenchmark/FetchingCountWithoutCountScan/200000/64         148955107 ns    148908553 ns            1 cycles_per_iteration=312.818M instructions_per_iteration=1.88053G
UnoptimizedCountQueryBenchmark/FetchingCountWithoutCountScan/200000/64         146889925 ns    146768068 ns            1 cycles_per_iteration=308.476M instructions_per_iteration=1.88064G
UnoptimizedCountQueryBenchmark/FetchingCountWithoutCountScan/200000/64_mean    148415470 ns    148237472 ns            5 cycles_per_iteration=311.681M instructions_per_iteration=1.88062G
UnoptimizedCountQueryBenchmark/FetchingCountWithoutCountScan/200000/64_median  148955107 ns    148908553 ns            5 cycles_per_iteration=312.818M instructions_per_iteration=1.88064G
UnoptimizedCountQueryBenchmark/FetchingCountWithoutCountScan/200000/64_stddev    4115325 ns      4105564 ns            5 cycles_per_iteration=8.64274M instructions_per_iteration=95.6054k
