{"t":{"$date":"2026-08-06T05:43:19.178+08:00"},"s":"I",  "c":"-",        "id":8991200, "ctx":"main","msg":"Shuffling initializers","attr":{"seed":2224741342}}
2026-08-06T05:43:19+08:00
Running /tmp/mongo-count-query-bm-countscan-C-final-candidate
Run on (96 X 4000 MHz CPU s)
CPU Caches:
  L1 Data 48 KiB (x48)
  L1 Instruction 32 KiB (x48)
  L2 Unified 2048 KiB (x48)
  L3 Unified 61440 KiB (x2)
Load Average: 1.89, 2.06, 2.56
------------------------------------------------------------------------------------------------------------------------------------------
Benchmark                                                                                Time             CPU   Iterations UserCounters...
------------------------------------------------------------------------------------------------------------------------------------------
CompoundWildcardCountQueryBenchmark/DirectNonMultikeyCountScan/200000/64          50868034 ns     50842695 ns            1 cycles_per_iteration=106.829M instructions_per_iteration=612.761M items_per_second=3.9337M/s
CompoundWildcardCountQueryBenchmark/DirectNonMultikeyCountScan/200000/64          49716234 ns     49693034 ns            1 cycles_per_iteration=104.412M instructions_per_iteration=612.767M items_per_second=4.02471M/s
CompoundWildcardCountQueryBenchmark/DirectNonMultikeyCountScan/200000/64          50986052 ns     50986428 ns            1 cycles_per_iteration=107.077M instructions_per_iteration=612.773M items_per_second=3.92261M/s
CompoundWildcardCountQueryBenchmark/DirectNonMultikeyCountScan/200000/64          50522327 ns     50523110 ns            1 cycles_per_iteration=106.104M instructions_per_iteration=612.749M items_per_second=3.95858M/s
CompoundWildcardCountQueryBenchmark/DirectNonMultikeyCountScan/200000/64          50751209 ns     50719936 ns            1 cycles_per_iteration=106.585M instructions_per_iteration=612.727M items_per_second=3.94322M/s
CompoundWildcardCountQueryBenchmark/DirectNonMultikeyCountScan/200000/64_mean     50568771 ns     50553041 ns            5 cycles_per_iteration=106.202M instructions_per_iteration=612.755M items_per_second=3.95657M/s
CompoundWildcardCountQueryBenchmark/DirectNonMultikeyCountScan/200000/64_median   50751209 ns     50719936 ns            5 cycles_per_iteration=106.585M instructions_per_iteration=612.761M items_per_second=3.94322M/s
CompoundWildcardCountQueryBenchmark/DirectNonMultikeyCountScan/200000/64_stddev     506444 ns       509923 ns            5 cycles_per_iteration=1063.08k instructions_per_iteration=18.2997k items_per_second=40.315k/s
