{"t":{"$date":"2026-08-06T05:25:52.001+08:00"},"s":"I",  "c":"-",        "id":8991200, "ctx":"main","msg":"Shuffling initializers","attr":{"seed":652029079}}
2026-08-06T05:25:52+08:00
Running /tmp/mongo-count-query-bm-countscan-C-final-candidate
Run on (96 X 4000 MHz CPU s)
CPU Caches:
  L1 Data 48 KiB (x48)
  L1 Instruction 32 KiB (x48)
  L2 Unified 2048 KiB (x48)
  L3 Unified 61440 KiB (x2)
Load Average: 2.37, 2.41, 3.48
------------------------------------------------------------------------------------------------------------------------------------
Benchmark                                                                          Time             CPU   Iterations UserCounters...
------------------------------------------------------------------------------------------------------------------------------------
MultikeyCountQueryBenchmark/DirectDeduplicatingCountScan/200000/64          96367121 ns     96334319 ns            1 cycles_per_iteration=202.38M instructions_per_iteration=1.10609G items_per_second=4.15221M/s
MultikeyCountQueryBenchmark/DirectDeduplicatingCountScan/200000/64         100199699 ns    100179892 ns            1 cycles_per_iteration=210.428M instructions_per_iteration=1.10618G items_per_second=3.99282M/s
MultikeyCountQueryBenchmark/DirectDeduplicatingCountScan/200000/64          92322826 ns     92305731 ns            1 cycles_per_iteration=193.885M instructions_per_iteration=1.10608G items_per_second=4.33343M/s
MultikeyCountQueryBenchmark/DirectDeduplicatingCountScan/200000/64          93200207 ns     93084963 ns            1 cycles_per_iteration=195.727M instructions_per_iteration=1.10608G items_per_second=4.29715M/s
MultikeyCountQueryBenchmark/DirectDeduplicatingCountScan/200000/64          97262383 ns     97143396 ns            1 cycles_per_iteration=204.261M instructions_per_iteration=1.10609G items_per_second=4.11762M/s
MultikeyCountQueryBenchmark/DirectDeduplicatingCountScan/200000/64_mean     95870447 ns     95809660 ns            5 cycles_per_iteration=201.336M instructions_per_iteration=1.1061G items_per_second=4.17864M/s
MultikeyCountQueryBenchmark/DirectDeduplicatingCountScan/200000/64_median   96367121 ns     96334319 ns            5 cycles_per_iteration=202.38M instructions_per_iteration=1.10609G items_per_second=4.15221M/s
MultikeyCountQueryBenchmark/DirectDeduplicatingCountScan/200000/64_stddev    3187569 ns      3195878 ns            5 cycles_per_iteration=6.69488M instructions_per_iteration=42.0591k items_per_second=138.704k/s
