{"t":{"$date":"2026-08-06T05:21:07.716+08:00"},"s":"I",  "c":"-",        "id":8991200, "ctx":"main","msg":"Shuffling initializers","attr":{"seed":2767275490}}
2026-08-06T05:21:07+08:00
Running /tmp/mongo-count-query-bm-countscan-C-final-candidate
Run on (96 X 4000 MHz CPU s)
CPU Caches:
  L1 Data 48 KiB (x48)
  L1 Instruction 32 KiB (x48)
  L2 Unified 2048 KiB (x48)
  L3 Unified 61440 KiB (x2)
Load Average: 2.63, 2.30, 3.83
------------------------------------------------------------------------------------------------------------------------------------
Benchmark                                                                          Time             CPU   Iterations UserCounters...
------------------------------------------------------------------------------------------------------------------------------------
MultikeyCountQueryBenchmark/DirectDeduplicatingCountScan/200000/64          95248938 ns     95151104 ns            1 cycles_per_iteration=200.032M instructions_per_iteration=1.10563G items_per_second=4.20384M/s
MultikeyCountQueryBenchmark/DirectDeduplicatingCountScan/200000/64          96503496 ns     96471929 ns            1 cycles_per_iteration=202.666M instructions_per_iteration=1.10621G items_per_second=4.14628M/s
MultikeyCountQueryBenchmark/DirectDeduplicatingCountScan/200000/64         101025581 ns    100904588 ns            1 cycles_per_iteration=212.161M instructions_per_iteration=1.10609G items_per_second=3.96414M/s
MultikeyCountQueryBenchmark/DirectDeduplicatingCountScan/200000/64          91248274 ns     91052728 ns            1 cycles_per_iteration=191.63M instructions_per_iteration=1.10599G items_per_second=4.39306M/s
MultikeyCountQueryBenchmark/DirectDeduplicatingCountScan/200000/64          96078873 ns     95943243 ns            1 cycles_per_iteration=201.774M instructions_per_iteration=1.10597G items_per_second=4.16913M/s
MultikeyCountQueryBenchmark/DirectDeduplicatingCountScan/200000/64_mean     96021032 ns     95904718 ns            5 cycles_per_iteration=201.653M instructions_per_iteration=1.10598G items_per_second=4.17529M/s
MultikeyCountQueryBenchmark/DirectDeduplicatingCountScan/200000/64_median   96078873 ns     95943243 ns            5 cycles_per_iteration=201.774M instructions_per_iteration=1.10599G items_per_second=4.16913M/s
MultikeyCountQueryBenchmark/DirectDeduplicatingCountScan/200000/64_stddev    3487728 ns      3515382 ns            5 cycles_per_iteration=7.32368M instructions_per_iteration=216.566k items_per_second=153.054k/s
