{"t":{"$date":"2026-08-06T05:42:39.842+08:00"},"s":"I",  "c":"-",        "id":8991200, "ctx":"main","msg":"Shuffling initializers","attr":{"seed":3316050388}}
2026-08-06T05:42:39+08:00
Running /tmp/mongo-count-query-bm-countscan-C-final-candidate
Run on (96 X 4000 MHz CPU s)
CPU Caches:
  L1 Data 48 KiB (x48)
  L1 Instruction 32 KiB (x48)
  L2 Unified 2048 KiB (x48)
  L3 Unified 61440 KiB (x2)
Load Average: 1.95, 2.09, 2.59
-------------------------------------------------------------------------------------------------------------------------------------
Benchmark                                                                           Time             CPU   Iterations UserCounters...
-------------------------------------------------------------------------------------------------------------------------------------
ScalarCountQueryBenchmark/DirectNonDeduplicatingCountScan/400000/64          76579809 ns     76580576 ns            1 cycles_per_iteration=160.825M instructions_per_iteration=978.953M items_per_second=5.22326M/s
ScalarCountQueryBenchmark/DirectNonDeduplicatingCountScan/400000/64          73030710 ns     73031584 ns            1 cycles_per_iteration=153.372M instructions_per_iteration=978.971M items_per_second=5.47708M/s
ScalarCountQueryBenchmark/DirectNonDeduplicatingCountScan/400000/64          75192690 ns     75193066 ns            1 cycles_per_iteration=157.916M instructions_per_iteration=978.993M items_per_second=5.31964M/s
ScalarCountQueryBenchmark/DirectNonDeduplicatingCountScan/400000/64          75909138 ns     75910273 ns            1 cycles_per_iteration=159.418M instructions_per_iteration=978.969M items_per_second=5.26938M/s
ScalarCountQueryBenchmark/DirectNonDeduplicatingCountScan/400000/64          76438904 ns     76439952 ns            1 cycles_per_iteration=160.529M instructions_per_iteration=978.963M items_per_second=5.23287M/s
ScalarCountQueryBenchmark/DirectNonDeduplicatingCountScan/400000/64_mean     75430250 ns     75431090 ns            5 cycles_per_iteration=158.412M instructions_per_iteration=978.97M items_per_second=5.30444M/s
ScalarCountQueryBenchmark/DirectNonDeduplicatingCountScan/400000/64_median   75909138 ns     75910273 ns            5 cycles_per_iteration=159.418M instructions_per_iteration=978.969M items_per_second=5.26938M/s
ScalarCountQueryBenchmark/DirectNonDeduplicatingCountScan/400000/64_stddev    1447621 ns      1447672 ns            5 cycles_per_iteration=3.03985M instructions_per_iteration=14.7773k items_per_second=103.657k/s
