{"t":{"$date":"2026-08-06T05:47:01.147+08:00"},"s":"I",  "c":"-",        "id":8991200, "ctx":"main","msg":"Shuffling initializers","attr":{"seed":2712400516}}
2026-08-06T05:47:01+08:00
Running /tmp/mongo-count-query-bm-countscan-C-final-candidate
Run on (96 X 4000 MHz CPU s)
CPU Caches:
  L1 Data 48 KiB (x48)
  L1 Instruction 32 KiB (x48)
  L2 Unified 2048 KiB (x48)
  L3 Unified 61440 KiB (x2)
Load Average: 1.75, 1.98, 2.43
----------------------------------------------------------------------------------------------------------------------------------------
Benchmark                                                                              Time             CPU   Iterations UserCounters...
----------------------------------------------------------------------------------------------------------------------------------------
ClassicPointControlQueryBenchmark/HintedUniqueFieldPointQuery/10000/64             21108 ns        21091 ns         3058 cycles_per_iteration=44.328k instructions_per_iteration=149.204k items_per_second=47.4145k/s
ClassicPointControlQueryBenchmark/HintedUniqueFieldPointQuery/10000/64             22732 ns        22716 ns         3058 cycles_per_iteration=47.738k instructions_per_iteration=149.243k items_per_second=44.0218k/s
ClassicPointControlQueryBenchmark/HintedUniqueFieldPointQuery/10000/64             23506 ns        23497 ns         3058 cycles_per_iteration=49.3632k instructions_per_iteration=149.319k items_per_second=42.5579k/s
ClassicPointControlQueryBenchmark/HintedUniqueFieldPointQuery/10000/64             21899 ns        21884 ns         3058 cycles_per_iteration=45.9891k instructions_per_iteration=149.382k items_per_second=45.6965k/s
ClassicPointControlQueryBenchmark/HintedUniqueFieldPointQuery/10000/64             21168 ns        21164 ns         3058 cycles_per_iteration=44.4534k instructions_per_iteration=149.426k items_per_second=47.2506k/s
ClassicPointControlQueryBenchmark/HintedUniqueFieldPointQuery/10000/64_mean        22082 ns        22070 ns            5 cycles_per_iteration=46.3743k instructions_per_iteration=149.315k items_per_second=45.3882k/s
ClassicPointControlQueryBenchmark/HintedUniqueFieldPointQuery/10000/64_median      21899 ns        21884 ns            5 cycles_per_iteration=45.9891k instructions_per_iteration=149.319k items_per_second=45.6965k/s
ClassicPointControlQueryBenchmark/HintedUniqueFieldPointQuery/10000/64_stddev       1033 ns         1033 ns            5 cycles_per_iteration=2.16902k instructions_per_iteration=92.3851 items_per_second=2.09448k/s
