{"t":{"$date":"2026-08-06T05:33:29.034+08:00"},"s":"I",  "c":"-",        "id":8991200, "ctx":"main","msg":"Shuffling initializers","attr":{"seed":1598894900}}
2026-08-06T05:33:29+08:00
Running /tmp/mongo-count-query-bm-countscan-C-final-candidate
Run on (96 X 4000 MHz CPU s)
CPU Caches:
  L1 Data 48 KiB (x48)
  L1 Instruction 32 KiB (x48)
  L2 Unified 2048 KiB (x48)
  L3 Unified 61440 KiB (x2)
Load Average: 2.09, 2.39, 3.08
------------------------------------------------------------------------------------------------------------------------------------------
Benchmark                                                                                Time             CPU   Iterations UserCounters...
------------------------------------------------------------------------------------------------------------------------------------------
CompoundWildcardCountQueryBenchmark/DirectNonMultikeyCountScan/200000/64          51874161 ns     51846450 ns            1 cycles_per_iteration=108.943M instructions_per_iteration=612.693M items_per_second=3.85754M/s
CompoundWildcardCountQueryBenchmark/DirectNonMultikeyCountScan/200000/64          49856901 ns     49837266 ns            1 cycles_per_iteration=104.706M instructions_per_iteration=612.711M items_per_second=4.01306M/s
CompoundWildcardCountQueryBenchmark/DirectNonMultikeyCountScan/200000/64          50720930 ns     50703419 ns            1 cycles_per_iteration=106.522M instructions_per_iteration=612.72M items_per_second=3.94451M/s
CompoundWildcardCountQueryBenchmark/DirectNonMultikeyCountScan/200000/64          51442146 ns     51407175 ns            1 cycles_per_iteration=108.036M instructions_per_iteration=612.751M items_per_second=3.89051M/s
CompoundWildcardCountQueryBenchmark/DirectNonMultikeyCountScan/200000/64          50447226 ns     50379632 ns            1 cycles_per_iteration=105.946M instructions_per_iteration=612.7M items_per_second=3.96986M/s
CompoundWildcardCountQueryBenchmark/DirectNonMultikeyCountScan/200000/64_mean     50868273 ns     50834788 ns            5 cycles_per_iteration=106.831M instructions_per_iteration=612.715M items_per_second=3.9351M/s
CompoundWildcardCountQueryBenchmark/DirectNonMultikeyCountScan/200000/64_median   50720930 ns     50703419 ns            5 cycles_per_iteration=106.522M instructions_per_iteration=612.711M items_per_second=3.94451M/s
CompoundWildcardCountQueryBenchmark/DirectNonMultikeyCountScan/200000/64_stddev     800469 ns       801649 ns            5 cycles_per_iteration=1.68127M instructions_per_iteration=22.7232k items_per_second=62.0038k/s
