{"t":{"$date":"2026-08-06T05:38:40.222+08:00"},"s":"I",  "c":"-",        "id":8991200, "ctx":"main","msg":"Shuffling initializers","attr":{"seed":1755732777}}
2026-08-06T05:38:40+08:00
Running /tmp/mongo-count-query-bm-countscan-A-upstream-production-normalized-harness
Run on (96 X 4000 MHz CPU s)
CPU Caches:
  L1 Data 48 KiB (x48)
  L1 Instruction 32 KiB (x48)
  L2 Unified 2048 KiB (x48)
  L3 Unified 61440 KiB (x2)
Load Average: 1.69, 2.02, 2.72
----------------------------------------------------------------------------------------------------------------------------------------
Benchmark                                                                              Time             CPU   Iterations UserCounters...
----------------------------------------------------------------------------------------------------------------------------------------
UnoptimizedCountQueryBenchmark/FetchingCountWithoutCountScan/200000/64         155268431 ns    155030835 ns            1 cycles_per_iteration=326.071M instructions_per_iteration=1.87583G
UnoptimizedCountQueryBenchmark/FetchingCountWithoutCountScan/200000/64         146044254 ns    145918778 ns            1 cycles_per_iteration=306.7M instructions_per_iteration=1.87593G
UnoptimizedCountQueryBenchmark/FetchingCountWithoutCountScan/200000/64         145880938 ns    145722876 ns            1 cycles_per_iteration=306.357M instructions_per_iteration=1.87574G
UnoptimizedCountQueryBenchmark/FetchingCountWithoutCountScan/200000/64         148948193 ns    148865135 ns            1 cycles_per_iteration=312.799M instructions_per_iteration=1.87569G
UnoptimizedCountQueryBenchmark/FetchingCountWithoutCountScan/200000/64         148683786 ns    148473579 ns            1 cycles_per_iteration=312.244M instructions_per_iteration=1.8759G
UnoptimizedCountQueryBenchmark/FetchingCountWithoutCountScan/200000/64_mean    148965120 ns    148802241 ns            5 cycles_per_iteration=312.834M instructions_per_iteration=1.87582G
UnoptimizedCountQueryBenchmark/FetchingCountWithoutCountScan/200000/64_median  148683786 ns    148473579 ns            5 cycles_per_iteration=312.244M instructions_per_iteration=1.87583G
UnoptimizedCountQueryBenchmark/FetchingCountWithoutCountScan/200000/64_stddev    3803117 ns      3765110 ns            5 cycles_per_iteration=7.98672M instructions_per_iteration=104.649k
