{"t":{"$date":"2026-08-06T05:22:09.855+08:00"},"s":"I",  "c":"-",        "id":8991200, "ctx":"main","msg":"Shuffling initializers","attr":{"seed":2334918905}}
2026-08-06T05:22:09+08:00
Running /tmp/mongo-count-query-bm-countscan-B-rejected-heavyweight-implementation
Run on (96 X 4000 MHz CPU s)
CPU Caches:
  L1 Data 48 KiB (x48)
  L1 Instruction 32 KiB (x48)
  L2 Unified 2048 KiB (x48)
  L3 Unified 61440 KiB (x2)
Load Average: 2.41, 2.30, 3.74
----------------------------------------------------------------------------------------------------------------------------------------
Benchmark                                                                              Time             CPU   Iterations UserCounters...
----------------------------------------------------------------------------------------------------------------------------------------
ClassicPointControlQueryBenchmark/HintedUniqueFieldPointQuery/10000/64             22608 ns        22601 ns         3099 cycles_per_iteration=47.4798k instructions_per_iteration=149.056k items_per_second=44.2455k/s
ClassicPointControlQueryBenchmark/HintedUniqueFieldPointQuery/10000/64             22232 ns        22226 ns         3099 cycles_per_iteration=46.6884k instructions_per_iteration=149.305k items_per_second=44.9933k/s
ClassicPointControlQueryBenchmark/HintedUniqueFieldPointQuery/10000/64             21981 ns        21964 ns         3099 cycles_per_iteration=46.1617k instructions_per_iteration=149.349k items_per_second=45.5282k/s
ClassicPointControlQueryBenchmark/HintedUniqueFieldPointQuery/10000/64             21615 ns        21599 ns         3099 cycles_per_iteration=45.3933k instructions_per_iteration=149.427k items_per_second=46.2985k/s
ClassicPointControlQueryBenchmark/HintedUniqueFieldPointQuery/10000/64             22513 ns        22498 ns         3099 cycles_per_iteration=47.2777k instructions_per_iteration=149.31k items_per_second=44.449k/s
ClassicPointControlQueryBenchmark/HintedUniqueFieldPointQuery/10000/64_mean        22190 ns        22178 ns            5 cycles_per_iteration=46.6002k instructions_per_iteration=149.289k items_per_second=45.1029k/s
ClassicPointControlQueryBenchmark/HintedUniqueFieldPointQuery/10000/64_median      22232 ns        22226 ns            5 cycles_per_iteration=46.6884k instructions_per_iteration=149.31k items_per_second=44.9933k/s
ClassicPointControlQueryBenchmark/HintedUniqueFieldPointQuery/10000/64_stddev        405 ns          408 ns            5 cycles_per_iteration=849.926 instructions_per_iteration=139.248 items_per_second=834.431/s
