{"t":{"$date":"2026-08-06T05:12:14.836+08:00"},"s":"I",  "c":"-",        "id":8991200, "ctx":"main","msg":"Shuffling initializers","attr":{"seed":1183382983}}
2026-08-06T05:12:14+08:00
Running /tmp/mongo-count-query-bm-countscan-B-rejected-heavyweight-implementation
Run on (96 X 4000 MHz CPU s)
CPU Caches:
  L1 Data 48 KiB (x48)
  L1 Instruction 32 KiB (x48)
  L2 Unified 2048 KiB (x48)
  L3 Unified 61440 KiB (x2)
Load Average: 2.00, 1.58, 4.98
------------------------------------------------------------------------------------------------------------------------------------------
Benchmark                                                                                Time             CPU   Iterations UserCounters...
------------------------------------------------------------------------------------------------------------------------------------------
CompoundWildcardCountQueryBenchmark/DirectNonMultikeyCountScan/200000/64          53433418 ns     53421577 ns            1 cycles_per_iteration=112.218M instructions_per_iteration=610.717M items_per_second=3.74381M/s
CompoundWildcardCountQueryBenchmark/DirectNonMultikeyCountScan/200000/64          52610397 ns     52556441 ns            1 cycles_per_iteration=110.489M instructions_per_iteration=610.743M items_per_second=3.80543M/s
CompoundWildcardCountQueryBenchmark/DirectNonMultikeyCountScan/200000/64          48873901 ns     48854805 ns            1 cycles_per_iteration=102.642M instructions_per_iteration=610.754M items_per_second=4.09376M/s
CompoundWildcardCountQueryBenchmark/DirectNonMultikeyCountScan/200000/64          49972057 ns     49939501 ns            1 cycles_per_iteration=104.949M instructions_per_iteration=610.752M items_per_second=4.00485M/s
CompoundWildcardCountQueryBenchmark/DirectNonMultikeyCountScan/200000/64          53539753 ns     53434017 ns            1 cycles_per_iteration=112.443M instructions_per_iteration=610.728M items_per_second=3.74293M/s
CompoundWildcardCountQueryBenchmark/DirectNonMultikeyCountScan/200000/64_mean     51685905 ns     51641268 ns            5 cycles_per_iteration=108.548M instructions_per_iteration=610.739M items_per_second=3.87816M/s
CompoundWildcardCountQueryBenchmark/DirectNonMultikeyCountScan/200000/64_median   52610397 ns     52556441 ns            5 cycles_per_iteration=110.489M instructions_per_iteration=610.743M items_per_second=3.80543M/s
CompoundWildcardCountQueryBenchmark/DirectNonMultikeyCountScan/200000/64_stddev    2132480 ns      2114319 ns            5 cycles_per_iteration=4.47883M instructions_per_iteration=15.9531k items_per_second=161.369k/s
