{"t":{"$date":"2026-08-06T05:27:04.649+08:00"},"s":"I",  "c":"-",        "id":8991200, "ctx":"main","msg":"Shuffling initializers","attr":{"seed":3429295919}}
2026-08-06T05:27:04+08:00
Running /tmp/mongo-count-query-bm-countscan-C-final-candidate
Run on (96 X 4000 MHz CPU s)
CPU Caches:
  L1 Data 48 KiB (x48)
  L1 Instruction 32 KiB (x48)
  L2 Unified 2048 KiB (x48)
  L3 Unified 61440 KiB (x2)
Load Average: 3.48, 2.67, 3.49
-------------------------------------------------------------------------------------------------------------------------------------
Benchmark                                                                           Time             CPU   Iterations UserCounters...
-------------------------------------------------------------------------------------------------------------------------------------
ScalarCountQueryBenchmark/DirectNonDeduplicatingCountScan/400000/64          73743343 ns     73744443 ns            1 cycles_per_iteration=154.87M instructions_per_iteration=978.968M items_per_second=5.42414M/s
ScalarCountQueryBenchmark/DirectNonDeduplicatingCountScan/400000/64          78705788 ns     78707045 ns            1 cycles_per_iteration=165.291M instructions_per_iteration=978.965M items_per_second=5.08214M/s
ScalarCountQueryBenchmark/DirectNonDeduplicatingCountScan/400000/64          74249506 ns     74222371 ns            1 cycles_per_iteration=155.932M instructions_per_iteration=978.965M items_per_second=5.38921M/s
ScalarCountQueryBenchmark/DirectNonDeduplicatingCountScan/400000/64          78592300 ns     78593484 ns            1 cycles_per_iteration=165.053M instructions_per_iteration=978.977M items_per_second=5.08948M/s
ScalarCountQueryBenchmark/DirectNonDeduplicatingCountScan/400000/64          73513746 ns     73482147 ns            1 cycles_per_iteration=154.387M instructions_per_iteration=978.963M items_per_second=5.4435M/s
ScalarCountQueryBenchmark/DirectNonDeduplicatingCountScan/400000/64_mean     75760937 ns     75749898 ns            5 cycles_per_iteration=159.107M instructions_per_iteration=978.968M items_per_second=5.28569M/s
ScalarCountQueryBenchmark/DirectNonDeduplicatingCountScan/400000/64_median   74249506 ns     74222371 ns            5 cycles_per_iteration=155.932M instructions_per_iteration=978.965M items_per_second=5.38921M/s
ScalarCountQueryBenchmark/DirectNonDeduplicatingCountScan/400000/64_stddev    2650176 ns      2661230 ns            5 cycles_per_iteration=5.56568M instructions_per_iteration=5.43816k items_per_second=183.521k/s
