{"t":{"$date":"2026-08-06T05:46:32.881+08:00"},"s":"I",  "c":"-",        "id":8991200, "ctx":"main","msg":"Shuffling initializers","attr":{"seed":955504135}}
2026-08-06T05:46:32+08:00
Running /tmp/mongo-count-query-bm-countscan-A-upstream-production-normalized-harness
Run on (96 X 4000 MHz CPU s)
CPU Caches:
  L1 Data 48 KiB (x48)
  L1 Instruction 32 KiB (x48)
  L2 Unified 2048 KiB (x48)
  L3 Unified 61440 KiB (x2)
Load Average: 1.82, 2.01, 2.45
------------------------------------------------------------------------------------------------------------------------------------
Benchmark                                                                          Time             CPU   Iterations UserCounters...
------------------------------------------------------------------------------------------------------------------------------------
MultikeyCountQueryBenchmark/DirectDeduplicatingCountScan/200000/64         104006290 ns    104006822 ns            1 cycles_per_iteration=218.422M instructions_per_iteration=1.12941G items_per_second=3.8459M/s
MultikeyCountQueryBenchmark/DirectDeduplicatingCountScan/200000/64          98228216 ns     98229844 ns            1 cycles_per_iteration=206.287M instructions_per_iteration=1.12929G items_per_second=4.07208M/s
MultikeyCountQueryBenchmark/DirectDeduplicatingCountScan/200000/64          98213911 ns     98101532 ns            1 cycles_per_iteration=206.256M instructions_per_iteration=1.12929G items_per_second=4.07741M/s
MultikeyCountQueryBenchmark/DirectDeduplicatingCountScan/200000/64          98842859 ns     98674295 ns            1 cycles_per_iteration=207.579M instructions_per_iteration=1.12927G items_per_second=4.05374M/s
MultikeyCountQueryBenchmark/DirectDeduplicatingCountScan/200000/64          99274874 ns     99138409 ns            1 cycles_per_iteration=208.484M instructions_per_iteration=1.12928G items_per_second=4.03476M/s
MultikeyCountQueryBenchmark/DirectDeduplicatingCountScan/200000/64_mean     99713230 ns     99630180 ns            5 cycles_per_iteration=209.406M instructions_per_iteration=1.12931G items_per_second=4.01678M/s
MultikeyCountQueryBenchmark/DirectDeduplicatingCountScan/200000/64_median   98842859 ns     98674295 ns            5 cycles_per_iteration=207.579M instructions_per_iteration=1.12929G items_per_second=4.05374M/s
MultikeyCountQueryBenchmark/DirectDeduplicatingCountScan/200000/64_stddev    2440968 ns      2480335 ns            5 cycles_per_iteration=5.12665M instructions_per_iteration=57.8849k items_per_second=96.9833k/s
