{"t":{"$date":"2026-08-06T05:32:28.271+08:00"},"s":"I",  "c":"-",        "id":8991200, "ctx":"main","msg":"Shuffling initializers","attr":{"seed":2303104589}}
2026-08-06T05:32:28+08:00
Running /tmp/mongo-count-query-bm-countscan-B-rejected-heavyweight-implementation
Run on (96 X 4000 MHz CPU s)
CPU Caches:
  L1 Data 48 KiB (x48)
  L1 Instruction 32 KiB (x48)
  L2 Unified 2048 KiB (x48)
  L3 Unified 61440 KiB (x2)
Load Average: 2.62, 2.52, 3.16
----------------------------------------------------------------------------------------------------------------------------------------
Benchmark                                                                              Time             CPU   Iterations UserCounters...
----------------------------------------------------------------------------------------------------------------------------------------
ClassicPointControlQueryBenchmark/HintedUniqueFieldPointQuery/10000/64             23814 ns        23807 ns         3035 cycles_per_iteration=50.0117k instructions_per_iteration=149.702k items_per_second=42.0045k/s
ClassicPointControlQueryBenchmark/HintedUniqueFieldPointQuery/10000/64             23352 ns        23343 ns         3035 cycles_per_iteration=49.0401k instructions_per_iteration=149.793k items_per_second=42.8392k/s
ClassicPointControlQueryBenchmark/HintedUniqueFieldPointQuery/10000/64             23591 ns        23560 ns         3035 cycles_per_iteration=49.5415k instructions_per_iteration=149.972k items_per_second=42.4445k/s
ClassicPointControlQueryBenchmark/HintedUniqueFieldPointQuery/10000/64             22203 ns        22186 ns         3035 cycles_per_iteration=46.6274k instructions_per_iteration=149.745k items_per_second=45.0744k/s
ClassicPointControlQueryBenchmark/HintedUniqueFieldPointQuery/10000/64             21757 ns        21734 ns         3035 cycles_per_iteration=45.6904k instructions_per_iteration=149.9k items_per_second=46.0103k/s
ClassicPointControlQueryBenchmark/HintedUniqueFieldPointQuery/10000/64_mean        22943 ns        22926 ns            5 cycles_per_iteration=48.1822k instructions_per_iteration=149.822k items_per_second=43.6746k/s
ClassicPointControlQueryBenchmark/HintedUniqueFieldPointQuery/10000/64_median      23352 ns        23343 ns            5 cycles_per_iteration=49.0401k instructions_per_iteration=149.793k items_per_second=42.8392k/s
ClassicPointControlQueryBenchmark/HintedUniqueFieldPointQuery/10000/64_stddev        908 ns          911 ns            5 cycles_per_iteration=1.9077k instructions_per_iteration=111.472 items_per_second=1.76174k/s
