{"t":{"$date":"2026-08-06T05:35:03.399+08:00"},"s":"I",  "c":"-",        "id":8991200, "ctx":"main","msg":"Shuffling initializers","attr":{"seed":3565005617}}
2026-08-06T05:35:03+08:00
Running /tmp/mongo-count-query-bm-countscan-B-rejected-heavyweight-implementation
Run on (96 X 4000 MHz CPU s)
CPU Caches:
  L1 Data 48 KiB (x48)
  L1 Instruction 32 KiB (x48)
  L2 Unified 2048 KiB (x48)
  L3 Unified 61440 KiB (x2)
Load Average: 2.04, 2.25, 2.95
------------------------------------------------------------------------------------------------------------------------------------
Benchmark                                                                          Time             CPU   Iterations UserCounters...
------------------------------------------------------------------------------------------------------------------------------------
MultikeyCountQueryBenchmark/DirectDeduplicatingCountScan/200000/64          95904112 ns     95892804 ns            1 cycles_per_iteration=201.408M instructions_per_iteration=1.10247G items_per_second=4.17132M/s
MultikeyCountQueryBenchmark/DirectDeduplicatingCountScan/200000/64          93254566 ns     93208729 ns            1 cycles_per_iteration=195.844M instructions_per_iteration=1.10247G items_per_second=4.29144M/s
MultikeyCountQueryBenchmark/DirectDeduplicatingCountScan/200000/64          92142105 ns     92026415 ns            1 cycles_per_iteration=193.506M instructions_per_iteration=1.10245G items_per_second=4.34658M/s
MultikeyCountQueryBenchmark/DirectDeduplicatingCountScan/200000/64          92013597 ns     91878178 ns            1 cycles_per_iteration=193.237M instructions_per_iteration=1.10243G items_per_second=4.35359M/s
MultikeyCountQueryBenchmark/DirectDeduplicatingCountScan/200000/64          96231222 ns     96117979 ns            1 cycles_per_iteration=202.093M instructions_per_iteration=1.10249G items_per_second=4.16155M/s
MultikeyCountQueryBenchmark/DirectDeduplicatingCountScan/200000/64_mean     93909121 ns     93824821 ns            5 cycles_per_iteration=197.218M instructions_per_iteration=1.10246G items_per_second=4.2649M/s
MultikeyCountQueryBenchmark/DirectDeduplicatingCountScan/200000/64_median   93254566 ns     93208729 ns            5 cycles_per_iteration=195.844M instructions_per_iteration=1.10247G items_per_second=4.29144M/s
MultikeyCountQueryBenchmark/DirectDeduplicatingCountScan/200000/64_stddev    2031990 ns      2057813 ns            5 cycles_per_iteration=4.2672M instructions_per_iteration=22.6753k items_per_second=93.1116k/s
