{"t":{"$date":"2026-08-06T05:46:01.081+08:00"},"s":"I",  "c":"-",        "id":8991200, "ctx":"main","msg":"Shuffling initializers","attr":{"seed":3597948203}}
2026-08-06T05:46:01+08:00
Running /tmp/mongo-count-query-bm-countscan-B-rejected-heavyweight-implementation
Run on (96 X 4000 MHz CPU s)
CPU Caches:
  L1 Data 48 KiB (x48)
  L1 Instruction 32 KiB (x48)
  L2 Unified 2048 KiB (x48)
  L3 Unified 61440 KiB (x2)
Load Average: 1.91, 2.05, 2.48
----------------------------------------------------------------------------------------------------------------------------------------
Benchmark                                                                              Time             CPU   Iterations UserCounters...
----------------------------------------------------------------------------------------------------------------------------------------
ClassicPointControlQueryBenchmark/HintedUniqueFieldPointQuery/10000/64             21630 ns        21614 ns         3170 cycles_per_iteration=45.4232k instructions_per_iteration=149.662k items_per_second=46.2655k/s
ClassicPointControlQueryBenchmark/HintedUniqueFieldPointQuery/10000/64             22796 ns        22767 ns         3170 cycles_per_iteration=47.8729k instructions_per_iteration=149.743k items_per_second=43.9236k/s
ClassicPointControlQueryBenchmark/HintedUniqueFieldPointQuery/10000/64             24568 ns        24556 ns         3170 cycles_per_iteration=51.5943k instructions_per_iteration=149.675k items_per_second=40.7228k/s
ClassicPointControlQueryBenchmark/HintedUniqueFieldPointQuery/10000/64             21787 ns        21772 ns         3170 cycles_per_iteration=45.7544k instructions_per_iteration=149.815k items_per_second=45.9311k/s
ClassicPointControlQueryBenchmark/HintedUniqueFieldPointQuery/10000/64             22637 ns        22630 ns         3170 cycles_per_iteration=47.5391k instructions_per_iteration=149.779k items_per_second=44.1894k/s
ClassicPointControlQueryBenchmark/HintedUniqueFieldPointQuery/10000/64_mean        22684 ns        22668 ns            5 cycles_per_iteration=47.6368k instructions_per_iteration=149.735k items_per_second=44.2065k/s
ClassicPointControlQueryBenchmark/HintedUniqueFieldPointQuery/10000/64_median      22637 ns        22630 ns            5 cycles_per_iteration=47.5391k instructions_per_iteration=149.743k items_per_second=44.1894k/s
ClassicPointControlQueryBenchmark/HintedUniqueFieldPointQuery/10000/64_stddev       1171 ns         1172 ns            5 cycles_per_iteration=2.45816k instructions_per_iteration=65.4994 items_per_second=2.20401k/s
