{"t":{"$date":"2026-08-06T05:42:47.007+08:00"},"s":"I",  "c":"-",        "id":8991200, "ctx":"main","msg":"Shuffling initializers","attr":{"seed":2859439560}}
2026-08-06T05:42:47+08:00
Running /tmp/mongo-count-query-bm-countscan-B-rejected-heavyweight-implementation
Run on (96 X 4000 MHz CPU s)
CPU Caches:
  L1 Data 48 KiB (x48)
  L1 Instruction 32 KiB (x48)
  L2 Unified 2048 KiB (x48)
  L3 Unified 61440 KiB (x2)
Load Average: 1.89, 2.07, 2.58
-------------------------------------------------------------------------------------------------------------------------------------
Benchmark                                                                           Time             CPU   Iterations UserCounters...
-------------------------------------------------------------------------------------------------------------------------------------
ScalarCountQueryBenchmark/DirectNonDeduplicatingCountScan/400000/64          87741375 ns     87709119 ns            1 cycles_per_iteration=184.268M instructions_per_iteration=974.594M items_per_second=4.56053M/s
ScalarCountQueryBenchmark/DirectNonDeduplicatingCountScan/400000/64          75392246 ns     75363553 ns            1 cycles_per_iteration=158.332M instructions_per_iteration=974.567M items_per_second=5.30761M/s
ScalarCountQueryBenchmark/DirectNonDeduplicatingCountScan/400000/64          76120138 ns     76121048 ns            1 cycles_per_iteration=159.863M instructions_per_iteration=974.565M items_per_second=5.25479M/s
ScalarCountQueryBenchmark/DirectNonDeduplicatingCountScan/400000/64          78019142 ns     78019924 ns            1 cycles_per_iteration=163.848M instructions_per_iteration=974.567M items_per_second=5.1269M/s
ScalarCountQueryBenchmark/DirectNonDeduplicatingCountScan/400000/64          75242758 ns     75211802 ns            1 cycles_per_iteration=158.019M instructions_per_iteration=974.82M items_per_second=5.31831M/s
ScalarCountQueryBenchmark/DirectNonDeduplicatingCountScan/400000/64_mean     78503132 ns     78485089 ns            5 cycles_per_iteration=164.866M instructions_per_iteration=974.623M items_per_second=5.11363M/s
ScalarCountQueryBenchmark/DirectNonDeduplicatingCountScan/400000/64_median   76120138 ns     76121048 ns            5 cycles_per_iteration=159.863M instructions_per_iteration=974.567M items_per_second=5.25479M/s
ScalarCountQueryBenchmark/DirectNonDeduplicatingCountScan/400000/64_stddev    5281233 ns      5276035 ns            5 cycles_per_iteration=11.0913M instructions_per_iteration=110.979k items_per_second=318.412k/s
