{"t":{"$date":"2026-08-06T05:47:13.699+08:00"},"s":"I",  "c":"-",        "id":8991200, "ctx":"main","msg":"Shuffling initializers","attr":{"seed":1112174551}}
2026-08-06T05:47:13+08:00
Running /tmp/mongo-count-query-bm-countscan-C-final-candidate
Run on (96 X 4000 MHz CPU s)
CPU Caches:
  L1 Data 48 KiB (x48)
  L1 Instruction 32 KiB (x48)
  L2 Unified 2048 KiB (x48)
  L3 Unified 61440 KiB (x2)
Load Average: 1.72, 1.96, 2.41
----------------------------------------------------------------------------------------------------------------------------------------
Benchmark                                                                              Time             CPU   Iterations UserCounters...
----------------------------------------------------------------------------------------------------------------------------------------
UnoptimizedCountQueryBenchmark/FetchingCountWithoutCountScan/200000/64         154732227 ns    154581357 ns            1 cycles_per_iteration=324.947M instructions_per_iteration=1.92048G
UnoptimizedCountQueryBenchmark/FetchingCountWithoutCountScan/200000/64         152413607 ns    152220936 ns            1 cycles_per_iteration=320.076M instructions_per_iteration=1.92063G
UnoptimizedCountQueryBenchmark/FetchingCountWithoutCountScan/200000/64         153431416 ns    153326168 ns            1 cycles_per_iteration=322.214M instructions_per_iteration=1.92038G
UnoptimizedCountQueryBenchmark/FetchingCountWithoutCountScan/200000/64         154984236 ns    154853193 ns            1 cycles_per_iteration=325.475M instructions_per_iteration=1.92034G
UnoptimizedCountQueryBenchmark/FetchingCountWithoutCountScan/200000/64         149580479 ns    149450338 ns            1 cycles_per_iteration=314.128M instructions_per_iteration=1.92033G
UnoptimizedCountQueryBenchmark/FetchingCountWithoutCountScan/200000/64_mean    153028393 ns    152886398 ns            5 cycles_per_iteration=321.368M instructions_per_iteration=1.92043G
UnoptimizedCountQueryBenchmark/FetchingCountWithoutCountScan/200000/64_median  153431416 ns    153326168 ns            5 cycles_per_iteration=322.214M instructions_per_iteration=1.92038G
UnoptimizedCountQueryBenchmark/FetchingCountWithoutCountScan/200000/64_stddev    2188428 ns      2189972 ns            5 cycles_per_iteration=4.5955M instructions_per_iteration=125.221k
