{"t":{"$date":"2026-08-06T05:13:17.179+08:00"},"s":"I",  "c":"-",        "id":8991200, "ctx":"main","msg":"Shuffling initializers","attr":{"seed":2078964855}}
2026-08-06T05:13:17+08:00
Running /tmp/mongo-count-query-bm-countscan-C-final-candidate
Run on (96 X 4000 MHz CPU s)
CPU Caches:
  L1 Data 48 KiB (x48)
  L1 Instruction 32 KiB (x48)
  L2 Unified 2048 KiB (x48)
  L3 Unified 61440 KiB (x2)
Load Average: 2.23, 1.75, 4.81
------------------------------------------------------------------------------------------------------------------------------------
Benchmark                                                                          Time             CPU   Iterations UserCounters...
------------------------------------------------------------------------------------------------------------------------------------
MultikeyCountQueryBenchmark/DirectDeduplicatingCountScan/200000/64          96444130 ns     96426962 ns            1 cycles_per_iteration=202.542M instructions_per_iteration=1.10614G items_per_second=4.14822M/s
MultikeyCountQueryBenchmark/DirectDeduplicatingCountScan/200000/64          97882032 ns     97844411 ns            1 cycles_per_iteration=205.562M instructions_per_iteration=1.10609G items_per_second=4.08812M/s
MultikeyCountQueryBenchmark/DirectDeduplicatingCountScan/200000/64         101073980 ns    100941483 ns            1 cycles_per_iteration=212.263M instructions_per_iteration=1.10613G items_per_second=3.96269M/s
MultikeyCountQueryBenchmark/DirectDeduplicatingCountScan/200000/64          94274044 ns     94239706 ns            1 cycles_per_iteration=197.985M instructions_per_iteration=1.10573G items_per_second=4.2445M/s
MultikeyCountQueryBenchmark/DirectDeduplicatingCountScan/200000/64          93829632 ns     93783825 ns            1 cycles_per_iteration=197.05M instructions_per_iteration=1.10606G items_per_second=4.26513M/s
MultikeyCountQueryBenchmark/DirectDeduplicatingCountScan/200000/64_mean     96700764 ns     96647277 ns            5 cycles_per_iteration=203.08M instructions_per_iteration=1.10603G items_per_second=4.14173M/s
MultikeyCountQueryBenchmark/DirectDeduplicatingCountScan/200000/64_median   96444130 ns     96426962 ns            5 cycles_per_iteration=202.542M instructions_per_iteration=1.10609G items_per_second=4.14822M/s
MultikeyCountQueryBenchmark/DirectDeduplicatingCountScan/200000/64_stddev    2946127 ns      2911942 ns            5 cycles_per_iteration=6.18667M instructions_per_iteration=170.715k items_per_second=123.246k/s
