{"t":{"$date":"2026-08-06T05:40:52.133+08:00"},"s":"I",  "c":"-",        "id":8991200, "ctx":"main","msg":"Shuffling initializers","attr":{"seed":3525286262}}
2026-08-06T05:40:52+08:00
Running /tmp/mongo-count-query-bm-countscan-C-final-candidate
Run on (96 X 4000 MHz CPU s)
CPU Caches:
  L1 Data 48 KiB (x48)
  L1 Instruction 32 KiB (x48)
  L2 Unified 2048 KiB (x48)
  L3 Unified 61440 KiB (x2)
Load Average: 2.42, 2.18, 2.68
----------------------------------------------------------------------------------------------------------------------------------------
Benchmark                                                                              Time             CPU   Iterations UserCounters...
----------------------------------------------------------------------------------------------------------------------------------------
UnoptimizedCountQueryBenchmark/FetchingCountWithoutCountScan/200000/64         143069506 ns    142981857 ns            1 cycles_per_iteration=300.455M instructions_per_iteration=1.87589G
UnoptimizedCountQueryBenchmark/FetchingCountWithoutCountScan/200000/64         138858795 ns    138728052 ns            1 cycles_per_iteration=291.612M instructions_per_iteration=1.87595G
UnoptimizedCountQueryBenchmark/FetchingCountWithoutCountScan/200000/64         145387411 ns    145241570 ns            1 cycles_per_iteration=305.322M instructions_per_iteration=1.87567G
UnoptimizedCountQueryBenchmark/FetchingCountWithoutCountScan/200000/64         148418903 ns    148336715 ns            1 cycles_per_iteration=311.689M instructions_per_iteration=1.87582G
UnoptimizedCountQueryBenchmark/FetchingCountWithoutCountScan/200000/64         160678625 ns    160429165 ns            1 cycles_per_iteration=337.434M instructions_per_iteration=1.87574G
UnoptimizedCountQueryBenchmark/FetchingCountWithoutCountScan/200000/64_mean    147282648 ns    147143472 ns            5 cycles_per_iteration=309.302M instructions_per_iteration=1.87581G
UnoptimizedCountQueryBenchmark/FetchingCountWithoutCountScan/200000/64_median  145387411 ns    145241570 ns            5 cycles_per_iteration=305.322M instructions_per_iteration=1.87582G
UnoptimizedCountQueryBenchmark/FetchingCountWithoutCountScan/200000/64_stddev    8262068 ns      8211106 ns            5 cycles_per_iteration=17.3505M instructions_per_iteration=114.056k
