{"t":{"$date":"2026-08-06T05:15:33.647+08:00"},"s":"I",  "c":"-",        "id":8991200, "ctx":"main","msg":"Shuffling initializers","attr":{"seed":2414465096}}
2026-08-06T05:15:33+08:00
Running /tmp/mongo-count-query-bm-countscan-A-upstream-production-normalized-harness
Run on (96 X 4000 MHz CPU s)
CPU Caches:
  L1 Data 48 KiB (x48)
  L1 Instruction 32 KiB (x48)
  L2 Unified 2048 KiB (x48)
  L3 Unified 61440 KiB (x2)
Load Average: 2.13, 1.89, 4.44
-------------------------------------------------------------------------------------------------------------------------------------
Benchmark                                                                           Time             CPU   Iterations UserCounters...
-------------------------------------------------------------------------------------------------------------------------------------
ScalarCountQueryBenchmark/DirectNonDeduplicatingCountScan/400000/64          79416752 ns     79366362 ns            1 cycles_per_iteration=166.784M instructions_per_iteration=1026.18M items_per_second=5.03992M/s
ScalarCountQueryBenchmark/DirectNonDeduplicatingCountScan/400000/64          88567495 ns     88432429 ns            1 cycles_per_iteration=186.003M instructions_per_iteration=1026.19M items_per_second=4.52323M/s
ScalarCountQueryBenchmark/DirectNonDeduplicatingCountScan/400000/64          81210136 ns     81211093 ns            1 cycles_per_iteration=170.55M instructions_per_iteration=1026.18M items_per_second=4.92544M/s
ScalarCountQueryBenchmark/DirectNonDeduplicatingCountScan/400000/64          78095198 ns     78063897 ns            1 cycles_per_iteration=164.01M instructions_per_iteration=1026.18M items_per_second=5.12401M/s
ScalarCountQueryBenchmark/DirectNonDeduplicatingCountScan/400000/64          84983110 ns     84983694 ns            1 cycles_per_iteration=178.473M instructions_per_iteration=1026.17M items_per_second=4.70679M/s
ScalarCountQueryBenchmark/DirectNonDeduplicatingCountScan/400000/64_mean     82454538 ns     82411495 ns            5 cycles_per_iteration=173.164M instructions_per_iteration=1026.18M items_per_second=4.86387M/s
ScalarCountQueryBenchmark/DirectNonDeduplicatingCountScan/400000/64_median   81210136 ns     81211093 ns            5 cycles_per_iteration=170.55M instructions_per_iteration=1026.18M items_per_second=4.92544M/s
ScalarCountQueryBenchmark/DirectNonDeduplicatingCountScan/400000/64_stddev    4287845 ns      4256855 ns            5 cycles_per_iteration=9.00496M instructions_per_iteration=10.8525k items_per_second=246.56k/s
