{"t":{"$date":"2026-08-06T05:26:53.352+08:00"},"s":"I",  "c":"-",        "id":8991200, "ctx":"main","msg":"Shuffling initializers","attr":{"seed":2663192616}}
2026-08-06T05:26:53+08:00
Running /tmp/mongo-count-query-bm-countscan-B-rejected-heavyweight-implementation
Run on (96 X 4000 MHz CPU s)
CPU Caches:
  L1 Data 48 KiB (x48)
  L1 Instruction 32 KiB (x48)
  L2 Unified 2048 KiB (x48)
  L3 Unified 61440 KiB (x2)
Load Average: 3.39, 2.63, 3.48
----------------------------------------------------------------------------------------------------------------------------------------
Benchmark                                                                              Time             CPU   Iterations UserCounters...
----------------------------------------------------------------------------------------------------------------------------------------
UnoptimizedCountQueryBenchmark/FetchingCountWithoutCountScan/200000/64         153811932 ns    153688115 ns            1 cycles_per_iteration=323.015M instructions_per_iteration=1.88066G
UnoptimizedCountQueryBenchmark/FetchingCountWithoutCountScan/200000/64         160183668 ns    160067772 ns            1 cycles_per_iteration=336.394M instructions_per_iteration=1.88071G
UnoptimizedCountQueryBenchmark/FetchingCountWithoutCountScan/200000/64         159297705 ns    159178028 ns            1 cycles_per_iteration=334.534M instructions_per_iteration=1.88056G
UnoptimizedCountQueryBenchmark/FetchingCountWithoutCountScan/200000/64         148739815 ns    148697914 ns            1 cycles_per_iteration=312.362M instructions_per_iteration=1.88052G
UnoptimizedCountQueryBenchmark/FetchingCountWithoutCountScan/200000/64         174957037 ns    174773236 ns            1 cycles_per_iteration=367.42M instructions_per_iteration=1.8807G
UnoptimizedCountQueryBenchmark/FetchingCountWithoutCountScan/200000/64_mean    159398031 ns    159281013 ns            5 cycles_per_iteration=334.745M instructions_per_iteration=1.88063G
UnoptimizedCountQueryBenchmark/FetchingCountWithoutCountScan/200000/64_median  159297705 ns    159178028 ns            5 cycles_per_iteration=334.534M instructions_per_iteration=1.88066G
UnoptimizedCountQueryBenchmark/FetchingCountWithoutCountScan/200000/64_stddev    9842663 ns      9796952 ns            5 cycles_per_iteration=20.6702M instructions_per_iteration=86.2556k
