{"t":{"$date":"2026-08-06T05:29:08.735+08:00"},"s":"I",  "c":"-",        "id":8991200, "ctx":"main","msg":"Shuffling initializers","attr":{"seed":2996108964}}
2026-08-06T05:29:08+08:00
Running /tmp/mongo-count-query-bm-countscan-B-rejected-heavyweight-implementation
Run on (96 X 4000 MHz CPU s)
CPU Caches:
  L1 Data 48 KiB (x48)
  L1 Instruction 32 KiB (x48)
  L2 Unified 2048 KiB (x48)
  L3 Unified 61440 KiB (x2)
Load Average: 2.43, 2.54, 3.33
------------------------------------------------------------------------------------------------------------------------------------------
Benchmark                                                                                Time             CPU   Iterations UserCounters...
------------------------------------------------------------------------------------------------------------------------------------------
CompoundWildcardCountQueryBenchmark/DirectNonMultikeyCountScan/200000/64          49003839 ns     49004485 ns            1 cycles_per_iteration=102.914M instructions_per_iteration=610.757M items_per_second=4.08126M/s
CompoundWildcardCountQueryBenchmark/DirectNonMultikeyCountScan/200000/64          51184177 ns     51185146 ns            1 cycles_per_iteration=107.495M instructions_per_iteration=610.767M items_per_second=3.90738M/s
CompoundWildcardCountQueryBenchmark/DirectNonMultikeyCountScan/200000/64          50811052 ns     50812036 ns            1 cycles_per_iteration=106.711M instructions_per_iteration=610.758M items_per_second=3.93608M/s
CompoundWildcardCountQueryBenchmark/DirectNonMultikeyCountScan/200000/64          51173925 ns     51129242 ns            1 cycles_per_iteration=107.474M instructions_per_iteration=610.786M items_per_second=3.91166M/s
CompoundWildcardCountQueryBenchmark/DirectNonMultikeyCountScan/200000/64          48777103 ns     48670603 ns            1 cycles_per_iteration=102.438M instructions_per_iteration=610.712M items_per_second=4.10926M/s
CompoundWildcardCountQueryBenchmark/DirectNonMultikeyCountScan/200000/64_mean     50190020 ns     50160302 ns            5 cycles_per_iteration=105.406M instructions_per_iteration=610.756M items_per_second=3.98913M/s
CompoundWildcardCountQueryBenchmark/DirectNonMultikeyCountScan/200000/64_median   50811052 ns     50812036 ns            5 cycles_per_iteration=106.711M instructions_per_iteration=610.758M items_per_second=3.93608M/s
CompoundWildcardCountQueryBenchmark/DirectNonMultikeyCountScan/200000/64_stddev    1198484 ns      1221579 ns            5 cycles_per_iteration=2.51799M instructions_per_iteration=27.244k items_per_second=98.0022k/s
