{"t":{"$date":"2026-08-06T05:40:57.644+08:00"},"s":"I",  "c":"-",        "id":8991200, "ctx":"main","msg":"Shuffling initializers","attr":{"seed":4009713687}}
2026-08-06T05:40:57+08:00
Running /tmp/mongo-count-query-bm-countscan-A-upstream-production-normalized-harness
Run on (96 X 4000 MHz CPU s)
CPU Caches:
  L1 Data 48 KiB (x48)
  L1 Instruction 32 KiB (x48)
  L2 Unified 2048 KiB (x48)
  L3 Unified 61440 KiB (x2)
Load Average: 2.47, 2.19, 2.68
----------------------------------------------------------------------------------------------------------------------------------------
Benchmark                                                                              Time             CPU   Iterations UserCounters...
----------------------------------------------------------------------------------------------------------------------------------------
UnoptimizedCountQueryBenchmark/FetchingCountWithoutCountScan/200000/64         147865772 ns    147732287 ns            1 cycles_per_iteration=310.528M instructions_per_iteration=1.87589G
UnoptimizedCountQueryBenchmark/FetchingCountWithoutCountScan/200000/64         148842096 ns    148709106 ns            1 cycles_per_iteration=312.576M instructions_per_iteration=1.87597G
UnoptimizedCountQueryBenchmark/FetchingCountWithoutCountScan/200000/64         146661758 ns    146566476 ns            1 cycles_per_iteration=307.997M instructions_per_iteration=1.87569G
UnoptimizedCountQueryBenchmark/FetchingCountWithoutCountScan/200000/64         149546146 ns    149465634 ns            1 cycles_per_iteration=314.055M instructions_per_iteration=1.8758G
UnoptimizedCountQueryBenchmark/FetchingCountWithoutCountScan/200000/64         149957180 ns    149875442 ns            1 cycles_per_iteration=314.919M instructions_per_iteration=1.87574G
UnoptimizedCountQueryBenchmark/FetchingCountWithoutCountScan/200000/64_mean    148574591 ns    148469789 ns            5 cycles_per_iteration=312.015M instructions_per_iteration=1.87582G
UnoptimizedCountQueryBenchmark/FetchingCountWithoutCountScan/200000/64_median  148842096 ns    148709106 ns            5 cycles_per_iteration=312.576M instructions_per_iteration=1.8758G
UnoptimizedCountQueryBenchmark/FetchingCountWithoutCountScan/200000/64_stddev    1331201 ns      1340835 ns            5 cycles_per_iteration=2.79546M instructions_per_iteration=112.554k
