{"t":{"$date":"2026-08-06T05:19:58.658+08:00"},"s":"I",  "c":"-",        "id":8991200, "ctx":"main","msg":"Shuffling initializers","attr":{"seed":2515479426}}
2026-08-06T05:19:58+08:00
Running /tmp/mongo-count-query-bm-countscan-B-rejected-heavyweight-implementation
Run on (96 X 4000 MHz CPU s)
CPU Caches:
  L1 Data 48 KiB (x48)
  L1 Instruction 32 KiB (x48)
  L2 Unified 2048 KiB (x48)
  L3 Unified 61440 KiB (x2)
Load Average: 2.61, 2.21, 3.93
------------------------------------------------------------------------------------------------------------------------------------------
Benchmark                                                                                Time             CPU   Iterations UserCounters...
------------------------------------------------------------------------------------------------------------------------------------------
CompoundWildcardCountQueryBenchmark/DirectNonMultikeyCountScan/200000/64          51291466 ns     51284768 ns            1 cycles_per_iteration=107.719M instructions_per_iteration=610.767M items_per_second=3.89979M/s
CompoundWildcardCountQueryBenchmark/DirectNonMultikeyCountScan/200000/64          54347992 ns     54348494 ns            1 cycles_per_iteration=114.137M instructions_per_iteration=610.758M items_per_second=3.67995M/s
CompoundWildcardCountQueryBenchmark/DirectNonMultikeyCountScan/200000/64          51775217 ns     51755908 ns            1 cycles_per_iteration=108.736M instructions_per_iteration=610.777M items_per_second=3.86429M/s
CompoundWildcardCountQueryBenchmark/DirectNonMultikeyCountScan/200000/64          52720785 ns     52700268 ns            1 cycles_per_iteration=110.721M instructions_per_iteration=610.804M items_per_second=3.79505M/s
CompoundWildcardCountQueryBenchmark/DirectNonMultikeyCountScan/200000/64          50812960 ns     50769052 ns            1 cycles_per_iteration=106.715M instructions_per_iteration=610.711M items_per_second=3.93941M/s
CompoundWildcardCountQueryBenchmark/DirectNonMultikeyCountScan/200000/64_mean     52189684 ns     52171698 ns            5 cycles_per_iteration=109.605M instructions_per_iteration=610.763M items_per_second=3.8357M/s
CompoundWildcardCountQueryBenchmark/DirectNonMultikeyCountScan/200000/64_median   51775217 ns     51755908 ns            5 cycles_per_iteration=108.736M instructions_per_iteration=610.767M items_per_second=3.86429M/s
CompoundWildcardCountQueryBenchmark/DirectNonMultikeyCountScan/200000/64_stddev    1397704 ns      1409323 ns            5 cycles_per_iteration=2.93473M instructions_per_iteration=33.9795k items_per_second=101.968k/s
