{"t":{"$date":"2026-08-06T05:32:15.328+08:00"},"s":"I",  "c":"-",        "id":8991200, "ctx":"main","msg":"Shuffling initializers","attr":{"seed":3574170937}}
2026-08-06T05:32:15+08:00
Running /tmp/mongo-count-query-bm-countscan-B-rejected-heavyweight-implementation
Run on (96 X 4000 MHz CPU s)
CPU Caches:
  L1 Data 48 KiB (x48)
  L1 Instruction 32 KiB (x48)
  L2 Unified 2048 KiB (x48)
  L3 Unified 61440 KiB (x2)
Load Average: 2.24, 2.44, 3.15
----------------------------------------------------------------------------------------------------------------------------------------
Benchmark                                                                              Time             CPU   Iterations UserCounters...
----------------------------------------------------------------------------------------------------------------------------------------
UnoptimizedCountQueryBenchmark/FetchingCountWithoutCountScan/200000/64         155693531 ns    155586801 ns            1 cycles_per_iteration=326.965M instructions_per_iteration=1.88067G
UnoptimizedCountQueryBenchmark/FetchingCountWithoutCountScan/200000/64         157953739 ns    157842253 ns            1 cycles_per_iteration=331.712M instructions_per_iteration=1.88072G
UnoptimizedCountQueryBenchmark/FetchingCountWithoutCountScan/200000/64         152672768 ns    152564117 ns            1 cycles_per_iteration=320.621M instructions_per_iteration=1.88045G
UnoptimizedCountQueryBenchmark/FetchingCountWithoutCountScan/200000/64         155844688 ns    155737271 ns            1 cycles_per_iteration=327.282M instructions_per_iteration=1.88056G
UnoptimizedCountQueryBenchmark/FetchingCountWithoutCountScan/200000/64         164983749 ns    164854699 ns            1 cycles_per_iteration=346.475M instructions_per_iteration=1.88057G
UnoptimizedCountQueryBenchmark/FetchingCountWithoutCountScan/200000/64_mean    157429695 ns    157317028 ns            5 cycles_per_iteration=330.611M instructions_per_iteration=1.88059G
UnoptimizedCountQueryBenchmark/FetchingCountWithoutCountScan/200000/64_median  155844688 ns    155737271 ns            5 cycles_per_iteration=327.282M instructions_per_iteration=1.88057G
UnoptimizedCountQueryBenchmark/FetchingCountWithoutCountScan/200000/64_stddev    4623127 ns      4614429 ns            5 cycles_per_iteration=9.70882M instructions_per_iteration=104.706k
