{"t":{"$date":"2026-08-06T05:44:41.910+08:00"},"s":"I",  "c":"-",        "id":8991200, "ctx":"main","msg":"Shuffling initializers","attr":{"seed":2978011884}}
2026-08-06T05:44:41+08:00
Running /tmp/mongo-count-query-bm-countscan-C-final-candidate
Run on (96 X 4000 MHz CPU s)
CPU Caches:
  L1 Data 48 KiB (x48)
  L1 Instruction 32 KiB (x48)
  L2 Unified 2048 KiB (x48)
  L3 Unified 61440 KiB (x2)
Load Average: 2.02, 2.07, 2.52
------------------------------------------------------------------------------------------------------------------------------------------
Benchmark                                                                                Time             CPU   Iterations UserCounters...
------------------------------------------------------------------------------------------------------------------------------------------
CompoundWildcardCountQueryBenchmark/DirectNonMultikeyCountScan/200000/64          50331831 ns     50310564 ns            1 cycles_per_iteration=105.703M instructions_per_iteration=612.738M items_per_second=3.97531M/s
CompoundWildcardCountQueryBenchmark/DirectNonMultikeyCountScan/200000/64          52777767 ns     52691862 ns            1 cycles_per_iteration=110.841M instructions_per_iteration=612.757M items_per_second=3.79565M/s
CompoundWildcardCountQueryBenchmark/DirectNonMultikeyCountScan/200000/64          49293518 ns     49293964 ns            1 cycles_per_iteration=103.523M instructions_per_iteration=612.755M items_per_second=4.05729M/s
CompoundWildcardCountQueryBenchmark/DirectNonMultikeyCountScan/200000/64          50668240 ns     50668850 ns            1 cycles_per_iteration=106.411M instructions_per_iteration=612.745M items_per_second=3.9472M/s
CompoundWildcardCountQueryBenchmark/DirectNonMultikeyCountScan/200000/64          51646471 ns     51578830 ns            1 cycles_per_iteration=108.464M instructions_per_iteration=612.722M items_per_second=3.87756M/s
CompoundWildcardCountQueryBenchmark/DirectNonMultikeyCountScan/200000/64_mean     50943565 ns     50908814 ns            5 cycles_per_iteration=106.988M instructions_per_iteration=612.743M items_per_second=3.9306M/s
CompoundWildcardCountQueryBenchmark/DirectNonMultikeyCountScan/200000/64_median   50668240 ns     50668850 ns            5 cycles_per_iteration=106.411M instructions_per_iteration=612.745M items_per_second=3.9472M/s
CompoundWildcardCountQueryBenchmark/DirectNonMultikeyCountScan/200000/64_stddev    1325807 ns      1289516 ns            5 cycles_per_iteration=2.78446M instructions_per_iteration=14.1679k items_per_second=99.1832k/s
