{"t":{"$date":"2026-08-06T05:13:34.023+08:00"},"s":"I",  "c":"-",        "id":8991200, "ctx":"main","msg":"Shuffling initializers","attr":{"seed":2390521989}}
2026-08-06T05:13:34+08:00
Running /tmp/mongo-count-query-bm-countscan-C-final-candidate
Run on (96 X 4000 MHz CPU s)
CPU Caches:
  L1 Data 48 KiB (x48)
  L1 Instruction 32 KiB (x48)
  L2 Unified 2048 KiB (x48)
  L3 Unified 61440 KiB (x2)
Load Average: 2.38, 1.81, 4.78
------------------------------------------------------------------------------------------------------------------------------------------
Benchmark                                                                                Time             CPU   Iterations UserCounters...
------------------------------------------------------------------------------------------------------------------------------------------
CompoundWildcardCountQueryBenchmark/DirectNonMultikeyCountScan/200000/64          52012444 ns     51992980 ns            1 cycles_per_iteration=109.233M instructions_per_iteration=612.735M items_per_second=3.84667M/s
CompoundWildcardCountQueryBenchmark/DirectNonMultikeyCountScan/200000/64          49358606 ns     49337195 ns            1 cycles_per_iteration=103.659M instructions_per_iteration=612.75M items_per_second=4.05374M/s
CompoundWildcardCountQueryBenchmark/DirectNonMultikeyCountScan/200000/64          53367615 ns     53303896 ns            1 cycles_per_iteration=112.081M instructions_per_iteration=612.768M items_per_second=3.75207M/s
CompoundWildcardCountQueryBenchmark/DirectNonMultikeyCountScan/200000/64          50150156 ns     50126415 ns            1 cycles_per_iteration=105.322M instructions_per_iteration=612.838M items_per_second=3.98991M/s
CompoundWildcardCountQueryBenchmark/DirectNonMultikeyCountScan/200000/64          50383329 ns     50384314 ns            1 cycles_per_iteration=105.814M instructions_per_iteration=612.762M items_per_second=3.96949M/s
CompoundWildcardCountQueryBenchmark/DirectNonMultikeyCountScan/200000/64_mean     51054430 ns     51028960 ns            5 cycles_per_iteration=107.222M instructions_per_iteration=612.771M items_per_second=3.92238M/s
CompoundWildcardCountQueryBenchmark/DirectNonMultikeyCountScan/200000/64_median   50383329 ns     50384314 ns            5 cycles_per_iteration=105.814M instructions_per_iteration=612.762M items_per_second=3.96949M/s
CompoundWildcardCountQueryBenchmark/DirectNonMultikeyCountScan/200000/64_stddev    1613422 ns      1596629 ns            5 cycles_per_iteration=3.38904M instructions_per_iteration=39.804k items_per_second=121.214k/s
