{"t":{"$date":"2026-08-06T05:35:19.886+08:00"},"s":"I",  "c":"-",        "id":8991200, "ctx":"main","msg":"Shuffling initializers","attr":{"seed":1440358616}}
2026-08-06T05:35:19+08:00
Running /tmp/mongo-count-query-bm-countscan-B-rejected-heavyweight-implementation
Run on (96 X 4000 MHz CPU s)
CPU Caches:
  L1 Data 48 KiB (x48)
  L1 Instruction 32 KiB (x48)
  L2 Unified 2048 KiB (x48)
  L3 Unified 61440 KiB (x2)
Load Average: 2.11, 2.25, 2.94
------------------------------------------------------------------------------------------------------------------------------------------
Benchmark                                                                                Time             CPU   Iterations UserCounters...
------------------------------------------------------------------------------------------------------------------------------------------
CompoundWildcardCountQueryBenchmark/DirectNonMultikeyCountScan/200000/64          51425219 ns     51418475 ns            1 cycles_per_iteration=108M instructions_per_iteration=610.708M items_per_second=3.88965M/s
CompoundWildcardCountQueryBenchmark/DirectNonMultikeyCountScan/200000/64          49083948 ns     49063978 ns            1 cycles_per_iteration=103.084M instructions_per_iteration=610.751M items_per_second=4.07631M/s
CompoundWildcardCountQueryBenchmark/DirectNonMultikeyCountScan/200000/64          55119276 ns     55097916 ns            1 cycles_per_iteration=115.759M instructions_per_iteration=610.741M items_per_second=3.6299M/s
CompoundWildcardCountQueryBenchmark/DirectNonMultikeyCountScan/200000/64          48393250 ns     48393728 ns            1 cycles_per_iteration=101.632M instructions_per_iteration=610.767M items_per_second=4.13277M/s
CompoundWildcardCountQueryBenchmark/DirectNonMultikeyCountScan/200000/64          47542810 ns     47486596 ns            1 cycles_per_iteration=99.8473M instructions_per_iteration=610.726M items_per_second=4.21171M/s
CompoundWildcardCountQueryBenchmark/DirectNonMultikeyCountScan/200000/64_mean     50312901 ns     50292139 ns            5 cycles_per_iteration=105.664M instructions_per_iteration=610.739M items_per_second=3.98807M/s
CompoundWildcardCountQueryBenchmark/DirectNonMultikeyCountScan/200000/64_median   49083948 ns     49063978 ns            5 cycles_per_iteration=103.084M instructions_per_iteration=610.741M items_per_second=4.07631M/s
CompoundWildcardCountQueryBenchmark/DirectNonMultikeyCountScan/200000/64_stddev    3049889 ns      3055632 ns            5 cycles_per_iteration=6.40518M instructions_per_iteration=22.6718k items_per_second=232.761k/s
