{"t":{"$date":"2026-08-06T05:25:46.146+08:00"},"s":"I",  "c":"-",        "id":8991200, "ctx":"main","msg":"Shuffling initializers","attr":{"seed":1830487533}}
2026-08-06T05:25:46+08:00
Running /tmp/mongo-count-query-bm-countscan-B-rejected-heavyweight-implementation
Run on (96 X 4000 MHz CPU s)
CPU Caches:
  L1 Data 48 KiB (x48)
  L1 Instruction 32 KiB (x48)
  L2 Unified 2048 KiB (x48)
  L3 Unified 61440 KiB (x2)
Load Average: 2.14, 2.37, 3.47
------------------------------------------------------------------------------------------------------------------------------------
Benchmark                                                                          Time             CPU   Iterations UserCounters...
------------------------------------------------------------------------------------------------------------------------------------
MultikeyCountQueryBenchmark/DirectDeduplicatingCountScan/200000/64          96662521 ns     96631770 ns            1 cycles_per_iteration=203M instructions_per_iteration=1.10248G items_per_second=4.13943M/s
MultikeyCountQueryBenchmark/DirectDeduplicatingCountScan/200000/64          96853733 ns     96855100 ns            1 cycles_per_iteration=203.403M instructions_per_iteration=1.10249G items_per_second=4.12988M/s
MultikeyCountQueryBenchmark/DirectDeduplicatingCountScan/200000/64          94810724 ns     94742435 ns            1 cycles_per_iteration=199.11M instructions_per_iteration=1.10247G items_per_second=4.22197M/s
MultikeyCountQueryBenchmark/DirectDeduplicatingCountScan/200000/64          92278957 ns     92166650 ns            1 cycles_per_iteration=193.794M instructions_per_iteration=1.10244G items_per_second=4.33996M/s
MultikeyCountQueryBenchmark/DirectDeduplicatingCountScan/200000/64          90238333 ns     90123027 ns            1 cycles_per_iteration=189.509M instructions_per_iteration=1.10243G items_per_second=4.43838M/s
MultikeyCountQueryBenchmark/DirectDeduplicatingCountScan/200000/64_mean     94168854 ns     94103796 ns            5 cycles_per_iteration=197.763M instructions_per_iteration=1.10246G items_per_second=4.25392M/s
MultikeyCountQueryBenchmark/DirectDeduplicatingCountScan/200000/64_median   94810724 ns     94742435 ns            5 cycles_per_iteration=199.11M instructions_per_iteration=1.10247G items_per_second=4.22197M/s
MultikeyCountQueryBenchmark/DirectDeduplicatingCountScan/200000/64_stddev    2866167 ns      2914071 ns            5 cycles_per_iteration=6.01955M instructions_per_iteration=27.0765k items_per_second=133.176k/s
