{"t":{"$date":"2026-08-06T05:36:26.069+08:00"},"s":"I",  "c":"-",        "id":8991200, "ctx":"main","msg":"Shuffling initializers","attr":{"seed":2452437744}}
2026-08-06T05:36:26+08:00
Running /tmp/mongo-count-query-bm-countscan-A-upstream-production-normalized-harness
Run on (96 X 4000 MHz CPU s)
CPU Caches:
  L1 Data 48 KiB (x48)
  L1 Instruction 32 KiB (x48)
  L2 Unified 2048 KiB (x48)
  L3 Unified 61440 KiB (x2)
Load Average: 1.92, 2.16, 2.86
-------------------------------------------------------------------------------------------------------------------------------------
Benchmark                                                                           Time             CPU   Iterations UserCounters...
-------------------------------------------------------------------------------------------------------------------------------------
ScalarCountQueryBenchmark/DirectNonDeduplicatingCountScan/400000/64          83261251 ns     83239563 ns            1 cycles_per_iteration=174.856M instructions_per_iteration=1026.17M items_per_second=4.80541M/s
ScalarCountQueryBenchmark/DirectNonDeduplicatingCountScan/400000/64          83240032 ns     83241222 ns            1 cycles_per_iteration=174.813M instructions_per_iteration=1026.15M items_per_second=4.80531M/s
ScalarCountQueryBenchmark/DirectNonDeduplicatingCountScan/400000/64          81883430 ns     81868091 ns            1 cycles_per_iteration=171.964M instructions_per_iteration=1026.17M items_per_second=4.88591M/s
ScalarCountQueryBenchmark/DirectNonDeduplicatingCountScan/400000/64          82234383 ns     82235409 ns            1 cycles_per_iteration=172.701M instructions_per_iteration=1026.18M items_per_second=4.86408M/s
ScalarCountQueryBenchmark/DirectNonDeduplicatingCountScan/400000/64          81549168 ns     81355731 ns            1 cycles_per_iteration=171.262M instructions_per_iteration=1026.16M items_per_second=4.91668M/s
ScalarCountQueryBenchmark/DirectNonDeduplicatingCountScan/400000/64_mean     82433653 ns     82388003 ns            5 cycles_per_iteration=173.119M instructions_per_iteration=1026.17M items_per_second=4.85548M/s
ScalarCountQueryBenchmark/DirectNonDeduplicatingCountScan/400000/64_median   82234383 ns     82235409 ns            5 cycles_per_iteration=172.701M instructions_per_iteration=1026.17M items_per_second=4.86408M/s
ScalarCountQueryBenchmark/DirectNonDeduplicatingCountScan/400000/64_stddev     784209 ns       838498 ns            5 cycles_per_iteration=1.64675M instructions_per_iteration=9.82169k items_per_second=49.4201k/s
