{"t":{"$date":"2026-08-06T05:46:58.461+08:00"},"s":"I",  "c":"-",        "id":8991200, "ctx":"main","msg":"Shuffling initializers","attr":{"seed":1635710214}}
2026-08-06T05:46:58+08:00
Running /tmp/mongo-count-query-bm-countscan-B-rejected-heavyweight-implementation
Run on (96 X 4000 MHz CPU s)
CPU Caches:
  L1 Data 48 KiB (x48)
  L1 Instruction 32 KiB (x48)
  L2 Unified 2048 KiB (x48)
  L3 Unified 61440 KiB (x2)
Load Average: 1.75, 1.98, 2.43
----------------------------------------------------------------------------------------------------------------------------------------
Benchmark                                                                              Time             CPU   Iterations UserCounters...
----------------------------------------------------------------------------------------------------------------------------------------
ClassicPointControlQueryBenchmark/HintedUniqueFieldPointQuery/10000/64             23652 ns        23632 ns         3040 cycles_per_iteration=49.67k instructions_per_iteration=149.427k items_per_second=42.3162k/s
ClassicPointControlQueryBenchmark/HintedUniqueFieldPointQuery/10000/64             22377 ns        22359 ns         3040 cycles_per_iteration=46.9921k instructions_per_iteration=149.405k items_per_second=44.7253k/s
ClassicPointControlQueryBenchmark/HintedUniqueFieldPointQuery/10000/64             22733 ns        22724 ns         3040 cycles_per_iteration=47.7395k instructions_per_iteration=149.242k items_per_second=44.0066k/s
ClassicPointControlQueryBenchmark/HintedUniqueFieldPointQuery/10000/64             23056 ns        23048 ns         3040 cycles_per_iteration=48.4181k instructions_per_iteration=149.338k items_per_second=43.3882k/s
ClassicPointControlQueryBenchmark/HintedUniqueFieldPointQuery/10000/64             22355 ns        22321 ns         3040 cycles_per_iteration=46.9472k instructions_per_iteration=149.203k items_per_second=44.8002k/s
ClassicPointControlQueryBenchmark/HintedUniqueFieldPointQuery/10000/64_mean        22834 ns        22817 ns            5 cycles_per_iteration=47.9534k instructions_per_iteration=149.323k items_per_second=43.8473k/s
ClassicPointControlQueryBenchmark/HintedUniqueFieldPointQuery/10000/64_median      22733 ns        22724 ns            5 cycles_per_iteration=47.7395k instructions_per_iteration=149.338k items_per_second=44.0066k/s
ClassicPointControlQueryBenchmark/HintedUniqueFieldPointQuery/10000/64_stddev        540 ns          543 ns            5 cycles_per_iteration=1.13412k instructions_per_iteration=98.364 items_per_second=1031.91/s
