{"t":{"$date":"2026-08-06T05:40:38.914+08:00"},"s":"I",  "c":"-",        "id":8991200, "ctx":"main","msg":"Shuffling initializers","attr":{"seed":1628939229}}
2026-08-06T05:40:38+08:00
Running /tmp/mongo-count-query-bm-countscan-A-upstream-production-normalized-harness
Run on (96 X 4000 MHz CPU s)
CPU Caches:
  L1 Data 48 KiB (x48)
  L1 Instruction 32 KiB (x48)
  L2 Unified 2048 KiB (x48)
  L3 Unified 61440 KiB (x2)
Load Average: 2.65, 2.21, 2.70
------------------------------------------------------------------------------------------------------------------------------------------
Benchmark                                                                                Time             CPU   Iterations UserCounters...
------------------------------------------------------------------------------------------------------------------------------------------
CompoundWildcardCountQueryBenchmark/DirectNonMultikeyCountScan/200000/64          61823606 ns     61796940 ns            1 cycles_per_iteration=129.837M instructions_per_iteration=636.187M items_per_second=3.23641M/s
CompoundWildcardCountQueryBenchmark/DirectNonMultikeyCountScan/200000/64          58714628 ns     58707028 ns            1 cycles_per_iteration=123.306M instructions_per_iteration=636.166M items_per_second=3.40675M/s
CompoundWildcardCountQueryBenchmark/DirectNonMultikeyCountScan/200000/64          58618784 ns     58588950 ns            1 cycles_per_iteration=123.109M instructions_per_iteration=636.192M items_per_second=3.41361M/s
CompoundWildcardCountQueryBenchmark/DirectNonMultikeyCountScan/200000/64          57148457 ns     57148959 ns            1 cycles_per_iteration=120.018M instructions_per_iteration=636.154M items_per_second=3.49963M/s
CompoundWildcardCountQueryBenchmark/DirectNonMultikeyCountScan/200000/64          57313442 ns     57236777 ns            1 cycles_per_iteration=120.366M instructions_per_iteration=636.124M items_per_second=3.49426M/s
CompoundWildcardCountQueryBenchmark/DirectNonMultikeyCountScan/200000/64_mean     58723783 ns     58695731 ns            5 cycles_per_iteration=123.327M instructions_per_iteration=636.165M items_per_second=3.41013M/s
CompoundWildcardCountQueryBenchmark/DirectNonMultikeyCountScan/200000/64_median   58618784 ns     58588950 ns            5 cycles_per_iteration=123.109M instructions_per_iteration=636.166M items_per_second=3.41361M/s
CompoundWildcardCountQueryBenchmark/DirectNonMultikeyCountScan/200000/64_stddev    1876881 ns      1880829 ns            5 cycles_per_iteration=3.94151M instructions_per_iteration=27.7934k items_per_second=106.408k/s
