{"t":{"$date":"2026-08-06T05:45:51.897+08:00"},"s":"I",  "c":"-",        "id":8991200, "ctx":"main","msg":"Shuffling initializers","attr":{"seed":2410643881}}
2026-08-06T05:45:51+08:00
Running /tmp/mongo-count-query-bm-countscan-C-final-candidate
Run on (96 X 4000 MHz CPU s)
CPU Caches:
  L1 Data 48 KiB (x48)
  L1 Instruction 32 KiB (x48)
  L2 Unified 2048 KiB (x48)
  L3 Unified 61440 KiB (x2)
Load Average: 1.90, 2.05, 2.48
------------------------------------------------------------------------------------------------------------------------------------------
Benchmark                                                                                Time             CPU   Iterations UserCounters...
------------------------------------------------------------------------------------------------------------------------------------------
CompoundWildcardCountQueryBenchmark/DirectNonMultikeyCountScan/200000/64          51708460 ns     51708942 ns            1 cycles_per_iteration=108.595M instructions_per_iteration=612.694M items_per_second=3.8678M/s
CompoundWildcardCountQueryBenchmark/DirectNonMultikeyCountScan/200000/64          51140070 ns     51074798 ns            1 cycles_per_iteration=107.402M instructions_per_iteration=612.717M items_per_second=3.91583M/s
CompoundWildcardCountQueryBenchmark/DirectNonMultikeyCountScan/200000/64          49900055 ns     49879061 ns            1 cycles_per_iteration=104.798M instructions_per_iteration=612.743M items_per_second=4.0097M/s
CompoundWildcardCountQueryBenchmark/DirectNonMultikeyCountScan/200000/64          49133301 ns     49083051 ns            1 cycles_per_iteration=103.186M instructions_per_iteration=612.742M items_per_second=4.07473M/s
CompoundWildcardCountQueryBenchmark/DirectNonMultikeyCountScan/200000/64          49630165 ns     49609296 ns            1 cycles_per_iteration=104.23M instructions_per_iteration=612.702M items_per_second=4.0315M/s
CompoundWildcardCountQueryBenchmark/DirectNonMultikeyCountScan/200000/64_mean     50302410 ns     50271030 ns            5 cycles_per_iteration=105.642M instructions_per_iteration=612.72M items_per_second=3.97991M/s
CompoundWildcardCountQueryBenchmark/DirectNonMultikeyCountScan/200000/64_median   49900055 ns     49879061 ns            5 cycles_per_iteration=104.798M instructions_per_iteration=612.717M items_per_second=4.0097M/s
CompoundWildcardCountQueryBenchmark/DirectNonMultikeyCountScan/200000/64_stddev    1079267 ns      1085871 ns            5 cycles_per_iteration=2.26666M instructions_per_iteration=22.6681k items_per_second=85.4606k/s
