{"t":{"$date":"2026-08-06T05:47:53.729+08:00"},"s":"I",  "c":"-",        "id":8991200, "ctx":"main","msg":"Shuffling initializers","attr":{"seed":2132125640}}
2026-08-06T05:47:53+08:00
Running /tmp/mongo-count-query-bm-countscan-B-rejected-heavyweight-implementation
Run on (96 X 4000 MHz CPU s)
CPU Caches:
  L1 Data 48 KiB (x48)
  L1 Instruction 32 KiB (x48)
  L2 Unified 2048 KiB (x48)
  L3 Unified 61440 KiB (x2)
Load Average: 1.91, 1.99, 2.40
----------------------------------------------------------------------------------------------------------------------------------------
Benchmark                                                                              Time             CPU   Iterations UserCounters...
----------------------------------------------------------------------------------------------------------------------------------------
ClassicPointControlQueryBenchmark/HintedUniqueFieldPointQuery/10000/64             21704 ns        21698 ns         2922 cycles_per_iteration=45.5807k instructions_per_iteration=149.347k items_per_second=46.0877k/s
ClassicPointControlQueryBenchmark/HintedUniqueFieldPointQuery/10000/64             22710 ns        22700 ns         2922 cycles_per_iteration=47.6931k instructions_per_iteration=149.323k items_per_second=44.052k/s
ClassicPointControlQueryBenchmark/HintedUniqueFieldPointQuery/10000/64             22920 ns        22913 ns         2922 cycles_per_iteration=48.1339k instructions_per_iteration=149.303k items_per_second=43.6429k/s
ClassicPointControlQueryBenchmark/HintedUniqueFieldPointQuery/10000/64             23944 ns        23937 ns         2922 cycles_per_iteration=50.2847k instructions_per_iteration=149.32k items_per_second=41.7763k/s
ClassicPointControlQueryBenchmark/HintedUniqueFieldPointQuery/10000/64             22133 ns        22125 ns         2922 cycles_per_iteration=46.481k instructions_per_iteration=149.297k items_per_second=45.1979k/s
ClassicPointControlQueryBenchmark/HintedUniqueFieldPointQuery/10000/64_mean        22683 ns        22675 ns            5 cycles_per_iteration=47.6347k instructions_per_iteration=149.318k items_per_second=44.1513k/s
ClassicPointControlQueryBenchmark/HintedUniqueFieldPointQuery/10000/64_median      22710 ns        22700 ns            5 cycles_per_iteration=47.6931k instructions_per_iteration=149.32k items_per_second=44.052k/s
ClassicPointControlQueryBenchmark/HintedUniqueFieldPointQuery/10000/64_stddev        853 ns          853 ns            5 cycles_per_iteration=1.79062k instructions_per_iteration=19.2255 items_per_second=1.63967k/s
