{"t":{"$date":"2026-08-06T05:17:28.544+08:00"},"s":"I",  "c":"-",        "id":8991200, "ctx":"main","msg":"Shuffling initializers","attr":{"seed":2980784026}}
2026-08-06T05:17:28+08:00
Running /tmp/mongo-count-query-bm-countscan-C-final-candidate
Run on (96 X 4000 MHz CPU s)
CPU Caches:
  L1 Data 48 KiB (x48)
  L1 Instruction 32 KiB (x48)
  L2 Unified 2048 KiB (x48)
  L3 Unified 61440 KiB (x2)
Load Average: 2.26, 2.02, 4.19
------------------------------------------------------------------------------------------------------------------------------------------
Benchmark                                                                                Time             CPU   Iterations UserCounters...
------------------------------------------------------------------------------------------------------------------------------------------
CompoundWildcardCountQueryBenchmark/DirectNonMultikeyCountScan/200000/64          48319578 ns     48281557 ns            1 cycles_per_iteration=101.477M instructions_per_iteration=612.769M items_per_second=4.14237M/s
CompoundWildcardCountQueryBenchmark/DirectNonMultikeyCountScan/200000/64          48559189 ns     48539992 ns            1 cycles_per_iteration=101.98M instructions_per_iteration=612.811M items_per_second=4.12031M/s
CompoundWildcardCountQueryBenchmark/DirectNonMultikeyCountScan/200000/64          47935963 ns     47916192 ns            1 cycles_per_iteration=100.672M instructions_per_iteration=612.816M items_per_second=4.17395M/s
CompoundWildcardCountQueryBenchmark/DirectNonMultikeyCountScan/200000/64          54888964 ns     54874219 ns            1 cycles_per_iteration=115.274M instructions_per_iteration=612.834M items_per_second=3.6447M/s
CompoundWildcardCountQueryBenchmark/DirectNonMultikeyCountScan/200000/64          52913666 ns     52834507 ns            1 cycles_per_iteration=111.125M instructions_per_iteration=612.738M items_per_second=3.7854M/s
CompoundWildcardCountQueryBenchmark/DirectNonMultikeyCountScan/200000/64_mean     50523472 ns     50489293 ns            5 cycles_per_iteration=106.106M instructions_per_iteration=612.794M items_per_second=3.97335M/s
CompoundWildcardCountQueryBenchmark/DirectNonMultikeyCountScan/200000/64_median   48559189 ns     48539992 ns            5 cycles_per_iteration=101.98M instructions_per_iteration=612.811M items_per_second=4.12031M/s
CompoundWildcardCountQueryBenchmark/DirectNonMultikeyCountScan/200000/64_stddev    3169436 ns      3163160 ns            5 cycles_per_iteration=6.65627M instructions_per_iteration=39.0301k items_per_second=241.735k/s
