{"t":{"$date":"2026-08-06T05:36:51.938+08:00"},"s":"I",  "c":"-",        "id":8991200, "ctx":"main","msg":"Shuffling initializers","attr":{"seed":2354306400}}
2026-08-06T05:36:51+08:00
Running /tmp/mongo-count-query-bm-countscan-B-rejected-heavyweight-implementation
Run on (96 X 4000 MHz CPU s)
CPU Caches:
  L1 Data 48 KiB (x48)
  L1 Instruction 32 KiB (x48)
  L2 Unified 2048 KiB (x48)
  L3 Unified 61440 KiB (x2)
Load Average: 2.27, 2.22, 2.86
------------------------------------------------------------------------------------------------------------------------------------------
Benchmark                                                                                Time             CPU   Iterations UserCounters...
------------------------------------------------------------------------------------------------------------------------------------------
CompoundWildcardCountQueryBenchmark/DirectNonMultikeyCountScan/200000/64          50585508 ns     50586248 ns            1 cycles_per_iteration=106.237M instructions_per_iteration=610.765M items_per_second=3.95364M/s
CompoundWildcardCountQueryBenchmark/DirectNonMultikeyCountScan/200000/64          49813986 ns     49814527 ns            1 cycles_per_iteration=104.617M instructions_per_iteration=610.809M items_per_second=4.01489M/s
CompoundWildcardCountQueryBenchmark/DirectNonMultikeyCountScan/200000/64          51195621 ns     51176352 ns            1 cycles_per_iteration=107.517M instructions_per_iteration=610.766M items_per_second=3.90806M/s
CompoundWildcardCountQueryBenchmark/DirectNonMultikeyCountScan/200000/64          51439047 ns     51389844 ns            1 cycles_per_iteration=108.029M instructions_per_iteration=610.776M items_per_second=3.89182M/s
CompoundWildcardCountQueryBenchmark/DirectNonMultikeyCountScan/200000/64          50221682 ns     50200782 ns            1 cycles_per_iteration=105.474M instructions_per_iteration=610.724M items_per_second=3.984M/s
CompoundWildcardCountQueryBenchmark/DirectNonMultikeyCountScan/200000/64_mean     50651169 ns     50633551 ns            5 cycles_per_iteration=106.375M instructions_per_iteration=610.768M items_per_second=3.95048M/s
CompoundWildcardCountQueryBenchmark/DirectNonMultikeyCountScan/200000/64_median   50585508 ns     50586248 ns            5 cycles_per_iteration=106.237M instructions_per_iteration=610.766M items_per_second=3.95364M/s
CompoundWildcardCountQueryBenchmark/DirectNonMultikeyCountScan/200000/64_stddev     672091 ns       657065 ns            5 cycles_per_iteration=1.41086M instructions_per_iteration=30.1302k items_per_second=51.2925k/s
