{"t":{"$date":"2026-08-06T05:30:25.388+08:00"},"s":"I",  "c":"-",        "id":8991200, "ctx":"main","msg":"Shuffling initializers","attr":{"seed":2483345933}}
2026-08-06T05:30:25+08:00
Running /tmp/mongo-count-query-bm-countscan-B-rejected-heavyweight-implementation
Run on (96 X 4000 MHz CPU s)
CPU Caches:
  L1 Data 48 KiB (x48)
  L1 Instruction 32 KiB (x48)
  L2 Unified 2048 KiB (x48)
  L3 Unified 61440 KiB (x2)
Load Average: 2.75, 2.60, 3.29
----------------------------------------------------------------------------------------------------------------------------------------
Benchmark                                                                              Time             CPU   Iterations UserCounters...
----------------------------------------------------------------------------------------------------------------------------------------
UnoptimizedCountQueryBenchmark/FetchingCountWithoutCountScan/200000/64         147850990 ns    147750678 ns            1 cycles_per_iteration=310.497M instructions_per_iteration=1.88069G
UnoptimizedCountQueryBenchmark/FetchingCountWithoutCountScan/200000/64         151049137 ns    150905829 ns            1 cycles_per_iteration=317.211M instructions_per_iteration=1.88079G
UnoptimizedCountQueryBenchmark/FetchingCountWithoutCountScan/200000/64         150137186 ns    150040131 ns            1 cycles_per_iteration=315.296M instructions_per_iteration=1.88053G
UnoptimizedCountQueryBenchmark/FetchingCountWithoutCountScan/200000/64         154412031 ns    154331205 ns            1 cycles_per_iteration=324.273M instructions_per_iteration=1.88067G
UnoptimizedCountQueryBenchmark/FetchingCountWithoutCountScan/200000/64         163109541 ns    162947459 ns            1 cycles_per_iteration=342.539M instructions_per_iteration=1.8807G
UnoptimizedCountQueryBenchmark/FetchingCountWithoutCountScan/200000/64_mean    153311777 ns    153195060 ns            5 cycles_per_iteration=321.963M instructions_per_iteration=1.88068G
UnoptimizedCountQueryBenchmark/FetchingCountWithoutCountScan/200000/64_median  151049137 ns    150905829 ns            5 cycles_per_iteration=317.211M instructions_per_iteration=1.88069G
UnoptimizedCountQueryBenchmark/FetchingCountWithoutCountScan/200000/64_stddev    5962896 ns      5942128 ns            5 cycles_per_iteration=12.5222M instructions_per_iteration=91.7974k
