{"t":{"$date":"2026-08-06T05:46:02.444+08:00"},"s":"I",  "c":"-",        "id":8991200, "ctx":"main","msg":"Shuffling initializers","attr":{"seed":2143625641}}
2026-08-06T05:46:02+08:00
Running /tmp/mongo-count-query-bm-countscan-C-final-candidate
Run on (96 X 4000 MHz CPU s)
CPU Caches:
  L1 Data 48 KiB (x48)
  L1 Instruction 32 KiB (x48)
  L2 Unified 2048 KiB (x48)
  L3 Unified 61440 KiB (x2)
Load Average: 1.91, 2.05, 2.48
----------------------------------------------------------------------------------------------------------------------------------------
Benchmark                                                                              Time             CPU   Iterations UserCounters...
----------------------------------------------------------------------------------------------------------------------------------------
ClassicPointControlQueryBenchmark/HintedUniqueFieldPointQuery/10000/64             21385 ns        21379 ns         3213 cycles_per_iteration=44.9094k instructions_per_iteration=149.659k items_per_second=46.7757k/s
ClassicPointControlQueryBenchmark/HintedUniqueFieldPointQuery/10000/64             21867 ns        21860 ns         3213 cycles_per_iteration=45.9214k instructions_per_iteration=149.644k items_per_second=45.7463k/s
ClassicPointControlQueryBenchmark/HintedUniqueFieldPointQuery/10000/64             20742 ns        20735 ns         3213 cycles_per_iteration=43.5602k instructions_per_iteration=149.73k items_per_second=48.2271k/s
ClassicPointControlQueryBenchmark/HintedUniqueFieldPointQuery/10000/64             21312 ns        21305 ns         3213 cycles_per_iteration=44.7558k instructions_per_iteration=149.674k items_per_second=46.937k/s
ClassicPointControlQueryBenchmark/HintedUniqueFieldPointQuery/10000/64             21454 ns        21437 ns         3213 cycles_per_iteration=45.0545k instructions_per_iteration=149.779k items_per_second=46.6476k/s
ClassicPointControlQueryBenchmark/HintedUniqueFieldPointQuery/10000/64_mean        21352 ns        21343 ns            5 cycles_per_iteration=44.8402k instructions_per_iteration=149.697k items_per_second=46.8667k/s
ClassicPointControlQueryBenchmark/HintedUniqueFieldPointQuery/10000/64_median      21385 ns        21379 ns            5 cycles_per_iteration=44.9094k instructions_per_iteration=149.674k items_per_second=46.7757k/s
ClassicPointControlQueryBenchmark/HintedUniqueFieldPointQuery/10000/64_stddev        403 ns          402 ns            5 cycles_per_iteration=846.345 instructions_per_iteration=56.3127 items_per_second=889.827/s
