{"t":{"$date":"2026-08-06T05:39:18.825+08:00"},"s":"I",  "c":"-",        "id":8991200, "ctx":"main","msg":"Shuffling initializers","attr":{"seed":2693139192}}
2026-08-06T05:39:18+08:00
Running /tmp/mongo-count-query-bm-countscan-A-upstream-production-normalized-harness
Run on (96 X 4000 MHz CPU s)
CPU Caches:
  L1 Data 48 KiB (x48)
  L1 Instruction 32 KiB (x48)
  L2 Unified 2048 KiB (x48)
  L3 Unified 61440 KiB (x2)
Load Average: 2.06, 2.08, 2.71
------------------------------------------------------------------------------------------------------------------------------------
Benchmark                                                                          Time             CPU   Iterations UserCounters...
------------------------------------------------------------------------------------------------------------------------------------
MultikeyCountQueryBenchmark/DirectDeduplicatingCountScan/200000/64         100336790 ns    100319932 ns            1 cycles_per_iteration=210.716M instructions_per_iteration=1.129G items_per_second=3.98724M/s
MultikeyCountQueryBenchmark/DirectDeduplicatingCountScan/200000/64          98747969 ns     98689647 ns            1 cycles_per_iteration=207.38M instructions_per_iteration=1.12921G items_per_second=4.05311M/s
MultikeyCountQueryBenchmark/DirectDeduplicatingCountScan/200000/64         108493090 ns    108360294 ns            1 cycles_per_iteration=227.844M instructions_per_iteration=1.12934G items_per_second=3.69139M/s
MultikeyCountQueryBenchmark/DirectDeduplicatingCountScan/200000/64          97209930 ns     97056886 ns            1 cycles_per_iteration=204.149M instructions_per_iteration=1.12924G items_per_second=4.12129M/s
MultikeyCountQueryBenchmark/DirectDeduplicatingCountScan/200000/64          99450111 ns     99334304 ns            1 cycles_per_iteration=208.853M instructions_per_iteration=1.12922G items_per_second=4.02681M/s
MultikeyCountQueryBenchmark/DirectDeduplicatingCountScan/200000/64_mean    100847578 ns    100752213 ns            5 cycles_per_iteration=211.788M instructions_per_iteration=1.1292G items_per_second=3.97597M/s
MultikeyCountQueryBenchmark/DirectDeduplicatingCountScan/200000/64_median   99450111 ns     99334304 ns            5 cycles_per_iteration=208.853M instructions_per_iteration=1.12922G items_per_second=4.02681M/s
MultikeyCountQueryBenchmark/DirectDeduplicatingCountScan/200000/64_stddev    4424605 ns      4415593 ns            5 cycles_per_iteration=9.29158M instructions_per_iteration=124.287k items_per_second=166.409k/s
