{"t":{"$date":"2026-08-06T05:15:16.859+08:00"},"s":"I",  "c":"-",        "id":8991200, "ctx":"main","msg":"Shuffling initializers","attr":{"seed":3566163168}}
2026-08-06T05:15:16+08:00
Running /tmp/mongo-count-query-bm-countscan-A-upstream-production-normalized-harness
Run on (96 X 4000 MHz CPU s)
CPU Caches:
  L1 Data 48 KiB (x48)
  L1 Instruction 32 KiB (x48)
  L2 Unified 2048 KiB (x48)
  L3 Unified 61440 KiB (x2)
Load Average: 1.92, 1.83, 4.47
----------------------------------------------------------------------------------------------------------------------------------------
Benchmark                                                                              Time             CPU   Iterations UserCounters...
----------------------------------------------------------------------------------------------------------------------------------------
UnoptimizedCountQueryBenchmark/FetchingCountWithoutCountScan/200000/64         145216465 ns    145110236 ns            1 cycles_per_iteration=304.963M instructions_per_iteration=1.87587G
UnoptimizedCountQueryBenchmark/FetchingCountWithoutCountScan/200000/64         148949146 ns    148770590 ns            1 cycles_per_iteration=312.802M instructions_per_iteration=1.87602G
UnoptimizedCountQueryBenchmark/FetchingCountWithoutCountScan/200000/64         163250446 ns    163127137 ns            1 cycles_per_iteration=342.834M instructions_per_iteration=1.87582G
UnoptimizedCountQueryBenchmark/FetchingCountWithoutCountScan/200000/64         146151781 ns    146153801 ns            1 cycles_per_iteration=306.928M instructions_per_iteration=1.87578G
UnoptimizedCountQueryBenchmark/FetchingCountWithoutCountScan/200000/64         145180702 ns    145015625 ns            1 cycles_per_iteration=304.889M instructions_per_iteration=1.87573G
UnoptimizedCountQueryBenchmark/FetchingCountWithoutCountScan/200000/64_mean    149749708 ns    149635478 ns            5 cycles_per_iteration=314.483M instructions_per_iteration=1.87585G
UnoptimizedCountQueryBenchmark/FetchingCountWithoutCountScan/200000/64_median  146151781 ns    146153801 ns            5 cycles_per_iteration=306.928M instructions_per_iteration=1.87582G
UnoptimizedCountQueryBenchmark/FetchingCountWithoutCountScan/200000/64_stddev    7701981 ns      7692786 ns            5 cycles_per_iteration=16.1738M instructions_per_iteration=111.001k
