{"t":{"$date":"2026-08-06T05:40:16.531+08:00"},"s":"I",  "c":"-",        "id":8991200, "ctx":"main","msg":"Shuffling initializers","attr":{"seed":858921376}}
2026-08-06T05:40:16+08:00
Running /tmp/mongo-count-query-bm-countscan-C-final-candidate
Run on (96 X 4000 MHz CPU s)
CPU Caches:
  L1 Data 48 KiB (x48)
  L1 Instruction 32 KiB (x48)
  L2 Unified 2048 KiB (x48)
  L3 Unified 61440 KiB (x2)
Load Average: 1.88, 2.02, 2.65
------------------------------------------------------------------------------------------------------------------------------------
Benchmark                                                                          Time             CPU   Iterations UserCounters...
------------------------------------------------------------------------------------------------------------------------------------
MultikeyCountQueryBenchmark/DirectDeduplicatingCountScan/200000/64         104711533 ns    104671124 ns            1 cycles_per_iteration=219.902M instructions_per_iteration=1.10576G items_per_second=3.82149M/s
MultikeyCountQueryBenchmark/DirectDeduplicatingCountScan/200000/64          93055487 ns     93038078 ns            1 cycles_per_iteration=195.425M instructions_per_iteration=1.10607G items_per_second=4.29931M/s
MultikeyCountQueryBenchmark/DirectDeduplicatingCountScan/200000/64          99607229 ns     99481469 ns            1 cycles_per_iteration=209.183M instructions_per_iteration=1.10624G items_per_second=4.02085M/s
MultikeyCountQueryBenchmark/DirectDeduplicatingCountScan/200000/64          94249010 ns     94133865 ns            1 cycles_per_iteration=197.931M instructions_per_iteration=1.10607G items_per_second=4.24927M/s
MultikeyCountQueryBenchmark/DirectDeduplicatingCountScan/200000/64          88952065 ns     88839750 ns            1 cycles_per_iteration=186.807M instructions_per_iteration=1.10607G items_per_second=4.50249M/s
MultikeyCountQueryBenchmark/DirectDeduplicatingCountScan/200000/64_mean     96115065 ns     96032857 ns            5 cycles_per_iteration=201.85M instructions_per_iteration=1.10604G items_per_second=4.17868M/s
MultikeyCountQueryBenchmark/DirectDeduplicatingCountScan/200000/64_median   94249010 ns     94133865 ns            5 cycles_per_iteration=197.931M instructions_per_iteration=1.10607G items_per_second=4.24927M/s
MultikeyCountQueryBenchmark/DirectDeduplicatingCountScan/200000/64_stddev    6128748 ns      6140607 ns            5 cycles_per_iteration=12.8702M instructions_per_iteration=175.671k items_per_second=263.097k/s
