{"t":{"$date":"2026-08-06T05:19:11.516+08:00"},"s":"I",  "c":"-",        "id":8991200, "ctx":"main","msg":"Shuffling initializers","attr":{"seed":318369281}}
2026-08-06T05:19:11+08:00
Running /tmp/mongo-count-query-bm-countscan-C-final-candidate
Run on (96 X 4000 MHz CPU s)
CPU Caches:
  L1 Data 48 KiB (x48)
  L1 Instruction 32 KiB (x48)
  L2 Unified 2048 KiB (x48)
  L3 Unified 61440 KiB (x2)
Load Average: 2.25, 2.09, 3.98
-------------------------------------------------------------------------------------------------------------------------------------
Benchmark                                                                           Time             CPU   Iterations UserCounters...
-------------------------------------------------------------------------------------------------------------------------------------
ScalarCountQueryBenchmark/DirectNonDeduplicatingCountScan/400000/64          78722477 ns     78597357 ns            1 cycles_per_iteration=165.326M instructions_per_iteration=979.183M items_per_second=5.08923M/s
ScalarCountQueryBenchmark/DirectNonDeduplicatingCountScan/400000/64          84624529 ns     84625565 ns            1 cycles_per_iteration=177.72M instructions_per_iteration=978.962M items_per_second=4.7267M/s
ScalarCountQueryBenchmark/DirectNonDeduplicatingCountScan/400000/64          80274343 ns     80275355 ns            1 cycles_per_iteration=168.584M instructions_per_iteration=979.189M items_per_second=4.98285M/s
ScalarCountQueryBenchmark/DirectNonDeduplicatingCountScan/400000/64          79929590 ns     79923629 ns            1 cycles_per_iteration=167.862M instructions_per_iteration=978.965M items_per_second=5.00478M/s
ScalarCountQueryBenchmark/DirectNonDeduplicatingCountScan/400000/64          79057217 ns     78930753 ns            1 cycles_per_iteration=166.031M instructions_per_iteration=978.976M items_per_second=5.06773M/s
ScalarCountQueryBenchmark/DirectNonDeduplicatingCountScan/400000/64_mean     80521631 ns     80470532 ns            5 cycles_per_iteration=169.104M instructions_per_iteration=979.055M items_per_second=4.97426M/s
ScalarCountQueryBenchmark/DirectNonDeduplicatingCountScan/400000/64_median   79929590 ns     79923629 ns            5 cycles_per_iteration=167.862M instructions_per_iteration=978.976M items_per_second=5.00478M/s
ScalarCountQueryBenchmark/DirectNonDeduplicatingCountScan/400000/64_stddev    2378387 ns      2422870 ns            5 cycles_per_iteration=4.99412M instructions_per_iteration=119.605k items_per_second=145.124k/s
