{"t":{"$date":"2026-08-06T05:23:42.592+08:00"},"s":"I",  "c":"-",        "id":8991200, "ctx":"main","msg":"Shuffling initializers","attr":{"seed":1024171020}}
2026-08-06T05:23:42+08:00
Running /tmp/mongo-count-query-bm-countscan-C-final-candidate
Run on (96 X 4000 MHz CPU s)
CPU Caches:
  L1 Data 48 KiB (x48)
  L1 Instruction 32 KiB (x48)
  L2 Unified 2048 KiB (x48)
  L3 Unified 61440 KiB (x2)
Load Average: 2.32, 2.32, 3.61
-------------------------------------------------------------------------------------------------------------------------------------
Benchmark                                                                           Time             CPU   Iterations UserCounters...
-------------------------------------------------------------------------------------------------------------------------------------
ScalarCountQueryBenchmark/DirectNonDeduplicatingCountScan/400000/64          76456308 ns     76421653 ns            1 cycles_per_iteration=160.567M instructions_per_iteration=978.964M items_per_second=5.23412M/s
ScalarCountQueryBenchmark/DirectNonDeduplicatingCountScan/400000/64          81914902 ns     81916241 ns            1 cycles_per_iteration=172.031M instructions_per_iteration=978.992M items_per_second=4.88304M/s
ScalarCountQueryBenchmark/DirectNonDeduplicatingCountScan/400000/64          75601339 ns     75555183 ns            1 cycles_per_iteration=158.772M instructions_per_iteration=978.969M items_per_second=5.29414M/s
ScalarCountQueryBenchmark/DirectNonDeduplicatingCountScan/400000/64          79756737 ns     79757420 ns            1 cycles_per_iteration=167.497M instructions_per_iteration=978.959M items_per_second=5.01521M/s
ScalarCountQueryBenchmark/DirectNonDeduplicatingCountScan/400000/64          76999903 ns     77000625 ns            1 cycles_per_iteration=161.709M instructions_per_iteration=978.986M items_per_second=5.19476M/s
ScalarCountQueryBenchmark/DirectNonDeduplicatingCountScan/400000/64_mean     78145838 ns     78130224 ns            5 cycles_per_iteration=164.115M instructions_per_iteration=978.974M items_per_second=5.12425M/s
ScalarCountQueryBenchmark/DirectNonDeduplicatingCountScan/400000/64_median   76999903 ns     77000625 ns            5 cycles_per_iteration=161.709M instructions_per_iteration=978.969M items_per_second=5.19476M/s
ScalarCountQueryBenchmark/DirectNonDeduplicatingCountScan/400000/64_stddev    2619303 ns      2636652 ns            5 cycles_per_iteration=5.50076M instructions_per_iteration=14.3983k items_per_second=170.28k/s
