{"t":{"$date":"2026-08-06T05:12:23.897+08:00"},"s":"I",  "c":"-",        "id":8991200, "ctx":"main","msg":"Shuffling initializers","attr":{"seed":1211969528}}
2026-08-06T05:12:23+08:00
Running /tmp/mongo-count-query-bm-countscan-C-final-candidate
Run on (96 X 4000 MHz CPU s)
CPU Caches:
  L1 Data 48 KiB (x48)
  L1 Instruction 32 KiB (x48)
  L2 Unified 2048 KiB (x48)
  L3 Unified 61440 KiB (x2)
Load Average: 2.16, 1.63, 4.96
------------------------------------------------------------------------------------------------------------------------------------------
Benchmark                                                                                Time             CPU   Iterations UserCounters...
------------------------------------------------------------------------------------------------------------------------------------------
CompoundWildcardCountQueryBenchmark/DirectNonMultikeyCountScan/200000/64          51048040 ns     51048765 ns            1 cycles_per_iteration=107.208M instructions_per_iteration=612.757M items_per_second=3.91782M/s
CompoundWildcardCountQueryBenchmark/DirectNonMultikeyCountScan/200000/64          46893358 ns     46878729 ns            1 cycles_per_iteration=98.4822M instructions_per_iteration=612.744M items_per_second=4.26633M/s
CompoundWildcardCountQueryBenchmark/DirectNonMultikeyCountScan/200000/64          55726767 ns     55706110 ns            1 cycles_per_iteration=117.034M instructions_per_iteration=612.78M items_per_second=3.59027M/s
CompoundWildcardCountQueryBenchmark/DirectNonMultikeyCountScan/200000/64          47497749 ns     47477828 ns            1 cycles_per_iteration=99.7519M instructions_per_iteration=612.72M items_per_second=4.21249M/s
CompoundWildcardCountQueryBenchmark/DirectNonMultikeyCountScan/200000/64          49159288 ns     49137638 ns            1 cycles_per_iteration=103.241M instructions_per_iteration=612.703M items_per_second=4.0702M/s
CompoundWildcardCountQueryBenchmark/DirectNonMultikeyCountScan/200000/64_mean     50065041 ns     50049814 ns            5 cycles_per_iteration=105.143M instructions_per_iteration=612.741M items_per_second=4.01142M/s
CompoundWildcardCountQueryBenchmark/DirectNonMultikeyCountScan/200000/64_median   49159288 ns     49137638 ns            5 cycles_per_iteration=103.241M instructions_per_iteration=612.744M items_per_second=4.0702M/s
CompoundWildcardCountQueryBenchmark/DirectNonMultikeyCountScan/200000/64_stddev    3552899 ns      3552976 ns            5 cycles_per_iteration=7.46166M instructions_per_iteration=30.0812k items_per_second=271.565k/s
