{"t":{"$date":"2026-08-06T05:28:01.324+08:00"},"s":"I",  "c":"-",        "id":8991200, "ctx":"main","msg":"Shuffling initializers","attr":{"seed":3570008626}}
2026-08-06T05:28:01+08:00
Running /tmp/mongo-count-query-bm-countscan-B-rejected-heavyweight-implementation
Run on (96 X 4000 MHz CPU s)
CPU Caches:
  L1 Data 48 KiB (x48)
  L1 Instruction 32 KiB (x48)
  L2 Unified 2048 KiB (x48)
  L3 Unified 61440 KiB (x2)
Load Average: 2.70, 2.60, 3.41
-------------------------------------------------------------------------------------------------------------------------------------
Benchmark                                                                           Time             CPU   Iterations UserCounters...
-------------------------------------------------------------------------------------------------------------------------------------
ScalarCountQueryBenchmark/DirectNonDeduplicatingCountScan/400000/64          77100277 ns     77101125 ns            1 cycles_per_iteration=161.919M instructions_per_iteration=974.563M items_per_second=5.18799M/s
ScalarCountQueryBenchmark/DirectNonDeduplicatingCountScan/400000/64          76221466 ns     76222610 ns            1 cycles_per_iteration=160.074M instructions_per_iteration=974.566M items_per_second=5.24779M/s
ScalarCountQueryBenchmark/DirectNonDeduplicatingCountScan/400000/64          79204321 ns     79205403 ns            1 cycles_per_iteration=166.339M instructions_per_iteration=974.581M items_per_second=5.05016M/s
ScalarCountQueryBenchmark/DirectNonDeduplicatingCountScan/400000/64          76552868 ns     76478083 ns            1 cycles_per_iteration=160.77M instructions_per_iteration=974.638M items_per_second=5.23026M/s
ScalarCountQueryBenchmark/DirectNonDeduplicatingCountScan/400000/64          73601723 ns     73602810 ns            1 cycles_per_iteration=154.572M instructions_per_iteration=974.574M items_per_second=5.43458M/s
ScalarCountQueryBenchmark/DirectNonDeduplicatingCountScan/400000/64_mean     76536131 ns     76522006 ns            5 cycles_per_iteration=160.735M instructions_per_iteration=974.584M items_per_second=5.23015M/s
ScalarCountQueryBenchmark/DirectNonDeduplicatingCountScan/400000/64_median   76552868 ns     76478083 ns            5 cycles_per_iteration=160.77M instructions_per_iteration=974.574M items_per_second=5.23026M/s
ScalarCountQueryBenchmark/DirectNonDeduplicatingCountScan/400000/64_stddev    2009200 ns      2009308 ns            5 cycles_per_iteration=4.21972M instructions_per_iteration=30.5874k items_per_second=138.089k/s
