{"t":{"$date":"2026-08-06T05:36:45.746+08:00"},"s":"I",  "c":"-",        "id":8991200, "ctx":"main","msg":"Shuffling initializers","attr":{"seed":3441643169}}
2026-08-06T05:36:45+08:00
Running /tmp/mongo-count-query-bm-countscan-A-upstream-production-normalized-harness
Run on (96 X 4000 MHz CPU s)
CPU Caches:
  L1 Data 48 KiB (x48)
  L1 Instruction 32 KiB (x48)
  L2 Unified 2048 KiB (x48)
  L3 Unified 61440 KiB (x2)
Load Average: 2.07, 2.18, 2.86
------------------------------------------------------------------------------------------------------------------------------------
Benchmark                                                                          Time             CPU   Iterations UserCounters...
------------------------------------------------------------------------------------------------------------------------------------
MultikeyCountQueryBenchmark/DirectDeduplicatingCountScan/200000/64          96668482 ns     96652175 ns            1 cycles_per_iteration=203.014M instructions_per_iteration=1.12932G items_per_second=4.13855M/s
MultikeyCountQueryBenchmark/DirectDeduplicatingCountScan/200000/64         108915567 ns    108838814 ns            1 cycles_per_iteration=228.731M instructions_per_iteration=1.12934G items_per_second=3.67516M/s
MultikeyCountQueryBenchmark/DirectDeduplicatingCountScan/200000/64          97034216 ns     96820055 ns            1 cycles_per_iteration=203.782M instructions_per_iteration=1.12925G items_per_second=4.13138M/s
MultikeyCountQueryBenchmark/DirectDeduplicatingCountScan/200000/64         103636265 ns    103636918 ns            1 cycles_per_iteration=217.643M instructions_per_iteration=1.12933G items_per_second=3.85963M/s
MultikeyCountQueryBenchmark/DirectDeduplicatingCountScan/200000/64         106702328 ns    106684834 ns            1 cycles_per_iteration=224.082M instructions_per_iteration=1.12933G items_per_second=3.74936M/s
MultikeyCountQueryBenchmark/DirectDeduplicatingCountScan/200000/64_mean    102591372 ns    102526559 ns            5 cycles_per_iteration=215.45M instructions_per_iteration=1.12932G items_per_second=3.91082M/s
MultikeyCountQueryBenchmark/DirectDeduplicatingCountScan/200000/64_median  103636265 ns    103636918 ns            5 cycles_per_iteration=217.643M instructions_per_iteration=1.12933G items_per_second=3.85963M/s
MultikeyCountQueryBenchmark/DirectDeduplicatingCountScan/200000/64_stddev    5566638 ns      5600029 ns            5 cycles_per_iteration=11.6889M instructions_per_iteration=35.5677k items_per_second=214.902k/s
