{"t":{"$date":"2026-08-06T05:13:29.494+08:00"},"s":"I",  "c":"-",        "id":8991200, "ctx":"main","msg":"Shuffling initializers","attr":{"seed":1155400834}}
2026-08-06T05:13:29+08:00
Running /tmp/mongo-count-query-bm-countscan-A-upstream-production-normalized-harness
Run on (96 X 4000 MHz CPU s)
CPU Caches:
  L1 Data 48 KiB (x48)
  L1 Instruction 32 KiB (x48)
  L2 Unified 2048 KiB (x48)
  L3 Unified 61440 KiB (x2)
Load Average: 2.50, 1.83, 4.80
------------------------------------------------------------------------------------------------------------------------------------------
Benchmark                                                                                Time             CPU   Iterations UserCounters...
------------------------------------------------------------------------------------------------------------------------------------------
CompoundWildcardCountQueryBenchmark/DirectNonMultikeyCountScan/200000/64          50915956 ns     50909555 ns            1 cycles_per_iteration=106.931M instructions_per_iteration=636.185M items_per_second=3.92854M/s
CompoundWildcardCountQueryBenchmark/DirectNonMultikeyCountScan/200000/64          54561377 ns     54542526 ns            1 cycles_per_iteration=114.586M instructions_per_iteration=636.228M items_per_second=3.66686M/s
CompoundWildcardCountQueryBenchmark/DirectNonMultikeyCountScan/200000/64          54428816 ns     54408799 ns            1 cycles_per_iteration=114.308M instructions_per_iteration=636.212M items_per_second=3.67588M/s
CompoundWildcardCountQueryBenchmark/DirectNonMultikeyCountScan/200000/64          54929495 ns     54907810 ns            1 cycles_per_iteration=115.359M instructions_per_iteration=636.201M items_per_second=3.64247M/s
CompoundWildcardCountQueryBenchmark/DirectNonMultikeyCountScan/200000/64          56767464 ns     56746102 ns            1 cycles_per_iteration=119.219M instructions_per_iteration=636.134M items_per_second=3.52447M/s
CompoundWildcardCountQueryBenchmark/DirectNonMultikeyCountScan/200000/64_mean     54320621 ns     54302958 ns            5 cycles_per_iteration=114.081M instructions_per_iteration=636.192M items_per_second=3.68764M/s
CompoundWildcardCountQueryBenchmark/DirectNonMultikeyCountScan/200000/64_median   54561377 ns     54542526 ns            5 cycles_per_iteration=114.586M instructions_per_iteration=636.201M items_per_second=3.66686M/s
CompoundWildcardCountQueryBenchmark/DirectNonMultikeyCountScan/200000/64_stddev    2122450 ns      2116517 ns            5 cycles_per_iteration=4.45716M instructions_per_iteration=36.0692k items_per_second=147.703k/s
