{"t":{"$date":"2026-08-06T05:26:02.735+08:00"},"s":"I",  "c":"-",        "id":8991200, "ctx":"main","msg":"Shuffling initializers","attr":{"seed":768407020}}
2026-08-06T05:26:02+08:00
Running /tmp/mongo-count-query-bm-countscan-B-rejected-heavyweight-implementation
Run on (96 X 4000 MHz CPU s)
CPU Caches:
  L1 Data 48 KiB (x48)
  L1 Instruction 32 KiB (x48)
  L2 Unified 2048 KiB (x48)
  L3 Unified 61440 KiB (x2)
Load Average: 2.23, 2.38, 3.45
------------------------------------------------------------------------------------------------------------------------------------------
Benchmark                                                                                Time             CPU   Iterations UserCounters...
------------------------------------------------------------------------------------------------------------------------------------------
CompoundWildcardCountQueryBenchmark/DirectNonMultikeyCountScan/200000/64          50510406 ns     50503736 ns            1 cycles_per_iteration=106.08M instructions_per_iteration=610.712M items_per_second=3.9601M/s
CompoundWildcardCountQueryBenchmark/DirectNonMultikeyCountScan/200000/64          47419786 ns     47412238 ns            1 cycles_per_iteration=99.5886M instructions_per_iteration=610.73M items_per_second=4.21832M/s
CompoundWildcardCountQueryBenchmark/DirectNonMultikeyCountScan/200000/64          53135633 ns     53116295 ns            1 cycles_per_iteration=111.594M instructions_per_iteration=610.75M items_per_second=3.76532M/s
CompoundWildcardCountQueryBenchmark/DirectNonMultikeyCountScan/200000/64          52913427 ns     52914171 ns            1 cycles_per_iteration=111.125M instructions_per_iteration=610.771M items_per_second=3.77971M/s
CompoundWildcardCountQueryBenchmark/DirectNonMultikeyCountScan/200000/64          49719572 ns     49697351 ns            1 cycles_per_iteration=104.42M instructions_per_iteration=610.728M items_per_second=4.02436M/s
CompoundWildcardCountQueryBenchmark/DirectNonMultikeyCountScan/200000/64_mean     50739765 ns     50728758 ns            5 cycles_per_iteration=106.561M instructions_per_iteration=610.738M items_per_second=3.94956M/s
CompoundWildcardCountQueryBenchmark/DirectNonMultikeyCountScan/200000/64_median   50510406 ns     50503736 ns            5 cycles_per_iteration=106.08M instructions_per_iteration=610.73M items_per_second=3.9601M/s
CompoundWildcardCountQueryBenchmark/DirectNonMultikeyCountScan/200000/64_stddev    2375955 ns      2376452 ns            5 cycles_per_iteration=4.98981M instructions_per_iteration=22.7538k items_per_second=187.571k/s
