{"t":{"$date":"2026-08-06T05:43:36.802+08:00"},"s":"I",  "c":"-",        "id":8991200, "ctx":"main","msg":"Shuffling initializers","attr":{"seed":2214964761}}
2026-08-06T05:43:36+08:00
Running /tmp/mongo-count-query-bm-countscan-B-rejected-heavyweight-implementation
Run on (96 X 4000 MHz CPU s)
CPU Caches:
  L1 Data 48 KiB (x48)
  L1 Instruction 32 KiB (x48)
  L2 Unified 2048 KiB (x48)
  L3 Unified 61440 KiB (x2)
Load Average: 2.08, 2.09, 2.56
----------------------------------------------------------------------------------------------------------------------------------------
Benchmark                                                                              Time             CPU   Iterations UserCounters...
----------------------------------------------------------------------------------------------------------------------------------------
UnoptimizedCountQueryBenchmark/FetchingCountWithoutCountScan/200000/64         148871660 ns    148768388 ns            1 cycles_per_iteration=312.64M instructions_per_iteration=1.88065G
UnoptimizedCountQueryBenchmark/FetchingCountWithoutCountScan/200000/64         159703732 ns    159557764 ns            1 cycles_per_iteration=335.387M instructions_per_iteration=1.88075G
UnoptimizedCountQueryBenchmark/FetchingCountWithoutCountScan/200000/64         155757189 ns    155628822 ns            1 cycles_per_iteration=327.097M instructions_per_iteration=1.88053G
UnoptimizedCountQueryBenchmark/FetchingCountWithoutCountScan/200000/64         148412704 ns    148356338 ns            1 cycles_per_iteration=311.675M instructions_per_iteration=1.88048G
UnoptimizedCountQueryBenchmark/FetchingCountWithoutCountScan/200000/64         152297020 ns    152222426 ns            1 cycles_per_iteration=319.831M instructions_per_iteration=1.88067G
UnoptimizedCountQueryBenchmark/FetchingCountWithoutCountScan/200000/64_mean    153008461 ns    152906748 ns            5 cycles_per_iteration=321.326M instructions_per_iteration=1.88062G
UnoptimizedCountQueryBenchmark/FetchingCountWithoutCountScan/200000/64_median  152297020 ns    152222426 ns            5 cycles_per_iteration=319.831M instructions_per_iteration=1.88065G
UnoptimizedCountQueryBenchmark/FetchingCountWithoutCountScan/200000/64_stddev    4772903 ns      4742000 ns            5 cycles_per_iteration=10.0231M instructions_per_iteration=108.373k
