{"t":{"$date":"2026-08-06T05:18:17.727+08:00"},"s":"I",  "c":"-",        "id":8991200, "ctx":"main","msg":"Shuffling initializers","attr":{"seed":1946632290}}
2026-08-06T05:18:17+08:00
Running /tmp/mongo-count-query-bm-countscan-A-upstream-production-normalized-harness
Run on (96 X 4000 MHz CPU s)
CPU Caches:
  L1 Data 48 KiB (x48)
  L1 Instruction 32 KiB (x48)
  L2 Unified 2048 KiB (x48)
  L3 Unified 61440 KiB (x2)
Load Average: 2.19, 2.04, 4.08
-------------------------------------------------------------------------------------------------------------------------------------
Benchmark                                                                           Time             CPU   Iterations UserCounters...
-------------------------------------------------------------------------------------------------------------------------------------
ScalarCountQueryBenchmark/DirectNonDeduplicatingCountScan/400000/64          78678846 ns     78649906 ns            1 cycles_per_iteration=165.233M instructions_per_iteration=1026.18M items_per_second=5.08583M/s
ScalarCountQueryBenchmark/DirectNonDeduplicatingCountScan/400000/64          83619595 ns     83591961 ns            1 cycles_per_iteration=175.609M instructions_per_iteration=1026.18M items_per_second=4.78515M/s
ScalarCountQueryBenchmark/DirectNonDeduplicatingCountScan/400000/64          77652931 ns     77653926 ns            1 cycles_per_iteration=163.08M instructions_per_iteration=1026.19M items_per_second=5.15106M/s
ScalarCountQueryBenchmark/DirectNonDeduplicatingCountScan/400000/64          84279060 ns     84247789 ns            1 cycles_per_iteration=176.995M instructions_per_iteration=1026.18M items_per_second=4.7479M/s
ScalarCountQueryBenchmark/DirectNonDeduplicatingCountScan/400000/64          79599380 ns     79525193 ns            1 cycles_per_iteration=167.166M instructions_per_iteration=1026.17M items_per_second=5.02985M/s
ScalarCountQueryBenchmark/DirectNonDeduplicatingCountScan/400000/64_mean     80765963 ns     80733755 ns            5 cycles_per_iteration=169.617M instructions_per_iteration=1026.18M items_per_second=4.95996M/s
ScalarCountQueryBenchmark/DirectNonDeduplicatingCountScan/400000/64_median   79599380 ns     79525193 ns            5 cycles_per_iteration=167.166M instructions_per_iteration=1026.18M items_per_second=5.02985M/s
ScalarCountQueryBenchmark/DirectNonDeduplicatingCountScan/400000/64_stddev    2995539 ns      2991913 ns            5 cycles_per_iteration=6.29075M instructions_per_iteration=7.70833k items_per_second=182.192k/s
