{"t":{"$date":"2026-08-06T05:40:43.662+08:00"},"s":"I",  "c":"-",        "id":8991200, "ctx":"main","msg":"Shuffling initializers","attr":{"seed":4130357929}}
2026-08-06T05:40:43+08:00
Running /tmp/mongo-count-query-bm-countscan-B-rejected-heavyweight-implementation
Run on (96 X 4000 MHz CPU s)
CPU Caches:
  L1 Data 48 KiB (x48)
  L1 Instruction 32 KiB (x48)
  L2 Unified 2048 KiB (x48)
  L3 Unified 61440 KiB (x2)
Load Average: 2.68, 2.22, 2.70
------------------------------------------------------------------------------------------------------------------------------------------
Benchmark                                                                                Time             CPU   Iterations UserCounters...
------------------------------------------------------------------------------------------------------------------------------------------
CompoundWildcardCountQueryBenchmark/DirectNonMultikeyCountScan/200000/64          47659397 ns     47638716 ns            1 cycles_per_iteration=100.092M instructions_per_iteration=610.701M items_per_second=4.19827M/s
CompoundWildcardCountQueryBenchmark/DirectNonMultikeyCountScan/200000/64          49922228 ns     49760019 ns            1 cycles_per_iteration=104.844M instructions_per_iteration=610.749M items_per_second=4.01929M/s
CompoundWildcardCountQueryBenchmark/DirectNonMultikeyCountScan/200000/64          51031113 ns     51012041 ns            1 cycles_per_iteration=107.172M instructions_per_iteration=610.775M items_per_second=3.92064M/s
CompoundWildcardCountQueryBenchmark/DirectNonMultikeyCountScan/200000/64          56968212 ns     56972945 ns            1 cycles_per_iteration=119.65M instructions_per_iteration=610.772M items_per_second=3.51044M/s
CompoundWildcardCountQueryBenchmark/DirectNonMultikeyCountScan/200000/64          50686598 ns     50664953 ns            1 cycles_per_iteration=106.448M instructions_per_iteration=610.784M items_per_second=3.9475M/s
CompoundWildcardCountQueryBenchmark/DirectNonMultikeyCountScan/200000/64_mean     51253510 ns     51209735 ns            5 cycles_per_iteration=107.641M instructions_per_iteration=610.756M items_per_second=3.91923M/s
CompoundWildcardCountQueryBenchmark/DirectNonMultikeyCountScan/200000/64_median   50686598 ns     50664953 ns            5 cycles_per_iteration=106.448M instructions_per_iteration=610.772M items_per_second=3.9475M/s
CompoundWildcardCountQueryBenchmark/DirectNonMultikeyCountScan/200000/64_stddev    3453934 ns      3478660 ns            5 cycles_per_iteration=7.25731M instructions_per_iteration=33.4991k items_per_second=252.876k/s
