{"t":{"$date":"2026-08-06T05:20:22.169+08:00"},"s":"I",  "c":"-",        "id":8991200, "ctx":"main","msg":"Shuffling initializers","attr":{"seed":2925513325}}
2026-08-06T05:20:22+08:00
Running /tmp/mongo-count-query-bm-countscan-A-upstream-production-normalized-harness
Run on (96 X 4000 MHz CPU s)
CPU Caches:
  L1 Data 48 KiB (x48)
  L1 Instruction 32 KiB (x48)
  L2 Unified 2048 KiB (x48)
  L3 Unified 61440 KiB (x2)
Load Average: 2.57, 2.22, 3.89
----------------------------------------------------------------------------------------------------------------------------------------
Benchmark                                                                              Time             CPU   Iterations UserCounters...
----------------------------------------------------------------------------------------------------------------------------------------
UnoptimizedCountQueryBenchmark/FetchingCountWithoutCountScan/200000/64         150784492 ns    150633932 ns            1 cycles_per_iteration=316.658M instructions_per_iteration=1.87586G
UnoptimizedCountQueryBenchmark/FetchingCountWithoutCountScan/200000/64         152071476 ns    151914015 ns            1 cycles_per_iteration=319.358M instructions_per_iteration=1.8757G
UnoptimizedCountQueryBenchmark/FetchingCountWithoutCountScan/200000/64         152532339 ns    152409980 ns            1 cycles_per_iteration=320.326M instructions_per_iteration=1.87585G
UnoptimizedCountQueryBenchmark/FetchingCountWithoutCountScan/200000/64         153891087 ns    153786012 ns            1 cycles_per_iteration=323.18M instructions_per_iteration=1.87579G
UnoptimizedCountQueryBenchmark/FetchingCountWithoutCountScan/200000/64         142333031 ns    142232907 ns            1 cycles_per_iteration=298.907M instructions_per_iteration=1.87579G
UnoptimizedCountQueryBenchmark/FetchingCountWithoutCountScan/200000/64_mean    150322485 ns    150195369 ns            5 cycles_per_iteration=315.686M instructions_per_iteration=1.8758G
UnoptimizedCountQueryBenchmark/FetchingCountWithoutCountScan/200000/64_median  152071476 ns    151914015 ns            5 cycles_per_iteration=319.358M instructions_per_iteration=1.87579G
UnoptimizedCountQueryBenchmark/FetchingCountWithoutCountScan/200000/64_stddev    4602232 ns      4591952 ns            5 cycles_per_iteration=9.66507M instructions_per_iteration=65.3152k
