{"t":{"$date":"2026-08-06T05:34:28.062+08:00"},"s":"I",  "c":"-",        "id":8991200, "ctx":"main","msg":"Shuffling initializers","attr":{"seed":2299369767}}
2026-08-06T05:34:28+08:00
Running /tmp/mongo-count-query-bm-countscan-A-upstream-production-normalized-harness
Run on (96 X 4000 MHz CPU s)
CPU Caches:
  L1 Data 48 KiB (x48)
  L1 Instruction 32 KiB (x48)
  L2 Unified 2048 KiB (x48)
  L3 Unified 61440 KiB (x2)
Load Average: 1.77, 2.24, 2.98
------------------------------------------------------------------------------------------------------------------------------------
Benchmark                                                                          Time             CPU   Iterations UserCounters...
------------------------------------------------------------------------------------------------------------------------------------
MultikeyCountQueryBenchmark/DirectDeduplicatingCountScan/200000/64          95715761 ns     95684816 ns            1 cycles_per_iteration=201.012M instructions_per_iteration=1.12925G items_per_second=4.18039M/s
MultikeyCountQueryBenchmark/DirectDeduplicatingCountScan/200000/64          94621181 ns     94608278 ns            1 cycles_per_iteration=198.712M instructions_per_iteration=1.12924G items_per_second=4.22796M/s
MultikeyCountQueryBenchmark/DirectDeduplicatingCountScan/200000/64          95196486 ns     95043452 ns            1 cycles_per_iteration=199.92M instructions_per_iteration=1.12924G items_per_second=4.2086M/s
MultikeyCountQueryBenchmark/DirectDeduplicatingCountScan/200000/64          94875336 ns     94776458 ns            1 cycles_per_iteration=199.247M instructions_per_iteration=1.12921G items_per_second=4.22046M/s
MultikeyCountQueryBenchmark/DirectDeduplicatingCountScan/200000/64          95611572 ns     95468058 ns            1 cycles_per_iteration=200.792M instructions_per_iteration=1.12922G items_per_second=4.18988M/s
MultikeyCountQueryBenchmark/DirectDeduplicatingCountScan/200000/64_mean     95204067 ns     95116212 ns            5 cycles_per_iteration=199.936M instructions_per_iteration=1.12923G items_per_second=4.20546M/s
MultikeyCountQueryBenchmark/DirectDeduplicatingCountScan/200000/64_median   95196486 ns     95043452 ns            5 cycles_per_iteration=199.92M instructions_per_iteration=1.12924G items_per_second=4.2086M/s
MultikeyCountQueryBenchmark/DirectDeduplicatingCountScan/200000/64_stddev     467913 ns       454376 ns            5 cycles_per_iteration=982.561k instructions_per_iteration=18.3968k items_per_second=20.0755k/s
