{"t":{"$date":"2026-08-06T05:19:32.251+08:00"},"s":"I",  "c":"-",        "id":8991200, "ctx":"main","msg":"Shuffling initializers","attr":{"seed":1454519254}}
2026-08-06T05:19:32+08:00
Running /tmp/mongo-count-query-bm-countscan-C-final-candidate
Run on (96 X 4000 MHz CPU s)
CPU Caches:
  L1 Data 48 KiB (x48)
  L1 Instruction 32 KiB (x48)
  L2 Unified 2048 KiB (x48)
  L3 Unified 61440 KiB (x2)
Load Average: 2.37, 2.13, 3.96
------------------------------------------------------------------------------------------------------------------------------------
Benchmark                                                                          Time             CPU   Iterations UserCounters...
------------------------------------------------------------------------------------------------------------------------------------
MultikeyCountQueryBenchmark/DirectDeduplicatingCountScan/200000/64          98694563 ns     98663204 ns            1 cycles_per_iteration=207.269M instructions_per_iteration=1.10604G items_per_second=4.0542M/s
MultikeyCountQueryBenchmark/DirectDeduplicatingCountScan/200000/64          93493462 ns     93400375 ns            1 cycles_per_iteration=196.344M instructions_per_iteration=1.10608G items_per_second=4.28264M/s
MultikeyCountQueryBenchmark/DirectDeduplicatingCountScan/200000/64          95301151 ns     95282198 ns            1 cycles_per_iteration=200.142M instructions_per_iteration=1.10609G items_per_second=4.19806M/s
MultikeyCountQueryBenchmark/DirectDeduplicatingCountScan/200000/64          99536657 ns     99515340 ns            1 cycles_per_iteration=209.037M instructions_per_iteration=1.10605G items_per_second=4.01948M/s
MultikeyCountQueryBenchmark/DirectDeduplicatingCountScan/200000/64          96481800 ns     96426208 ns            1 cycles_per_iteration=202.621M instructions_per_iteration=1.10605G items_per_second=4.14825M/s
MultikeyCountQueryBenchmark/DirectDeduplicatingCountScan/200000/64_mean     96701527 ns     96657465 ns            5 cycles_per_iteration=203.083M instructions_per_iteration=1.10606G items_per_second=4.14052M/s
MultikeyCountQueryBenchmark/DirectDeduplicatingCountScan/200000/64_median   96481800 ns     96426208 ns            5 cycles_per_iteration=202.621M instructions_per_iteration=1.10605G items_per_second=4.14825M/s
MultikeyCountQueryBenchmark/DirectDeduplicatingCountScan/200000/64_stddev    2465318 ns      2487163 ns            5 cycles_per_iteration=5.17798M instructions_per_iteration=24.4541k items_per_second=106.853k/s
