{"t":{"$date":"2026-08-06T05:41:55.481+08:00"},"s":"I",  "c":"-",        "id":8991200, "ctx":"main","msg":"Shuffling initializers","attr":{"seed":328975258}}
2026-08-06T05:41:55+08:00
Running /tmp/mongo-count-query-bm-countscan-A-upstream-production-normalized-harness
Run on (96 X 4000 MHz CPU s)
CPU Caches:
  L1 Data 48 KiB (x48)
  L1 Instruction 32 KiB (x48)
  L2 Unified 2048 KiB (x48)
  L3 Unified 61440 KiB (x2)
Load Average: 2.14, 2.15, 2.64
----------------------------------------------------------------------------------------------------------------------------------------
Benchmark                                                                              Time             CPU   Iterations UserCounters...
----------------------------------------------------------------------------------------------------------------------------------------
UnoptimizedCountQueryBenchmark/FetchingCountWithoutCountScan/200000/64         160073996 ns    159923476 ns            1 cycles_per_iteration=336.164M instructions_per_iteration=1.92054G
UnoptimizedCountQueryBenchmark/FetchingCountWithoutCountScan/200000/64         148991108 ns    148812593 ns            1 cycles_per_iteration=312.888M instructions_per_iteration=1.92051G
UnoptimizedCountQueryBenchmark/FetchingCountWithoutCountScan/200000/64         150292397 ns    150190180 ns            1 cycles_per_iteration=315.622M instructions_per_iteration=1.9203G
UnoptimizedCountQueryBenchmark/FetchingCountWithoutCountScan/200000/64         153123617 ns    153010088 ns            1 cycles_per_iteration=321.568M instructions_per_iteration=1.92033G
UnoptimizedCountQueryBenchmark/FetchingCountWithoutCountScan/200000/64         152433872 ns    152328587 ns            1 cycles_per_iteration=320.119M instructions_per_iteration=1.92041G
UnoptimizedCountQueryBenchmark/FetchingCountWithoutCountScan/200000/64_mean    152982998 ns    152852985 ns            5 cycles_per_iteration=321.272M instructions_per_iteration=1.92042G
UnoptimizedCountQueryBenchmark/FetchingCountWithoutCountScan/200000/64_median  152433872 ns    152328587 ns            5 cycles_per_iteration=320.119M instructions_per_iteration=1.92041G
UnoptimizedCountQueryBenchmark/FetchingCountWithoutCountScan/200000/64_stddev    4294708 ns      4292634 ns            5 cycles_per_iteration=9.01963M instructions_per_iteration=103.585k
