{"t":{"$date":"2026-08-06T05:27:55.753+08:00"},"s":"I",  "c":"-",        "id":8991200, "ctx":"main","msg":"Shuffling initializers","attr":{"seed":3824524965}}
2026-08-06T05:27:55+08:00
Running /tmp/mongo-count-query-bm-countscan-A-upstream-production-normalized-harness
Run on (96 X 4000 MHz CPU s)
CPU Caches:
  L1 Data 48 KiB (x48)
  L1 Instruction 32 KiB (x48)
  L2 Unified 2048 KiB (x48)
  L3 Unified 61440 KiB (x2)
Load Average: 2.92, 2.63, 3.43
----------------------------------------------------------------------------------------------------------------------------------------
Benchmark                                                                              Time             CPU   Iterations UserCounters...
----------------------------------------------------------------------------------------------------------------------------------------
UnoptimizedCountQueryBenchmark/FetchingCountWithoutCountScan/200000/64         153127670 ns    153013167 ns            1 cycles_per_iteration=321.577M instructions_per_iteration=1.87587G
UnoptimizedCountQueryBenchmark/FetchingCountWithoutCountScan/200000/64         150014639 ns    149882382 ns            1 cycles_per_iteration=315.039M instructions_per_iteration=1.87602G
UnoptimizedCountQueryBenchmark/FetchingCountWithoutCountScan/200000/64         151242971 ns    151046172 ns            1 cycles_per_iteration=317.619M instructions_per_iteration=1.87576G
UnoptimizedCountQueryBenchmark/FetchingCountWithoutCountScan/200000/64         146109343 ns    146016658 ns            1 cycles_per_iteration=306.838M instructions_per_iteration=1.87571G
UnoptimizedCountQueryBenchmark/FetchingCountWithoutCountScan/200000/64         145022869 ns    144864473 ns            1 cycles_per_iteration=304.555M instructions_per_iteration=1.87574G
UnoptimizedCountQueryBenchmark/FetchingCountWithoutCountScan/200000/64_mean    149103498 ns    148964570 ns            5 cycles_per_iteration=313.126M instructions_per_iteration=1.87582G
UnoptimizedCountQueryBenchmark/FetchingCountWithoutCountScan/200000/64_median  150014639 ns    149882382 ns            5 cycles_per_iteration=315.039M instructions_per_iteration=1.87576G
UnoptimizedCountQueryBenchmark/FetchingCountWithoutCountScan/200000/64_stddev    3435767 ns      3430290 ns            5 cycles_per_iteration=7.21557M instructions_per_iteration=124.248k
