{"t":{"$date":"2026-08-06T05:28:47.686+08:00"},"s":"I",  "c":"-",        "id":8991200, "ctx":"main","msg":"Shuffling initializers","attr":{"seed":1593068593}}
2026-08-06T05:28:47+08:00
Running /tmp/mongo-count-query-bm-countscan-A-upstream-production-normalized-harness
Run on (96 X 4000 MHz CPU s)
CPU Caches:
  L1 Data 48 KiB (x48)
  L1 Instruction 32 KiB (x48)
  L2 Unified 2048 KiB (x48)
  L3 Unified 61440 KiB (x2)
Load Average: 2.42, 2.54, 3.35
------------------------------------------------------------------------------------------------------------------------------------
Benchmark                                                                          Time             CPU   Iterations UserCounters...
------------------------------------------------------------------------------------------------------------------------------------
MultikeyCountQueryBenchmark/DirectDeduplicatingCountScan/200000/64          99394083 ns     99394942 ns            1 cycles_per_iteration=208.736M instructions_per_iteration=1.12931G items_per_second=4.02435M/s
MultikeyCountQueryBenchmark/DirectDeduplicatingCountScan/200000/64          97225428 ns     97226649 ns            1 cycles_per_iteration=204.182M instructions_per_iteration=1.1293G items_per_second=4.1141M/s
MultikeyCountQueryBenchmark/DirectDeduplicatingCountScan/200000/64         103386164 ns    103211668 ns            1 cycles_per_iteration=217.118M instructions_per_iteration=1.12936G items_per_second=3.87553M/s
MultikeyCountQueryBenchmark/DirectDeduplicatingCountScan/200000/64          97181082 ns     97074651 ns            1 cycles_per_iteration=204.088M instructions_per_iteration=1.12925G items_per_second=4.12054M/s
MultikeyCountQueryBenchmark/DirectDeduplicatingCountScan/200000/64          97492218 ns     97352365 ns            1 cycles_per_iteration=204.742M instructions_per_iteration=1.12926G items_per_second=4.10879M/s
MultikeyCountQueryBenchmark/DirectDeduplicatingCountScan/200000/64_mean     98935795 ns     98852055 ns            5 cycles_per_iteration=207.773M instructions_per_iteration=1.1293G items_per_second=4.04866M/s
MultikeyCountQueryBenchmark/DirectDeduplicatingCountScan/200000/64_median   97492218 ns     97352365 ns            5 cycles_per_iteration=204.742M instructions_per_iteration=1.1293G items_per_second=4.10879M/s
MultikeyCountQueryBenchmark/DirectDeduplicatingCountScan/200000/64_stddev    2650665 ns      2614915 ns            5 cycles_per_iteration=5.56598M instructions_per_iteration=43.0879k items_per_second=104.437k/s
