{"t":{"$date":"2026-08-06T05:26:47.657+08:00"},"s":"I",  "c":"-",        "id":8991200, "ctx":"main","msg":"Shuffling initializers","attr":{"seed":3860639939}}
2026-08-06T05:26:47+08:00
Running /tmp/mongo-count-query-bm-countscan-C-final-candidate
Run on (96 X 4000 MHz CPU s)
CPU Caches:
  L1 Data 48 KiB (x48)
  L1 Instruction 32 KiB (x48)
  L2 Unified 2048 KiB (x48)
  L3 Unified 61440 KiB (x2)
Load Average: 3.16, 2.57, 3.47
----------------------------------------------------------------------------------------------------------------------------------------
Benchmark                                                                              Time             CPU   Iterations UserCounters...
----------------------------------------------------------------------------------------------------------------------------------------
UnoptimizedCountQueryBenchmark/FetchingCountWithoutCountScan/200000/64         152385712 ns    152276101 ns            1 cycles_per_iteration=320.019M instructions_per_iteration=1.92048G
UnoptimizedCountQueryBenchmark/FetchingCountWithoutCountScan/200000/64         155791998 ns    155651539 ns            1 cycles_per_iteration=327.17M instructions_per_iteration=1.92036G
UnoptimizedCountQueryBenchmark/FetchingCountWithoutCountScan/200000/64         150799751 ns    150564656 ns            1 cycles_per_iteration=316.689M instructions_per_iteration=1.92024G
UnoptimizedCountQueryBenchmark/FetchingCountWithoutCountScan/200000/64         150716782 ns    150606347 ns            1 cycles_per_iteration=316.514M instructions_per_iteration=1.92049G
UnoptimizedCountQueryBenchmark/FetchingCountWithoutCountScan/200000/64         150887966 ns    150685085 ns            1 cycles_per_iteration=316.873M instructions_per_iteration=1.92029G
UnoptimizedCountQueryBenchmark/FetchingCountWithoutCountScan/200000/64_mean    152116442 ns    151956746 ns            5 cycles_per_iteration=319.453M instructions_per_iteration=1.92037G
UnoptimizedCountQueryBenchmark/FetchingCountWithoutCountScan/200000/64_median  150887966 ns    150685085 ns            5 cycles_per_iteration=316.873M instructions_per_iteration=1.92036G
UnoptimizedCountQueryBenchmark/FetchingCountWithoutCountScan/200000/64_stddev    2167031 ns      2187013 ns            5 cycles_per_iteration=4.55014M instructions_per_iteration=110.653k
