{"t":{"$date":"2026-08-06T05:26:46.340+08:00"},"s":"I",  "c":"-",        "id":8991200, "ctx":"main","msg":"Shuffling initializers","attr":{"seed":2575164834}}
2026-08-06T05:26:46+08:00
Running /tmp/mongo-count-query-bm-countscan-A-upstream-production-normalized-harness
Run on (96 X 4000 MHz CPU s)
CPU Caches:
  L1 Data 48 KiB (x48)
  L1 Instruction 32 KiB (x48)
  L2 Unified 2048 KiB (x48)
  L3 Unified 61440 KiB (x2)
Load Average: 3.16, 2.57, 3.47
----------------------------------------------------------------------------------------------------------------------------------------
Benchmark                                                                              Time             CPU   Iterations UserCounters...
----------------------------------------------------------------------------------------------------------------------------------------
ClassicPointControlQueryBenchmark/HintedUniqueFieldPointQuery/10000/64             22744 ns        22718 ns         2917 cycles_per_iteration=47.763k instructions_per_iteration=149.792k items_per_second=44.0188k/s
ClassicPointControlQueryBenchmark/HintedUniqueFieldPointQuery/10000/64             22852 ns        22810 ns         2917 cycles_per_iteration=47.9909k instructions_per_iteration=149.68k items_per_second=43.8403k/s
ClassicPointControlQueryBenchmark/HintedUniqueFieldPointQuery/10000/64             21969 ns        21915 ns         2917 cycles_per_iteration=46.1371k instructions_per_iteration=150.029k items_per_second=45.6303k/s
ClassicPointControlQueryBenchmark/HintedUniqueFieldPointQuery/10000/64             22124 ns        22106 ns         2917 cycles_per_iteration=46.4627k instructions_per_iteration=150.05k items_per_second=45.2356k/s
ClassicPointControlQueryBenchmark/HintedUniqueFieldPointQuery/10000/64             24234 ns        24227 ns         2917 cycles_per_iteration=50.8925k instructions_per_iteration=149.759k items_per_second=41.2768k/s
ClassicPointControlQueryBenchmark/HintedUniqueFieldPointQuery/10000/64_mean        22785 ns        22755 ns            5 cycles_per_iteration=47.8492k instructions_per_iteration=149.862k items_per_second=44.0004k/s
ClassicPointControlQueryBenchmark/HintedUniqueFieldPointQuery/10000/64_median      22744 ns        22718 ns            5 cycles_per_iteration=47.763k instructions_per_iteration=149.792k items_per_second=44.0188k/s
ClassicPointControlQueryBenchmark/HintedUniqueFieldPointQuery/10000/64_stddev        895 ns          908 ns            5 cycles_per_iteration=1.88034k instructions_per_iteration=167.057 items_per_second=1.70486k/s
