{"t":{"$date":"2026-08-06T05:39:24.776+08:00"},"s":"I",  "c":"-",        "id":8991200, "ctx":"main","msg":"Shuffling initializers","attr":{"seed":3953264543}}
2026-08-06T05:39:24+08:00
Running /tmp/mongo-count-query-bm-countscan-B-rejected-heavyweight-implementation
Run on (96 X 4000 MHz CPU s)
CPU Caches:
  L1 Data 48 KiB (x48)
  L1 Instruction 32 KiB (x48)
  L2 Unified 2048 KiB (x48)
  L3 Unified 61440 KiB (x2)
Load Average: 2.06, 2.08, 2.71
------------------------------------------------------------------------------------------------------------------------------------
Benchmark                                                                          Time             CPU   Iterations UserCounters...
------------------------------------------------------------------------------------------------------------------------------------
MultikeyCountQueryBenchmark/DirectDeduplicatingCountScan/200000/64          92885494 ns     92870023 ns            1 cycles_per_iteration=195.07M instructions_per_iteration=1.10253G items_per_second=4.30709M/s
MultikeyCountQueryBenchmark/DirectDeduplicatingCountScan/200000/64          97590923 ns     97524292 ns            1 cycles_per_iteration=204.95M instructions_per_iteration=1.10246G items_per_second=4.10154M/s
MultikeyCountQueryBenchmark/DirectDeduplicatingCountScan/200000/64          97148895 ns     97071180 ns            1 cycles_per_iteration=204.022M instructions_per_iteration=1.10247G items_per_second=4.12069M/s
MultikeyCountQueryBenchmark/DirectDeduplicatingCountScan/200000/64          97750425 ns     97685455 ns            1 cycles_per_iteration=205.284M instructions_per_iteration=1.10245G items_per_second=4.09478M/s
MultikeyCountQueryBenchmark/DirectDeduplicatingCountScan/200000/64          95928907 ns     95860364 ns            1 cycles_per_iteration=201.461M instructions_per_iteration=1.10244G items_per_second=4.17274M/s
MultikeyCountQueryBenchmark/DirectDeduplicatingCountScan/200000/64_mean     96260929 ns     96202263 ns            5 cycles_per_iteration=202.157M instructions_per_iteration=1.10247G items_per_second=4.15937M/s
MultikeyCountQueryBenchmark/DirectDeduplicatingCountScan/200000/64_median   97148895 ns     97071180 ns            5 cycles_per_iteration=204.022M instructions_per_iteration=1.10246G items_per_second=4.12069M/s
MultikeyCountQueryBenchmark/DirectDeduplicatingCountScan/200000/64_stddev    2017410 ns      1995204 ns            5 cycles_per_iteration=4.23604M instructions_per_iteration=35.0551k items_per_second=88.0542k/s
