{"t":{"$date":"2026-08-06T05:26:23.936+08:00"},"s":"I",  "c":"-",        "id":8991200, "ctx":"main","msg":"Shuffling initializers","attr":{"seed":1499654133}}
2026-08-06T05:26:23+08:00
Running /tmp/mongo-count-query-bm-countscan-A-upstream-production-normalized-harness
Run on (96 X 4000 MHz CPU s)
CPU Caches:
  L1 Data 48 KiB (x48)
  L1 Instruction 32 KiB (x48)
  L2 Unified 2048 KiB (x48)
  L3 Unified 61440 KiB (x2)
Load Average: 2.20, 2.36, 3.42
------------------------------------------------------------------------------------------------------------------------------------
Benchmark                                                                          Time             CPU   Iterations UserCounters...
------------------------------------------------------------------------------------------------------------------------------------
MultikeyCountQueryBenchmark/DirectDeduplicatingCountScan/200000/64          96376657 ns     96321441 ns            1 cycles_per_iteration=202.4M instructions_per_iteration=1.12883G items_per_second=4.15276M/s
MultikeyCountQueryBenchmark/DirectDeduplicatingCountScan/200000/64         101202488 ns    101203140 ns            1 cycles_per_iteration=212.532M instructions_per_iteration=1.12929G items_per_second=3.95245M/s
MultikeyCountQueryBenchmark/DirectDeduplicatingCountScan/200000/64          99861383 ns     99730534 ns            1 cycles_per_iteration=209.717M instructions_per_iteration=1.12923G items_per_second=4.01081M/s
MultikeyCountQueryBenchmark/DirectDeduplicatingCountScan/200000/64         104028225 ns    103888737 ns            1 cycles_per_iteration=218.466M instructions_per_iteration=1.12892G items_per_second=3.85027M/s
MultikeyCountQueryBenchmark/DirectDeduplicatingCountScan/200000/64          96440554 ns     96327580 ns            1 cycles_per_iteration=202.534M instructions_per_iteration=1.12921G items_per_second=4.1525M/s
MultikeyCountQueryBenchmark/DirectDeduplicatingCountScan/200000/64_mean     99581861 ns     99494286 ns            5 cycles_per_iteration=209.13M instructions_per_iteration=1.1291G items_per_second=4.02376M/s
MultikeyCountQueryBenchmark/DirectDeduplicatingCountScan/200000/64_median   99861383 ns     99730534 ns            5 cycles_per_iteration=209.717M instructions_per_iteration=1.12921G items_per_second=4.01081M/s
MultikeyCountQueryBenchmark/DirectDeduplicatingCountScan/200000/64_stddev    3264041 ns      3255079 ns            5 cycles_per_iteration=6.85357M instructions_per_iteration=208.925k items_per_second=130.925k/s
