{"t":{"$date":"2026-08-06T05:42:01.204+08:00"},"s":"I",  "c":"-",        "id":8991200, "ctx":"main","msg":"Shuffling initializers","attr":{"seed":1787069825}}
2026-08-06T05:42:01+08:00
Running /tmp/mongo-count-query-bm-countscan-B-rejected-heavyweight-implementation
Run on (96 X 4000 MHz CPU s)
CPU Caches:
  L1 Data 48 KiB (x48)
  L1 Instruction 32 KiB (x48)
  L2 Unified 2048 KiB (x48)
  L3 Unified 61440 KiB (x2)
Load Average: 2.04, 2.12, 2.62
-------------------------------------------------------------------------------------------------------------------------------------
Benchmark                                                                           Time             CPU   Iterations UserCounters...
-------------------------------------------------------------------------------------------------------------------------------------
ScalarCountQueryBenchmark/DirectNonDeduplicatingCountScan/400000/64          72581530 ns     72582462 ns            1 cycles_per_iteration=152.429M instructions_per_iteration=974.571M items_per_second=5.51097M/s
ScalarCountQueryBenchmark/DirectNonDeduplicatingCountScan/400000/64          74673176 ns     74673891 ns            1 cycles_per_iteration=156.823M instructions_per_iteration=974.567M items_per_second=5.35662M/s
ScalarCountQueryBenchmark/DirectNonDeduplicatingCountScan/400000/64          76345921 ns     76253156 ns            1 cycles_per_iteration=160.344M instructions_per_iteration=974.552M items_per_second=5.24568M/s
ScalarCountQueryBenchmark/DirectNonDeduplicatingCountScan/400000/64          73433161 ns     73434164 ns            1 cycles_per_iteration=154.217M instructions_per_iteration=974.564M items_per_second=5.44706M/s
ScalarCountQueryBenchmark/DirectNonDeduplicatingCountScan/400000/64          76148748 ns     76149310 ns            1 cycles_per_iteration=159.922M instructions_per_iteration=974.568M items_per_second=5.25284M/s
ScalarCountQueryBenchmark/DirectNonDeduplicatingCountScan/400000/64_mean     74636507 ns     74618597 ns            5 cycles_per_iteration=156.747M instructions_per_iteration=974.564M items_per_second=5.36264M/s
ScalarCountQueryBenchmark/DirectNonDeduplicatingCountScan/400000/64_median   74673176 ns     74673891 ns            5 cycles_per_iteration=156.823M instructions_per_iteration=974.567M items_per_second=5.35662M/s
ScalarCountQueryBenchmark/DirectNonDeduplicatingCountScan/400000/64_stddev    1649340 ns      1625319 ns            5 cycles_per_iteration=3.4666M instructions_per_iteration=7.39781k items_per_second=117.154k/s
