{"t":{"$date":"2026-08-06T05:20:13.949+08:00"},"s":"I",  "c":"-",        "id":8991200, "ctx":"main","msg":"Shuffling initializers","attr":{"seed":2356582810}}
2026-08-06T05:20:13+08:00
Running /tmp/mongo-count-query-bm-countscan-A-upstream-production-normalized-harness
Run on (96 X 4000 MHz CPU s)
CPU Caches:
  L1 Data 48 KiB (x48)
  L1 Instruction 32 KiB (x48)
  L2 Unified 2048 KiB (x48)
  L3 Unified 61440 KiB (x2)
Load Average: 2.40, 2.18, 3.89
----------------------------------------------------------------------------------------------------------------------------------------
Benchmark                                                                              Time             CPU   Iterations UserCounters...
----------------------------------------------------------------------------------------------------------------------------------------
ClassicPointControlQueryBenchmark/HintedUniqueFieldPointQuery/10000/64             24427 ns        24420 ns         3310 cycles_per_iteration=51.2981k instructions_per_iteration=149.669k items_per_second=40.9502k/s
ClassicPointControlQueryBenchmark/HintedUniqueFieldPointQuery/10000/64             25075 ns        25058 ns         3310 cycles_per_iteration=52.6598k instructions_per_iteration=149.738k items_per_second=39.9071k/s
ClassicPointControlQueryBenchmark/HintedUniqueFieldPointQuery/10000/64             21907 ns        21869 ns         3310 cycles_per_iteration=46.0059k instructions_per_iteration=149.567k items_per_second=45.7263k/s
ClassicPointControlQueryBenchmark/HintedUniqueFieldPointQuery/10000/64             23292 ns        23279 ns         3310 cycles_per_iteration=48.9156k instructions_per_iteration=149.588k items_per_second=42.9573k/s
ClassicPointControlQueryBenchmark/HintedUniqueFieldPointQuery/10000/64             21592 ns        21562 ns         3310 cycles_per_iteration=45.3441k instructions_per_iteration=149.594k items_per_second=46.3781k/s
ClassicPointControlQueryBenchmark/HintedUniqueFieldPointQuery/10000/64_mean        23259 ns        23238 ns            5 cycles_per_iteration=48.8447k instructions_per_iteration=149.631k items_per_second=43.1838k/s
ClassicPointControlQueryBenchmark/HintedUniqueFieldPointQuery/10000/64_median      23292 ns        23279 ns            5 cycles_per_iteration=48.9156k instructions_per_iteration=149.594k items_per_second=42.9573k/s
ClassicPointControlQueryBenchmark/HintedUniqueFieldPointQuery/10000/64_stddev       1523 ns         1533 ns            5 cycles_per_iteration=3.19736k instructions_per_iteration=70.8421 items_per_second=2.84804k/s
