{"t":{"$date":"2026-08-06T05:25:25.909+08:00"},"s":"I",  "c":"-",        "id":8991200, "ctx":"main","msg":"Shuffling initializers","attr":{"seed":2792441336}}
2026-08-06T05:25:25+08:00
Running /tmp/mongo-count-query-bm-countscan-B-rejected-heavyweight-implementation
Run on (96 X 4000 MHz CPU s)
CPU Caches:
  L1 Data 48 KiB (x48)
  L1 Instruction 32 KiB (x48)
  L2 Unified 2048 KiB (x48)
  L3 Unified 61440 KiB (x2)
Load Average: 2.43, 2.44, 3.52
-------------------------------------------------------------------------------------------------------------------------------------
Benchmark                                                                           Time             CPU   Iterations UserCounters...
-------------------------------------------------------------------------------------------------------------------------------------
ScalarCountQueryBenchmark/DirectNonDeduplicatingCountScan/400000/64          73835850 ns     73805975 ns            1 cycles_per_iteration=155.063M instructions_per_iteration=974.564M items_per_second=5.41962M/s
ScalarCountQueryBenchmark/DirectNonDeduplicatingCountScan/400000/64          76091528 ns     76069293 ns            1 cycles_per_iteration=159.801M instructions_per_iteration=974.576M items_per_second=5.25836M/s
ScalarCountQueryBenchmark/DirectNonDeduplicatingCountScan/400000/64          78547001 ns     78548153 ns            1 cycles_per_iteration=164.959M instructions_per_iteration=974.574M items_per_second=5.09242M/s
ScalarCountQueryBenchmark/DirectNonDeduplicatingCountScan/400000/64          79578161 ns     79578945 ns            1 cycles_per_iteration=167.123M instructions_per_iteration=974.569M items_per_second=5.02646M/s
ScalarCountQueryBenchmark/DirectNonDeduplicatingCountScan/400000/64          73665619 ns     73633301 ns            1 cycles_per_iteration=154.707M instructions_per_iteration=974.56M items_per_second=5.43232M/s
ScalarCountQueryBenchmark/DirectNonDeduplicatingCountScan/400000/64_mean     76343632 ns     76327133 ns            5 cycles_per_iteration=160.331M instructions_per_iteration=974.569M items_per_second=5.24584M/s
ScalarCountQueryBenchmark/DirectNonDeduplicatingCountScan/400000/64_median   76091528 ns     76069293 ns            5 cycles_per_iteration=159.801M instructions_per_iteration=974.569M items_per_second=5.25836M/s
ScalarCountQueryBenchmark/DirectNonDeduplicatingCountScan/400000/64_stddev    2685205 ns      2701234 ns            5 cycles_per_iteration=5.63962M instructions_per_iteration=6.55374k items_per_second=184.932k/s
