{"t":{"$date":"2026-08-06T05:20:33.759+08:00"},"s":"I",  "c":"-",        "id":8991200, "ctx":"main","msg":"Shuffling initializers","attr":{"seed":149529618}}
2026-08-06T05:20:33+08:00
Running /tmp/mongo-count-query-bm-countscan-B-rejected-heavyweight-implementation
Run on (96 X 4000 MHz CPU s)
CPU Caches:
  L1 Data 48 KiB (x48)
  L1 Instruction 32 KiB (x48)
  L2 Unified 2048 KiB (x48)
  L3 Unified 61440 KiB (x2)
Load Average: 2.49, 2.22, 3.87
-------------------------------------------------------------------------------------------------------------------------------------
Benchmark                                                                           Time             CPU   Iterations UserCounters...
-------------------------------------------------------------------------------------------------------------------------------------
ScalarCountQueryBenchmark/DirectNonDeduplicatingCountScan/400000/64          74068785 ns     74028522 ns            1 cycles_per_iteration=155.553M instructions_per_iteration=974.541M items_per_second=5.40332M/s
ScalarCountQueryBenchmark/DirectNonDeduplicatingCountScan/400000/64          81085920 ns     81058603 ns            1 cycles_per_iteration=170.29M instructions_per_iteration=974.548M items_per_second=4.9347M/s
ScalarCountQueryBenchmark/DirectNonDeduplicatingCountScan/400000/64          76581478 ns     76582418 ns            1 cycles_per_iteration=160.831M instructions_per_iteration=974.819M items_per_second=5.22313M/s
ScalarCountQueryBenchmark/DirectNonDeduplicatingCountScan/400000/64          73763132 ns     73733162 ns            1 cycles_per_iteration=154.912M instructions_per_iteration=974.577M items_per_second=5.42497M/s
ScalarCountQueryBenchmark/DirectNonDeduplicatingCountScan/400000/64          77288866 ns     77256732 ns            1 cycles_per_iteration=162.316M instructions_per_iteration=974.561M items_per_second=5.17754M/s
ScalarCountQueryBenchmark/DirectNonDeduplicatingCountScan/400000/64_mean     76557636 ns     76531887 ns            5 cycles_per_iteration=160.78M instructions_per_iteration=974.609M items_per_second=5.23273M/s
ScalarCountQueryBenchmark/DirectNonDeduplicatingCountScan/400000/64_median   76581478 ns     76582418 ns            5 cycles_per_iteration=160.831M instructions_per_iteration=974.561M items_per_second=5.22313M/s
ScalarCountQueryBenchmark/DirectNonDeduplicatingCountScan/400000/64_stddev    2959910 ns      2963056 ns            5 cycles_per_iteration=6.21634M instructions_per_iteration=117.919k items_per_second=198.756k/s
