{"t":{"$date":"2026-08-06T05:29:17.313+08:00"},"s":"I",  "c":"-",        "id":8991200, "ctx":"main","msg":"Shuffling initializers","attr":{"seed":3910049815}}
2026-08-06T05:29:17+08:00
Running /tmp/mongo-count-query-bm-countscan-C-final-candidate
Run on (96 X 4000 MHz CPU s)
CPU Caches:
  L1 Data 48 KiB (x48)
  L1 Instruction 32 KiB (x48)
  L2 Unified 2048 KiB (x48)
  L3 Unified 61440 KiB (x2)
Load Average: 2.77, 2.60, 3.34
----------------------------------------------------------------------------------------------------------------------------------------
Benchmark                                                                              Time             CPU   Iterations UserCounters...
----------------------------------------------------------------------------------------------------------------------------------------
UnoptimizedCountQueryBenchmark/FetchingCountWithoutCountScan/200000/64         143442631 ns    143344120 ns            1 cycles_per_iteration=301.238M instructions_per_iteration=1.87584G
UnoptimizedCountQueryBenchmark/FetchingCountWithoutCountScan/200000/64         143686295 ns    143525099 ns            1 cycles_per_iteration=301.749M instructions_per_iteration=1.87572G
UnoptimizedCountQueryBenchmark/FetchingCountWithoutCountScan/200000/64         148315907 ns    148172099 ns            1 cycles_per_iteration=311.471M instructions_per_iteration=1.87587G
UnoptimizedCountQueryBenchmark/FetchingCountWithoutCountScan/200000/64         151107073 ns    150980221 ns            1 cycles_per_iteration=317.335M instructions_per_iteration=1.87576G
UnoptimizedCountQueryBenchmark/FetchingCountWithoutCountScan/200000/64         153422117 ns    153312267 ns            1 cycles_per_iteration=322.194M instructions_per_iteration=1.87595G
UnoptimizedCountQueryBenchmark/FetchingCountWithoutCountScan/200000/64_mean    147994804 ns    147866761 ns            5 cycles_per_iteration=310.797M instructions_per_iteration=1.87583G
UnoptimizedCountQueryBenchmark/FetchingCountWithoutCountScan/200000/64_median  148315907 ns    148172099 ns            5 cycles_per_iteration=311.471M instructions_per_iteration=1.87584G
UnoptimizedCountQueryBenchmark/FetchingCountWithoutCountScan/200000/64_stddev    4430874 ns      4436911 ns            5 cycles_per_iteration=9.3049M instructions_per_iteration=93.1324k
