{"t":{"$date":"2026-08-06T05:15:22.369+08:00"},"s":"I",  "c":"-",        "id":8991200, "ctx":"main","msg":"Shuffling initializers","attr":{"seed":1795674731}}
2026-08-06T05:15:22+08:00
Running /tmp/mongo-count-query-bm-countscan-B-rejected-heavyweight-implementation
Run on (96 X 4000 MHz CPU s)
CPU Caches:
  L1 Data 48 KiB (x48)
  L1 Instruction 32 KiB (x48)
  L2 Unified 2048 KiB (x48)
  L3 Unified 61440 KiB (x2)
Load Average: 2.25, 1.90, 4.48
----------------------------------------------------------------------------------------------------------------------------------------
Benchmark                                                                              Time             CPU   Iterations UserCounters...
----------------------------------------------------------------------------------------------------------------------------------------
UnoptimizedCountQueryBenchmark/FetchingCountWithoutCountScan/200000/64         151574612 ns    151421840 ns            1 cycles_per_iteration=318.317M instructions_per_iteration=1.88063G
UnoptimizedCountQueryBenchmark/FetchingCountWithoutCountScan/200000/64         147407055 ns    147296176 ns            1 cycles_per_iteration=309.563M instructions_per_iteration=1.88076G
UnoptimizedCountQueryBenchmark/FetchingCountWithoutCountScan/200000/64         150068045 ns    149973181 ns            1 cycles_per_iteration=315.151M instructions_per_iteration=1.88046G
UnoptimizedCountQueryBenchmark/FetchingCountWithoutCountScan/200000/64         148679256 ns    148512412 ns            1 cycles_per_iteration=312.234M instructions_per_iteration=1.88056G
UnoptimizedCountQueryBenchmark/FetchingCountWithoutCountScan/200000/64         157129049 ns    156999589 ns            1 cycles_per_iteration=329.98M instructions_per_iteration=1.88065G
UnoptimizedCountQueryBenchmark/FetchingCountWithoutCountScan/200000/64_mean    150971603 ns    150840640 ns            5 cycles_per_iteration=317.049M instructions_per_iteration=1.88061G
UnoptimizedCountQueryBenchmark/FetchingCountWithoutCountScan/200000/64_median  150068045 ns    149973181 ns            5 cycles_per_iteration=315.151M instructions_per_iteration=1.88063G
UnoptimizedCountQueryBenchmark/FetchingCountWithoutCountScan/200000/64_stddev    3776739 ns      3775142 ns            5 cycles_per_iteration=7.9314M instructions_per_iteration=112.263k
