{"t":{"$date":"2026-08-06T05:47:07.991+08:00"},"s":"I",  "c":"-",        "id":8991200, "ctx":"main","msg":"Shuffling initializers","attr":{"seed":2248203302}}
2026-08-06T05:47:07+08:00
Running /tmp/mongo-count-query-bm-countscan-A-upstream-production-normalized-harness
Run on (96 X 4000 MHz CPU s)
CPU Caches:
  L1 Data 48 KiB (x48)
  L1 Instruction 32 KiB (x48)
  L2 Unified 2048 KiB (x48)
  L3 Unified 61440 KiB (x2)
Load Average: 1.79, 1.98, 2.42
----------------------------------------------------------------------------------------------------------------------------------------
Benchmark                                                                              Time             CPU   Iterations UserCounters...
----------------------------------------------------------------------------------------------------------------------------------------
UnoptimizedCountQueryBenchmark/FetchingCountWithoutCountScan/200000/64         153281927 ns    153143973 ns            1 cycles_per_iteration=321.9M instructions_per_iteration=1.92055G
UnoptimizedCountQueryBenchmark/FetchingCountWithoutCountScan/200000/64         151902199 ns    151739763 ns            1 cycles_per_iteration=319.002M instructions_per_iteration=1.92058G
UnoptimizedCountQueryBenchmark/FetchingCountWithoutCountScan/200000/64         158007860 ns    157847000 ns            1 cycles_per_iteration=331.825M instructions_per_iteration=1.92028G
UnoptimizedCountQueryBenchmark/FetchingCountWithoutCountScan/200000/64         151528358 ns    151407129 ns            1 cycles_per_iteration=318.217M instructions_per_iteration=1.92039G
UnoptimizedCountQueryBenchmark/FetchingCountWithoutCountScan/200000/64         155162573 ns    155003460 ns            1 cycles_per_iteration=325.85M instructions_per_iteration=1.92036G
UnoptimizedCountQueryBenchmark/FetchingCountWithoutCountScan/200000/64_mean    153976583 ns    153828265 ns            5 cycles_per_iteration=323.359M instructions_per_iteration=1.92043G
UnoptimizedCountQueryBenchmark/FetchingCountWithoutCountScan/200000/64_median  153281927 ns    153143973 ns            5 cycles_per_iteration=321.9M instructions_per_iteration=1.92039G
UnoptimizedCountQueryBenchmark/FetchingCountWithoutCountScan/200000/64_stddev    2666326 ns      2656281 ns            5 cycles_per_iteration=5.59948M instructions_per_iteration=129.92k
