{"t":{"$date":"2026-08-06T05:15:12.820+08:00"},"s":"I",  "c":"-",        "id":8991200, "ctx":"main","msg":"Shuffling initializers","attr":{"seed":2393292763}}
2026-08-06T05:15:12+08:00
Running /tmp/mongo-count-query-bm-countscan-A-upstream-production-normalized-harness
Run on (96 X 4000 MHz CPU s)
CPU Caches:
  L1 Data 48 KiB (x48)
  L1 Instruction 32 KiB (x48)
  L2 Unified 2048 KiB (x48)
  L3 Unified 61440 KiB (x2)
Load Average: 1.91, 1.83, 4.48
----------------------------------------------------------------------------------------------------------------------------------------
Benchmark                                                                              Time             CPU   Iterations UserCounters...
----------------------------------------------------------------------------------------------------------------------------------------
ClassicPointControlQueryBenchmark/HintedUniqueFieldPointQuery/10000/64             22168 ns        22162 ns         3288 cycles_per_iteration=46.5542k instructions_per_iteration=149.235k items_per_second=45.1228k/s
ClassicPointControlQueryBenchmark/HintedUniqueFieldPointQuery/10000/64             21595 ns        21589 ns         3288 cycles_per_iteration=45.3502k instructions_per_iteration=149.343k items_per_second=46.3202k/s
ClassicPointControlQueryBenchmark/HintedUniqueFieldPointQuery/10000/64             22708 ns        22682 ns         3288 cycles_per_iteration=47.6887k instructions_per_iteration=149.108k items_per_second=44.088k/s
ClassicPointControlQueryBenchmark/HintedUniqueFieldPointQuery/10000/64             23092 ns        23085 ns         3288 cycles_per_iteration=48.494k instructions_per_iteration=149.421k items_per_second=43.3191k/s
ClassicPointControlQueryBenchmark/HintedUniqueFieldPointQuery/10000/64             22259 ns        22246 ns         3288 cycles_per_iteration=46.745k instructions_per_iteration=149.155k items_per_second=44.9516k/s
ClassicPointControlQueryBenchmark/HintedUniqueFieldPointQuery/10000/64_mean        22364 ns        22353 ns            5 cycles_per_iteration=46.9664k instructions_per_iteration=149.252k items_per_second=44.7603k/s
ClassicPointControlQueryBenchmark/HintedUniqueFieldPointQuery/10000/64_median      22259 ns        22246 ns            5 cycles_per_iteration=46.745k instructions_per_iteration=149.235k items_per_second=44.9516k/s
ClassicPointControlQueryBenchmark/HintedUniqueFieldPointQuery/10000/64_stddev        568 ns          565 ns            5 cycles_per_iteration=1.1923k instructions_per_iteration=129.806 items_per_second=1.13252k/s
