{"t":{"$date":"2026-08-06T05:32:30.988+08:00"},"s":"I",  "c":"-",        "id":8991200, "ctx":"main","msg":"Shuffling initializers","attr":{"seed":3461660603}}
2026-08-06T05:32:30+08:00
Running /tmp/mongo-count-query-bm-countscan-C-final-candidate
Run on (96 X 4000 MHz CPU s)
CPU Caches:
  L1 Data 48 KiB (x48)
  L1 Instruction 32 KiB (x48)
  L2 Unified 2048 KiB (x48)
  L3 Unified 61440 KiB (x2)
Load Average: 2.62, 2.52, 3.16
----------------------------------------------------------------------------------------------------------------------------------------
Benchmark                                                                              Time             CPU   Iterations UserCounters...
----------------------------------------------------------------------------------------------------------------------------------------
UnoptimizedCountQueryBenchmark/FetchingCountWithoutCountScan/200000/64         172193289 ns    172062183 ns            1 cycles_per_iteration=361.616M instructions_per_iteration=1.92046G
UnoptimizedCountQueryBenchmark/FetchingCountWithoutCountScan/200000/64         154346943 ns    154143203 ns            1 cycles_per_iteration=324.137M instructions_per_iteration=1.92056G
UnoptimizedCountQueryBenchmark/FetchingCountWithoutCountScan/200000/64         147032261 ns    146928483 ns            1 cycles_per_iteration=308.777M instructions_per_iteration=1.92026G
UnoptimizedCountQueryBenchmark/FetchingCountWithoutCountScan/200000/64         151688576 ns    151516577 ns            1 cycles_per_iteration=318.555M instructions_per_iteration=1.92034G
UnoptimizedCountQueryBenchmark/FetchingCountWithoutCountScan/200000/64         153981686 ns    153871096 ns            1 cycles_per_iteration=323.369M instructions_per_iteration=1.92046G
UnoptimizedCountQueryBenchmark/FetchingCountWithoutCountScan/200000/64_mean    155848551 ns    155704308 ns            5 cycles_per_iteration=327.291M instructions_per_iteration=1.92042G
UnoptimizedCountQueryBenchmark/FetchingCountWithoutCountScan/200000/64_median  153981686 ns    153871096 ns            5 cycles_per_iteration=323.369M instructions_per_iteration=1.92046G
UnoptimizedCountQueryBenchmark/FetchingCountWithoutCountScan/200000/64_stddev    9590657 ns      9590751 ns            5 cycles_per_iteration=20.141M instructions_per_iteration=115.827k
