{"t":{"$date":"2026-08-06T05:30:53.384+08:00"},"s":"I",  "c":"-",        "id":8991200, "ctx":"main","msg":"Shuffling initializers","attr":{"seed":2605923993}}
2026-08-06T05:30:53+08:00
Running /tmp/mongo-count-query-bm-countscan-A-upstream-production-normalized-harness
Run on (96 X 4000 MHz CPU s)
CPU Caches:
  L1 Data 48 KiB (x48)
  L1 Instruction 32 KiB (x48)
  L2 Unified 2048 KiB (x48)
  L3 Unified 61440 KiB (x2)
Load Average: 2.64, 2.57, 3.25
------------------------------------------------------------------------------------------------------------------------------------
Benchmark                                                                          Time             CPU   Iterations UserCounters...
------------------------------------------------------------------------------------------------------------------------------------
MultikeyCountQueryBenchmark/DirectDeduplicatingCountScan/200000/64          97589254 ns     97574078 ns            1 cycles_per_iteration=204.946M instructions_per_iteration=1.12925G items_per_second=4.09945M/s
MultikeyCountQueryBenchmark/DirectDeduplicatingCountScan/200000/64         101137877 ns    101121508 ns            1 cycles_per_iteration=212.397M instructions_per_iteration=1.12932G items_per_second=3.95564M/s
MultikeyCountQueryBenchmark/DirectDeduplicatingCountScan/200000/64          99695683 ns     99672411 ns            1 cycles_per_iteration=209.369M instructions_per_iteration=1.12932G items_per_second=4.01315M/s
MultikeyCountQueryBenchmark/DirectDeduplicatingCountScan/200000/64         100211143 ns    100136164 ns            1 cycles_per_iteration=210.451M instructions_per_iteration=1.12928G items_per_second=3.99456M/s
MultikeyCountQueryBenchmark/DirectDeduplicatingCountScan/200000/64          98795414 ns     98723376 ns            1 cycles_per_iteration=207.479M instructions_per_iteration=1.12921G items_per_second=4.05173M/s
MultikeyCountQueryBenchmark/DirectDeduplicatingCountScan/200000/64_mean     99485874 ns     99445507 ns            5 cycles_per_iteration=208.929M instructions_per_iteration=1.12928G items_per_second=4.0229M/s
MultikeyCountQueryBenchmark/DirectDeduplicatingCountScan/200000/64_median   99695683 ns     99672411 ns            5 cycles_per_iteration=209.369M instructions_per_iteration=1.12928G items_per_second=4.01315M/s
MultikeyCountQueryBenchmark/DirectDeduplicatingCountScan/200000/64_stddev    1357668 ns      1356576 ns            5 cycles_per_iteration=2.85064M instructions_per_iteration=48.3711k items_per_second=55.0301k/s
