{"t":{"$date":"2026-08-06T05:16:34.661+08:00"},"s":"I",  "c":"-",        "id":8991200, "ctx":"main","msg":"Shuffling initializers","attr":{"seed":2622306920}}
2026-08-06T05:16:34+08:00
Running /tmp/mongo-count-query-bm-countscan-C-final-candidate
Run on (96 X 4000 MHz CPU s)
CPU Caches:
  L1 Data 48 KiB (x48)
  L1 Instruction 32 KiB (x48)
  L2 Unified 2048 KiB (x48)
  L3 Unified 61440 KiB (x2)
Load Average: 2.13, 1.95, 4.30
-------------------------------------------------------------------------------------------------------------------------------------
Benchmark                                                                           Time             CPU   Iterations UserCounters...
-------------------------------------------------------------------------------------------------------------------------------------
ScalarCountQueryBenchmark/DirectNonDeduplicatingCountScan/400000/64          77195883 ns     77197474 ns            1 cycles_per_iteration=162.121M instructions_per_iteration=978.961M items_per_second=5.18152M/s
ScalarCountQueryBenchmark/DirectNonDeduplicatingCountScan/400000/64          76715946 ns     76716976 ns            1 cycles_per_iteration=161.113M instructions_per_iteration=978.965M items_per_second=5.21397M/s
ScalarCountQueryBenchmark/DirectNonDeduplicatingCountScan/400000/64          77647448 ns     77617277 ns            1 cycles_per_iteration=163.067M instructions_per_iteration=978.971M items_per_second=5.15349M/s
ScalarCountQueryBenchmark/DirectNonDeduplicatingCountScan/400000/64          78828096 ns     78805724 ns            1 cycles_per_iteration=165.549M instructions_per_iteration=978.984M items_per_second=5.07577M/s
ScalarCountQueryBenchmark/DirectNonDeduplicatingCountScan/400000/64          78119993 ns     78121083 ns            1 cycles_per_iteration=164.061M instructions_per_iteration=978.955M items_per_second=5.12026M/s
ScalarCountQueryBenchmark/DirectNonDeduplicatingCountScan/400000/64_mean     77701473 ns     77691707 ns            5 cycles_per_iteration=163.182M instructions_per_iteration=978.967M items_per_second=5.149M/s
ScalarCountQueryBenchmark/DirectNonDeduplicatingCountScan/400000/64_median   77647448 ns     77617277 ns            5 cycles_per_iteration=163.067M instructions_per_iteration=978.965M items_per_second=5.15349M/s
ScalarCountQueryBenchmark/DirectNonDeduplicatingCountScan/400000/64_stddev     817656 ns       810140 ns            5 cycles_per_iteration=1.71703M instructions_per_iteration=10.904k items_per_second=53.5885k/s
