{"t":{"$date":"2026-08-06T05:45:22.146+08:00"},"s":"I",  "c":"-",        "id":8991200, "ctx":"main","msg":"Shuffling initializers","attr":{"seed":2028002153}}
2026-08-06T05:45:22+08:00
Running /tmp/mongo-count-query-bm-countscan-A-upstream-production-normalized-harness
Run on (96 X 4000 MHz CPU s)
CPU Caches:
  L1 Data 48 KiB (x48)
  L1 Instruction 32 KiB (x48)
  L2 Unified 2048 KiB (x48)
  L3 Unified 61440 KiB (x2)
Load Average: 2.30, 2.13, 2.52
-------------------------------------------------------------------------------------------------------------------------------------
Benchmark                                                                           Time             CPU   Iterations UserCounters...
-------------------------------------------------------------------------------------------------------------------------------------
ScalarCountQueryBenchmark/DirectNonDeduplicatingCountScan/400000/64          78942060 ns     78842855 ns            1 cycles_per_iteration=165.787M instructions_per_iteration=1026.16M items_per_second=5.07338M/s
ScalarCountQueryBenchmark/DirectNonDeduplicatingCountScan/400000/64          79759359 ns     79760335 ns            1 cycles_per_iteration=167.502M instructions_per_iteration=1026.24M items_per_second=5.01502M/s
ScalarCountQueryBenchmark/DirectNonDeduplicatingCountScan/400000/64          78785896 ns     78786594 ns            1 cycles_per_iteration=165.462M instructions_per_iteration=1026.16M items_per_second=5.07701M/s
ScalarCountQueryBenchmark/DirectNonDeduplicatingCountScan/400000/64          80828428 ns     80829025 ns            1 cycles_per_iteration=169.748M instructions_per_iteration=1026.14M items_per_second=4.94872M/s
ScalarCountQueryBenchmark/DirectNonDeduplicatingCountScan/400000/64          79662561 ns     79622031 ns            1 cycles_per_iteration=167.301M instructions_per_iteration=1026.18M items_per_second=5.02374M/s
ScalarCountQueryBenchmark/DirectNonDeduplicatingCountScan/400000/64_mean     79595661 ns     79568168 ns            5 cycles_per_iteration=167.16M instructions_per_iteration=1026.18M items_per_second=5.02757M/s
ScalarCountQueryBenchmark/DirectNonDeduplicatingCountScan/400000/64_median   79662561 ns     79622031 ns            5 cycles_per_iteration=167.301M instructions_per_iteration=1026.16M items_per_second=5.02374M/s
ScalarCountQueryBenchmark/DirectNonDeduplicatingCountScan/400000/64_stddev     811465 ns       831644 ns            5 cycles_per_iteration=1.70321M instructions_per_iteration=39.3933k items_per_second=52.2795k/s
