{"t":{"$date":"2026-08-06T05:40:02.151+08:00"},"s":"I",  "c":"-",        "id":8991200, "ctx":"main","msg":"Shuffling initializers","attr":{"seed":915899892}}
2026-08-06T05:40:02+08:00
Running /tmp/mongo-count-query-bm-countscan-A-upstream-production-normalized-harness
Run on (96 X 4000 MHz CPU s)
CPU Caches:
  L1 Data 48 KiB (x48)
  L1 Instruction 32 KiB (x48)
  L2 Unified 2048 KiB (x48)
  L3 Unified 61440 KiB (x2)
Load Average: 1.94, 2.04, 2.67
-------------------------------------------------------------------------------------------------------------------------------------
Benchmark                                                                           Time             CPU   Iterations UserCounters...
-------------------------------------------------------------------------------------------------------------------------------------
ScalarCountQueryBenchmark/DirectNonDeduplicatingCountScan/400000/64          81072092 ns     81026273 ns            1 cycles_per_iteration=170.26M instructions_per_iteration=1026.19M items_per_second=4.93667M/s
ScalarCountQueryBenchmark/DirectNonDeduplicatingCountScan/400000/64          77175617 ns     77123788 ns            1 cycles_per_iteration=162.078M instructions_per_iteration=1026.15M items_per_second=5.18647M/s
ScalarCountQueryBenchmark/DirectNonDeduplicatingCountScan/400000/64          84220409 ns     84221569 ns            1 cycles_per_iteration=176.872M instructions_per_iteration=1026.19M items_per_second=4.74938M/s
ScalarCountQueryBenchmark/DirectNonDeduplicatingCountScan/400000/64          79522133 ns     79523067 ns            1 cycles_per_iteration=167.005M instructions_per_iteration=1026.19M items_per_second=5.02999M/s
ScalarCountQueryBenchmark/DirectNonDeduplicatingCountScan/400000/64          88870049 ns     88812001 ns            1 cycles_per_iteration=186.637M instructions_per_iteration=1026.18M items_per_second=4.5039M/s
ScalarCountQueryBenchmark/DirectNonDeduplicatingCountScan/400000/64_mean     82172060 ns     82141340 ns            5 cycles_per_iteration=172.571M instructions_per_iteration=1026.18M items_per_second=4.88128M/s
ScalarCountQueryBenchmark/DirectNonDeduplicatingCountScan/400000/64_median   81072092 ns     81026273 ns            5 cycles_per_iteration=170.26M instructions_per_iteration=1026.19M items_per_second=4.93667M/s
ScalarCountQueryBenchmark/DirectNonDeduplicatingCountScan/400000/64_stddev    4534735 ns      4530442 ns            5 cycles_per_iteration=9.52352M instructions_per_iteration=18.4132k items_per_second=263.694k/s
