{"t":{"$date":"2026-08-06T05:35:56.414+08:00"},"s":"I",  "c":"-",        "id":8991200, "ctx":"main","msg":"Shuffling initializers","attr":{"seed":359207005}}
2026-08-06T05:35:56+08:00
Running /tmp/mongo-count-query-bm-countscan-B-rejected-heavyweight-implementation
Run on (96 X 4000 MHz CPU s)
CPU Caches:
  L1 Data 48 KiB (x48)
  L1 Instruction 32 KiB (x48)
  L2 Unified 2048 KiB (x48)
  L3 Unified 61440 KiB (x2)
Load Average: 1.96, 2.19, 2.89
-------------------------------------------------------------------------------------------------------------------------------------
Benchmark                                                                           Time             CPU   Iterations UserCounters...
-------------------------------------------------------------------------------------------------------------------------------------
ScalarCountQueryBenchmark/DirectNonDeduplicatingCountScan/400000/64          72206736 ns     72181171 ns            1 cycles_per_iteration=151.642M instructions_per_iteration=974.568M items_per_second=5.54161M/s
ScalarCountQueryBenchmark/DirectNonDeduplicatingCountScan/400000/64          79090118 ns     79019150 ns            1 cycles_per_iteration=166.096M instructions_per_iteration=974.573M items_per_second=5.06206M/s
ScalarCountQueryBenchmark/DirectNonDeduplicatingCountScan/400000/64          72348595 ns     72349446 ns            1 cycles_per_iteration=151.94M instructions_per_iteration=974.572M items_per_second=5.52872M/s
ScalarCountQueryBenchmark/DirectNonDeduplicatingCountScan/400000/64          77214003 ns     77215108 ns            1 cycles_per_iteration=162.157M instructions_per_iteration=974.563M items_per_second=5.18033M/s
ScalarCountQueryBenchmark/DirectNonDeduplicatingCountScan/400000/64          77053785 ns     77029736 ns            1 cycles_per_iteration=161.821M instructions_per_iteration=974.574M items_per_second=5.1928M/s
ScalarCountQueryBenchmark/DirectNonDeduplicatingCountScan/400000/64_mean     75582647 ns     75558922 ns            5 cycles_per_iteration=158.732M instructions_per_iteration=974.57M items_per_second=5.30111M/s
ScalarCountQueryBenchmark/DirectNonDeduplicatingCountScan/400000/64_median   77053785 ns     77029736 ns            5 cycles_per_iteration=161.821M instructions_per_iteration=974.572M items_per_second=5.1928M/s
ScalarCountQueryBenchmark/DirectNonDeduplicatingCountScan/400000/64_stddev    3121850 ns      3106017 ns            5 cycles_per_iteration=6.55555M instructions_per_iteration=4.50972k items_per_second=219.721k/s
