{"t":{"$date":"2026-08-06T05:37:53.359+08:00"},"s":"I",  "c":"-",        "id":8991200, "ctx":"main","msg":"Shuffling initializers","attr":{"seed":2327885094}}
2026-08-06T05:37:53+08:00
Running /tmp/mongo-count-query-bm-countscan-C-final-candidate
Run on (96 X 4000 MHz CPU s)
CPU Caches:
  L1 Data 48 KiB (x48)
  L1 Instruction 32 KiB (x48)
  L2 Unified 2048 KiB (x48)
  L3 Unified 61440 KiB (x2)
Load Average: 1.88, 2.12, 2.79
------------------------------------------------------------------------------------------------------------------------------------------
Benchmark                                                                                Time             CPU   Iterations UserCounters...
------------------------------------------------------------------------------------------------------------------------------------------
CompoundWildcardCountQueryBenchmark/DirectNonMultikeyCountScan/200000/64          49934626 ns     49916520 ns            1 cycles_per_iteration=104.87M instructions_per_iteration=612.789M items_per_second=4.00669M/s
CompoundWildcardCountQueryBenchmark/DirectNonMultikeyCountScan/200000/64          48856735 ns     48836068 ns            1 cycles_per_iteration=102.606M instructions_per_iteration=612.805M items_per_second=4.09533M/s
CompoundWildcardCountQueryBenchmark/DirectNonMultikeyCountScan/200000/64          55477142 ns     55438806 ns            1 cycles_per_iteration=116.509M instructions_per_iteration=612.869M items_per_second=3.60758M/s
CompoundWildcardCountQueryBenchmark/DirectNonMultikeyCountScan/200000/64          62450171 ns     62451285 ns            1 cycles_per_iteration=131.154M instructions_per_iteration=612.797M items_per_second=3.2025M/s
CompoundWildcardCountQueryBenchmark/DirectNonMultikeyCountScan/200000/64          50762415 ns     50712913 ns            1 cycles_per_iteration=106.608M instructions_per_iteration=612.741M items_per_second=3.94377M/s
CompoundWildcardCountQueryBenchmark/DirectNonMultikeyCountScan/200000/64_mean     53496218 ns     53471118 ns            5 cycles_per_iteration=112.349M instructions_per_iteration=612.8M items_per_second=3.77117M/s
CompoundWildcardCountQueryBenchmark/DirectNonMultikeyCountScan/200000/64_median   50762415 ns     50712913 ns            5 cycles_per_iteration=106.608M instructions_per_iteration=612.797M items_per_second=3.94377M/s
CompoundWildcardCountQueryBenchmark/DirectNonMultikeyCountScan/200000/64_stddev    5607601 ns      5617868 ns            5 cycles_per_iteration=11.7766M instructions_per_iteration=45.9925k items_per_second=367.591k/s
