{"t":{"$date":"2026-08-06T05:45:35.322+08:00"},"s":"I",  "c":"-",        "id":8991200, "ctx":"main","msg":"Shuffling initializers","attr":{"seed":2382324059}}
2026-08-06T05:45:35+08:00
Running /tmp/mongo-count-query-bm-countscan-C-final-candidate
Run on (96 X 4000 MHz CPU s)
CPU Caches:
  L1 Data 48 KiB (x48)
  L1 Instruction 32 KiB (x48)
  L2 Unified 2048 KiB (x48)
  L3 Unified 61440 KiB (x2)
Load Average: 2.26, 2.12, 2.52
------------------------------------------------------------------------------------------------------------------------------------
Benchmark                                                                          Time             CPU   Iterations UserCounters...
------------------------------------------------------------------------------------------------------------------------------------
MultikeyCountQueryBenchmark/DirectDeduplicatingCountScan/200000/64          94206333 ns     94176651 ns            1 cycles_per_iteration=197.842M instructions_per_iteration=1.10607G items_per_second=4.24734M/s
MultikeyCountQueryBenchmark/DirectDeduplicatingCountScan/200000/64         107457399 ns    107415026 ns            1 cycles_per_iteration=225.669M instructions_per_iteration=1.10615G items_per_second=3.72387M/s
MultikeyCountQueryBenchmark/DirectDeduplicatingCountScan/200000/64          99190235 ns     99121587 ns            1 cycles_per_iteration=208.308M instructions_per_iteration=1.10607G items_per_second=4.03545M/s
MultikeyCountQueryBenchmark/DirectDeduplicatingCountScan/200000/64         106087208 ns    106044006 ns            1 cycles_per_iteration=222.79M instructions_per_iteration=1.10615G items_per_second=3.77202M/s
MultikeyCountQueryBenchmark/DirectDeduplicatingCountScan/200000/64          92939615 ns     92783811 ns            1 cycles_per_iteration=195.181M instructions_per_iteration=1.10607G items_per_second=4.3111M/s
MultikeyCountQueryBenchmark/DirectDeduplicatingCountScan/200000/64_mean     99976158 ns     99908216 ns            5 cycles_per_iteration=209.958M instructions_per_iteration=1.1061G items_per_second=4.01795M/s
MultikeyCountQueryBenchmark/DirectDeduplicatingCountScan/200000/64_median   99190235 ns     99121587 ns            5 cycles_per_iteration=208.308M instructions_per_iteration=1.10607G items_per_second=4.03545M/s
MultikeyCountQueryBenchmark/DirectDeduplicatingCountScan/200000/64_stddev    6647093 ns      6675082 ns            5 cycles_per_iteration=13.9586M instructions_per_iteration=44.8364k items_per_second=267.312k/s
