{"t":{"$date":"2026-08-06T05:32:09.521+08:00"},"s":"I",  "c":"-",        "id":8991200, "ctx":"main","msg":"Shuffling initializers","attr":{"seed":2837291884}}
2026-08-06T05:32:09+08:00
Running /tmp/mongo-count-query-bm-countscan-A-upstream-production-normalized-harness
Run on (96 X 4000 MHz CPU s)
CPU Caches:
  L1 Data 48 KiB (x48)
  L1 Instruction 32 KiB (x48)
  L2 Unified 2048 KiB (x48)
  L3 Unified 61440 KiB (x2)
Load Average: 2.35, 2.47, 3.16
----------------------------------------------------------------------------------------------------------------------------------------
Benchmark                                                                              Time             CPU   Iterations UserCounters...
----------------------------------------------------------------------------------------------------------------------------------------
UnoptimizedCountQueryBenchmark/FetchingCountWithoutCountScan/200000/64         149756193 ns    149652245 ns            1 cycles_per_iteration=314.496M instructions_per_iteration=1.92043G
UnoptimizedCountQueryBenchmark/FetchingCountWithoutCountScan/200000/64         159550428 ns    159428181 ns            1 cycles_per_iteration=335.065M instructions_per_iteration=1.92054G
UnoptimizedCountQueryBenchmark/FetchingCountWithoutCountScan/200000/64         156450748 ns    156314073 ns            1 cycles_per_iteration=328.554M instructions_per_iteration=1.92031G
UnoptimizedCountQueryBenchmark/FetchingCountWithoutCountScan/200000/64         159753084 ns    159634243 ns            1 cycles_per_iteration=335.489M instructions_per_iteration=1.92043G
UnoptimizedCountQueryBenchmark/FetchingCountWithoutCountScan/200000/64         163605213 ns    163196115 ns            1 cycles_per_iteration=343.579M instructions_per_iteration=1.9205G
UnoptimizedCountQueryBenchmark/FetchingCountWithoutCountScan/200000/64_mean    157823133 ns    157644971 ns            5 cycles_per_iteration=331.437M instructions_per_iteration=1.92044G
UnoptimizedCountQueryBenchmark/FetchingCountWithoutCountScan/200000/64_median  159550428 ns    159428181 ns            5 cycles_per_iteration=335.065M instructions_per_iteration=1.92043G
UnoptimizedCountQueryBenchmark/FetchingCountWithoutCountScan/200000/64_stddev    5174449 ns      5089381 ns            5 cycles_per_iteration=10.8664M instructions_per_iteration=87.1407k
