{"t":{"$date":"2026-08-06T05:23:12.859+08:00"},"s":"I",  "c":"-",        "id":8991200, "ctx":"main","msg":"Shuffling initializers","attr":{"seed":2582347454}}
2026-08-06T05:23:12+08:00
Running /tmp/mongo-count-query-bm-countscan-C-final-candidate
Run on (96 X 4000 MHz CPU s)
CPU Caches:
  L1 Data 48 KiB (x48)
  L1 Instruction 32 KiB (x48)
  L2 Unified 2048 KiB (x48)
  L3 Unified 61440 KiB (x2)
Load Average: 2.33, 2.32, 3.65
------------------------------------------------------------------------------------------------------------------------------------
Benchmark                                                                          Time             CPU   Iterations UserCounters...
------------------------------------------------------------------------------------------------------------------------------------
MultikeyCountQueryBenchmark/DirectDeduplicatingCountScan/200000/64          98997355 ns     98977634 ns            1 cycles_per_iteration=207.904M instructions_per_iteration=1.1063G items_per_second=4.04132M/s
MultikeyCountQueryBenchmark/DirectDeduplicatingCountScan/200000/64          95673800 ns     95522846 ns            1 cycles_per_iteration=200.924M instructions_per_iteration=1.10611G items_per_second=4.18748M/s
MultikeyCountQueryBenchmark/DirectDeduplicatingCountScan/200000/64          99183559 ns     99069200 ns            1 cycles_per_iteration=208.294M instructions_per_iteration=1.10609G items_per_second=4.03758M/s
MultikeyCountQueryBenchmark/DirectDeduplicatingCountScan/200000/64          90520144 ns     90409773 ns            1 cycles_per_iteration=190.099M instructions_per_iteration=1.10606G items_per_second=4.4243M/s
MultikeyCountQueryBenchmark/DirectDeduplicatingCountScan/200000/64         101849318 ns    101715151 ns            1 cycles_per_iteration=213.891M instructions_per_iteration=1.10614G items_per_second=3.93255M/s
MultikeyCountQueryBenchmark/DirectDeduplicatingCountScan/200000/64_mean     97244835 ns     97138921 ns            5 cycles_per_iteration=204.222M instructions_per_iteration=1.10614G items_per_second=4.12465M/s
MultikeyCountQueryBenchmark/DirectDeduplicatingCountScan/200000/64_median   98997355 ns     98977634 ns            5 cycles_per_iteration=207.904M instructions_per_iteration=1.10611G items_per_second=4.04132M/s
MultikeyCountQueryBenchmark/DirectDeduplicatingCountScan/200000/64_stddev    4350887 ns      4357231 ns            5 cycles_per_iteration=9.13712M instructions_per_iteration=96.1688k items_per_second=190.503k/s
