{"t":{"$date":"2026-08-06T05:18:03.320+08:00"},"s":"I",  "c":"-",        "id":8991200, "ctx":"main","msg":"Shuffling initializers","attr":{"seed":2865083758}}
2026-08-06T05:18:03+08:00
Running /tmp/mongo-count-query-bm-countscan-C-final-candidate
Run on (96 X 4000 MHz CPU s)
CPU Caches:
  L1 Data 48 KiB (x48)
  L1 Instruction 32 KiB (x48)
  L2 Unified 2048 KiB (x48)
  L3 Unified 61440 KiB (x2)
Load Average: 2.35, 2.06, 4.12
-------------------------------------------------------------------------------------------------------------------------------------
Benchmark                                                                           Time             CPU   Iterations UserCounters...
-------------------------------------------------------------------------------------------------------------------------------------
ScalarCountQueryBenchmark/DirectNonDeduplicatingCountScan/400000/64          78779936 ns     78592584 ns            1 cycles_per_iteration=165.446M instructions_per_iteration=978.973M items_per_second=5.08954M/s
ScalarCountQueryBenchmark/DirectNonDeduplicatingCountScan/400000/64          76876640 ns     76833711 ns            1 cycles_per_iteration=161.449M instructions_per_iteration=978.957M items_per_second=5.20605M/s
ScalarCountQueryBenchmark/DirectNonDeduplicatingCountScan/400000/64          75735807 ns     75736790 ns            1 cycles_per_iteration=159.053M instructions_per_iteration=978.984M items_per_second=5.28145M/s
ScalarCountQueryBenchmark/DirectNonDeduplicatingCountScan/400000/64          79695940 ns     79697078 ns            1 cycles_per_iteration=167.371M instructions_per_iteration=979.187M items_per_second=5.019M/s
ScalarCountQueryBenchmark/DirectNonDeduplicatingCountScan/400000/64          74571848 ns     74572593 ns            1 cycles_per_iteration=156.61M instructions_per_iteration=978.964M items_per_second=5.3639M/s
ScalarCountQueryBenchmark/DirectNonDeduplicatingCountScan/400000/64_mean     77132034 ns     77086551 ns            5 cycles_per_iteration=161.986M instructions_per_iteration=979.013M items_per_second=5.19199M/s
ScalarCountQueryBenchmark/DirectNonDeduplicatingCountScan/400000/64_median   76876640 ns     76833711 ns            5 cycles_per_iteration=161.449M instructions_per_iteration=978.973M items_per_second=5.20605M/s
ScalarCountQueryBenchmark/DirectNonDeduplicatingCountScan/400000/64_stddev    2112961 ns      2078987 ns            5 cycles_per_iteration=4.43728M instructions_per_iteration=97.8182k items_per_second=139.798k/s
