{"t":{"$date":"2026-08-06T05:40:34.238+08:00"},"s":"I",  "c":"-",        "id":8991200, "ctx":"main","msg":"Shuffling initializers","attr":{"seed":1498007878}}
2026-08-06T05:40:34+08:00
Running /tmp/mongo-count-query-bm-countscan-C-final-candidate
Run on (96 X 4000 MHz CPU s)
CPU Caches:
  L1 Data 48 KiB (x48)
  L1 Instruction 32 KiB (x48)
  L2 Unified 2048 KiB (x48)
  L3 Unified 61440 KiB (x2)
Load Average: 2.71, 2.21, 2.70
------------------------------------------------------------------------------------------------------------------------------------------
Benchmark                                                                                Time             CPU   Iterations UserCounters...
------------------------------------------------------------------------------------------------------------------------------------------
CompoundWildcardCountQueryBenchmark/DirectNonMultikeyCountScan/200000/64          51761150 ns     51751057 ns            1 cycles_per_iteration=108.718M instructions_per_iteration=612.735M items_per_second=3.86466M/s
CompoundWildcardCountQueryBenchmark/DirectNonMultikeyCountScan/200000/64          50236940 ns     50237401 ns            1 cycles_per_iteration=105.504M instructions_per_iteration=612.75M items_per_second=3.9811M/s
CompoundWildcardCountQueryBenchmark/DirectNonMultikeyCountScan/200000/64          50577879 ns     50558392 ns            1 cycles_per_iteration=106.221M instructions_per_iteration=612.804M items_per_second=3.95582M/s
CompoundWildcardCountQueryBenchmark/DirectNonMultikeyCountScan/200000/64          55368423 ns     55310481 ns            1 cycles_per_iteration=116.281M instructions_per_iteration=612.76M items_per_second=3.61595M/s
CompoundWildcardCountQueryBenchmark/DirectNonMultikeyCountScan/200000/64          49720287 ns     49700578 ns            1 cycles_per_iteration=104.42M instructions_per_iteration=612.696M items_per_second=4.0241M/s
CompoundWildcardCountQueryBenchmark/DirectNonMultikeyCountScan/200000/64_mean     51532936 ns     51511582 ns            5 cycles_per_iteration=108.229M instructions_per_iteration=612.749M items_per_second=3.88832M/s
CompoundWildcardCountQueryBenchmark/DirectNonMultikeyCountScan/200000/64_median   50577879 ns     50558392 ns            5 cycles_per_iteration=106.221M instructions_per_iteration=612.75M items_per_second=3.95582M/s
CompoundWildcardCountQueryBenchmark/DirectNonMultikeyCountScan/200000/64_stddev    2271590 ns      2252822 ns            5 cycles_per_iteration=4.77049M instructions_per_iteration=39.1193k items_per_second=163.053k/s
