{"t":{"$date":"2026-08-06T05:30:14.124+08:00"},"s":"I",  "c":"-",        "id":8991200, "ctx":"main","msg":"Shuffling initializers","attr":{"seed":3855833357}}
2026-08-06T05:30:14+08:00
Running /tmp/mongo-count-query-bm-countscan-A-upstream-production-normalized-harness
Run on (96 X 4000 MHz CPU s)
CPU Caches:
  L1 Data 48 KiB (x48)
  L1 Instruction 32 KiB (x48)
  L2 Unified 2048 KiB (x48)
  L3 Unified 61440 KiB (x2)
Load Average: 2.41, 2.53, 3.27
----------------------------------------------------------------------------------------------------------------------------------------
Benchmark                                                                              Time             CPU   Iterations UserCounters...
----------------------------------------------------------------------------------------------------------------------------------------
UnoptimizedCountQueryBenchmark/FetchingCountWithoutCountScan/200000/64         151778936 ns    151529872 ns            1 cycles_per_iteration=318.745M instructions_per_iteration=1.92041G
UnoptimizedCountQueryBenchmark/FetchingCountWithoutCountScan/200000/64         164437294 ns    164293997 ns            1 cycles_per_iteration=345.326M instructions_per_iteration=1.92039G
UnoptimizedCountQueryBenchmark/FetchingCountWithoutCountScan/200000/64         151009560 ns    150902726 ns            1 cycles_per_iteration=317.129M instructions_per_iteration=1.92025G
UnoptimizedCountQueryBenchmark/FetchingCountWithoutCountScan/200000/64         155248165 ns    155137272 ns            1 cycles_per_iteration=326.03M instructions_per_iteration=1.92041G
UnoptimizedCountQueryBenchmark/FetchingCountWithoutCountScan/200000/64         156596422 ns    156438446 ns            1 cycles_per_iteration=328.86M instructions_per_iteration=1.92065G
UnoptimizedCountQueryBenchmark/FetchingCountWithoutCountScan/200000/64_mean    155814075 ns    155660463 ns            5 cycles_per_iteration=327.218M instructions_per_iteration=1.92042G
UnoptimizedCountQueryBenchmark/FetchingCountWithoutCountScan/200000/64_median  155248165 ns    155137272 ns            5 cycles_per_iteration=326.03M instructions_per_iteration=1.92041G
UnoptimizedCountQueryBenchmark/FetchingCountWithoutCountScan/200000/64_stddev    5353922 ns      5364577 ns            5 cycles_per_iteration=11.2428M instructions_per_iteration=143.529k
