{"t":{"$date":"2026-08-06T05:31:11.335+08:00"},"s":"I",  "c":"-",        "id":8991200, "ctx":"main","msg":"Shuffling initializers","attr":{"seed":2064365724}}
2026-08-06T05:31:11+08:00
Running /tmp/mongo-count-query-bm-countscan-A-upstream-production-normalized-harness
Run on (96 X 4000 MHz CPU s)
CPU Caches:
  L1 Data 48 KiB (x48)
  L1 Instruction 32 KiB (x48)
  L2 Unified 2048 KiB (x48)
  L3 Unified 61440 KiB (x2)
Load Average: 2.24, 2.49, 3.21
-------------------------------------------------------------------------------------------------------------------------------------
Benchmark                                                                           Time             CPU   Iterations UserCounters...
-------------------------------------------------------------------------------------------------------------------------------------
ScalarCountQueryBenchmark/DirectNonDeduplicatingCountScan/400000/64          82060575 ns     82028993 ns            1 cycles_per_iteration=172.335M instructions_per_iteration=1026.18M items_per_second=4.87632M/s
ScalarCountQueryBenchmark/DirectNonDeduplicatingCountScan/400000/64          79352379 ns     79353365 ns            1 cycles_per_iteration=166.648M instructions_per_iteration=1026.17M items_per_second=5.04074M/s
ScalarCountQueryBenchmark/DirectNonDeduplicatingCountScan/400000/64          82939386 ns     82940621 ns            1 cycles_per_iteration=174.182M instructions_per_iteration=1026.19M items_per_second=4.82273M/s
ScalarCountQueryBenchmark/DirectNonDeduplicatingCountScan/400000/64          80088139 ns     80016903 ns            1 cycles_per_iteration=168.193M instructions_per_iteration=1026.16M items_per_second=4.99894M/s
ScalarCountQueryBenchmark/DirectNonDeduplicatingCountScan/400000/64          87149620 ns     87150572 ns            1 cycles_per_iteration=183.024M instructions_per_iteration=1026.19M items_per_second=4.58976M/s
ScalarCountQueryBenchmark/DirectNonDeduplicatingCountScan/400000/64_mean     82318020 ns     82298091 ns            5 cycles_per_iteration=172.876M instructions_per_iteration=1026.18M items_per_second=4.8657M/s
ScalarCountQueryBenchmark/DirectNonDeduplicatingCountScan/400000/64_median   82060575 ns     82028993 ns            5 cycles_per_iteration=172.335M instructions_per_iteration=1026.18M items_per_second=4.87632M/s
ScalarCountQueryBenchmark/DirectNonDeduplicatingCountScan/400000/64_stddev    3064479 ns      3078435 ns            5 cycles_per_iteration=6.43604M instructions_per_iteration=15.4397k items_per_second=177.833k/s
