{"t":{"$date":"2026-08-06T05:37:09.804+08:00"},"s":"I",  "c":"-",        "id":8991200, "ctx":"main","msg":"Shuffling initializers","attr":{"seed":992197656}}
2026-08-06T05:37:09+08:00
Running /tmp/mongo-count-query-bm-countscan-B-rejected-heavyweight-implementation
Run on (96 X 4000 MHz CPU s)
CPU Caches:
  L1 Data 48 KiB (x48)
  L1 Instruction 32 KiB (x48)
  L2 Unified 2048 KiB (x48)
  L3 Unified 61440 KiB (x2)
Load Average: 2.13, 2.19, 2.84
----------------------------------------------------------------------------------------------------------------------------------------
Benchmark                                                                              Time             CPU   Iterations UserCounters...
----------------------------------------------------------------------------------------------------------------------------------------
UnoptimizedCountQueryBenchmark/FetchingCountWithoutCountScan/200000/64         152923107 ns    152816239 ns            1 cycles_per_iteration=321.147M instructions_per_iteration=1.88068G
UnoptimizedCountQueryBenchmark/FetchingCountWithoutCountScan/200000/64         153132439 ns    153026526 ns            1 cycles_per_iteration=321.587M instructions_per_iteration=1.88081G
UnoptimizedCountQueryBenchmark/FetchingCountWithoutCountScan/200000/64         151453257 ns    151346998 ns            1 cycles_per_iteration=318.06M instructions_per_iteration=1.88055G
UnoptimizedCountQueryBenchmark/FetchingCountWithoutCountScan/200000/64         149663210 ns    149607007 ns            1 cycles_per_iteration=314.301M instructions_per_iteration=1.88058G
UnoptimizedCountQueryBenchmark/FetchingCountWithoutCountScan/200000/64         161513805 ns    161265026 ns            1 cycles_per_iteration=339.187M instructions_per_iteration=1.88061G
UnoptimizedCountQueryBenchmark/FetchingCountWithoutCountScan/200000/64_mean    153737164 ns    153612359 ns            5 cycles_per_iteration=322.857M instructions_per_iteration=1.88065G
UnoptimizedCountQueryBenchmark/FetchingCountWithoutCountScan/200000/64_median  152923107 ns    152816239 ns            5 cycles_per_iteration=321.147M instructions_per_iteration=1.88061G
UnoptimizedCountQueryBenchmark/FetchingCountWithoutCountScan/200000/64_stddev    4563931 ns      4492077 ns            5 cycles_per_iteration=9.58427M instructions_per_iteration=102.15k
