{"t":{"$date":"2026-08-06T05:43:32.699+08:00"},"s":"I",  "c":"-",        "id":8991200, "ctx":"main","msg":"Shuffling initializers","attr":{"seed":751695327}}
2026-08-06T05:43:32+08:00
Running /tmp/mongo-count-query-bm-countscan-C-final-candidate
Run on (96 X 4000 MHz CPU s)
CPU Caches:
  L1 Data 48 KiB (x48)
  L1 Instruction 32 KiB (x48)
  L2 Unified 2048 KiB (x48)
  L3 Unified 61440 KiB (x2)
Load Average: 1.92, 2.06, 2.55
----------------------------------------------------------------------------------------------------------------------------------------
Benchmark                                                                              Time             CPU   Iterations UserCounters...
----------------------------------------------------------------------------------------------------------------------------------------
ClassicPointControlQueryBenchmark/HintedUniqueFieldPointQuery/10000/64             21874 ns        21850 ns         3351 cycles_per_iteration=45.9371k instructions_per_iteration=149.722k items_per_second=45.7657k/s
ClassicPointControlQueryBenchmark/HintedUniqueFieldPointQuery/10000/64             21809 ns        21789 ns         3351 cycles_per_iteration=45.7993k instructions_per_iteration=149.687k items_per_second=45.8941k/s
ClassicPointControlQueryBenchmark/HintedUniqueFieldPointQuery/10000/64             22659 ns        22626 ns         3351 cycles_per_iteration=47.5846k instructions_per_iteration=149.843k items_per_second=44.1979k/s
ClassicPointControlQueryBenchmark/HintedUniqueFieldPointQuery/10000/64             22983 ns        22968 ns         3351 cycles_per_iteration=48.2654k instructions_per_iteration=149.802k items_per_second=43.5391k/s
ClassicPointControlQueryBenchmark/HintedUniqueFieldPointQuery/10000/64             21980 ns        21963 ns         3351 cycles_per_iteration=46.1587k instructions_per_iteration=149.722k items_per_second=45.5309k/s
ClassicPointControlQueryBenchmark/HintedUniqueFieldPointQuery/10000/64_mean        22261 ns        22239 ns            5 cycles_per_iteration=46.749k instructions_per_iteration=149.755k items_per_second=44.9855k/s
ClassicPointControlQueryBenchmark/HintedUniqueFieldPointQuery/10000/64_median      21980 ns        21963 ns            5 cycles_per_iteration=46.1587k instructions_per_iteration=149.722k items_per_second=45.5309k/s
ClassicPointControlQueryBenchmark/HintedUniqueFieldPointQuery/10000/64_stddev        527 ns          527 ns            5 cycles_per_iteration=1.10762k instructions_per_iteration=64.6803 items_per_second=1054.03/s
