{"t":{"$date":"2026-08-06T05:13:43.291+08:00"},"s":"I",  "c":"-",        "id":8991200, "ctx":"main","msg":"Shuffling initializers","attr":{"seed":2976979454}}
2026-08-06T05:13:43+08:00
Running /tmp/mongo-count-query-bm-countscan-C-final-candidate
Run on (96 X 4000 MHz CPU s)
CPU Caches:
  L1 Data 48 KiB (x48)
  L1 Instruction 32 KiB (x48)
  L2 Unified 2048 KiB (x48)
  L3 Unified 61440 KiB (x2)
Load Average: 2.25, 1.80, 4.74
------------------------------------------------------------------------------------------------------------------------------------------
Benchmark                                                                                Time             CPU   Iterations UserCounters...
------------------------------------------------------------------------------------------------------------------------------------------
CompoundWildcardCountQueryBenchmark/DirectNonMultikeyCountScan/200000/64          49527645 ns     49506755 ns            1 cycles_per_iteration=104.015M instructions_per_iteration=612.696M items_per_second=4.03985M/s
CompoundWildcardCountQueryBenchmark/DirectNonMultikeyCountScan/200000/64          50841093 ns     50820723 ns            1 cycles_per_iteration=106.775M instructions_per_iteration=612.712M items_per_second=3.9354M/s
CompoundWildcardCountQueryBenchmark/DirectNonMultikeyCountScan/200000/64          49014807 ns     49015614 ns            1 cycles_per_iteration=102.938M instructions_per_iteration=612.713M items_per_second=4.08033M/s
CompoundWildcardCountQueryBenchmark/DirectNonMultikeyCountScan/200000/64          52188873 ns     52077690 ns            1 cycles_per_iteration=109.603M instructions_per_iteration=612.75M items_per_second=3.84042M/s
CompoundWildcardCountQueryBenchmark/DirectNonMultikeyCountScan/200000/64          49480915 ns     49481455 ns            1 cycles_per_iteration=103.916M instructions_per_iteration=612.718M items_per_second=4.04192M/s
CompoundWildcardCountQueryBenchmark/DirectNonMultikeyCountScan/200000/64_mean     50210667 ns     50180447 ns            5 cycles_per_iteration=105.449M instructions_per_iteration=612.718M items_per_second=3.98758M/s
CompoundWildcardCountQueryBenchmark/DirectNonMultikeyCountScan/200000/64_median   49527645 ns     49506755 ns            5 cycles_per_iteration=104.015M instructions_per_iteration=612.713M items_per_second=4.03985M/s
CompoundWildcardCountQueryBenchmark/DirectNonMultikeyCountScan/200000/64_stddev    1298064 ns      1255863 ns            5 cycles_per_iteration=2.72621M instructions_per_iteration=19.9564k items_per_second=98.3207k/s
