{"t":{"$date":"2026-08-06T05:32:26.905+08:00"},"s":"I",  "c":"-",        "id":8991200, "ctx":"main","msg":"Shuffling initializers","attr":{"seed":3882033887}}
2026-08-06T05:32:26+08:00
Running /tmp/mongo-count-query-bm-countscan-C-final-candidate
Run on (96 X 4000 MHz CPU s)
CPU Caches:
  L1 Data 48 KiB (x48)
  L1 Instruction 32 KiB (x48)
  L2 Unified 2048 KiB (x48)
  L3 Unified 61440 KiB (x2)
Load Average: 2.62, 2.52, 3.16
----------------------------------------------------------------------------------------------------------------------------------------
Benchmark                                                                              Time             CPU   Iterations UserCounters...
----------------------------------------------------------------------------------------------------------------------------------------
ClassicPointControlQueryBenchmark/HintedUniqueFieldPointQuery/10000/64             24351 ns        24340 ns         3384 cycles_per_iteration=51.1377k instructions_per_iteration=149.185k items_per_second=41.0839k/s
ClassicPointControlQueryBenchmark/HintedUniqueFieldPointQuery/10000/64             21804 ns        21798 ns         3384 cycles_per_iteration=45.7886k instructions_per_iteration=149.433k items_per_second=45.8765k/s
ClassicPointControlQueryBenchmark/HintedUniqueFieldPointQuery/10000/64             22835 ns        22828 ns         3384 cycles_per_iteration=47.9556k instructions_per_iteration=149.319k items_per_second=43.8052k/s
ClassicPointControlQueryBenchmark/HintedUniqueFieldPointQuery/10000/64             22796 ns        22790 ns         3384 cycles_per_iteration=47.8725k instructions_per_iteration=149.315k items_per_second=43.8783k/s
ClassicPointControlQueryBenchmark/HintedUniqueFieldPointQuery/10000/64             22873 ns        22867 ns         3384 cycles_per_iteration=48.0354k instructions_per_iteration=149.13k items_per_second=43.7316k/s
ClassicPointControlQueryBenchmark/HintedUniqueFieldPointQuery/10000/64_mean        22932 ns        22925 ns            5 cycles_per_iteration=48.158k instructions_per_iteration=149.276k items_per_second=43.6751k/s
ClassicPointControlQueryBenchmark/HintedUniqueFieldPointQuery/10000/64_median      22835 ns        22828 ns            5 cycles_per_iteration=47.9556k instructions_per_iteration=149.315k items_per_second=43.8052k/s
ClassicPointControlQueryBenchmark/HintedUniqueFieldPointQuery/10000/64_stddev        911 ns          909 ns            5 cycles_per_iteration=1.91249k instructions_per_iteration=119.637 items_per_second=1.70455k/s
