{"t":{"$date":"2026-08-06T05:17:46.231+08:00"},"s":"I",  "c":"-",        "id":8991200, "ctx":"main","msg":"Shuffling initializers","attr":{"seed":2804441447}}
2026-08-06T05:17:46+08:00
Running /tmp/mongo-count-query-bm-countscan-C-final-candidate
Run on (96 X 4000 MHz CPU s)
CPU Caches:
  L1 Data 48 KiB (x48)
  L1 Instruction 32 KiB (x48)
  L2 Unified 2048 KiB (x48)
  L3 Unified 61440 KiB (x2)
Load Average: 2.10, 2.00, 4.14
----------------------------------------------------------------------------------------------------------------------------------------
Benchmark                                                                              Time             CPU   Iterations UserCounters...
----------------------------------------------------------------------------------------------------------------------------------------
UnoptimizedCountQueryBenchmark/FetchingCountWithoutCountScan/200000/64         155458450 ns    155322132 ns            1 cycles_per_iteration=326.471M instructions_per_iteration=1.9204G
UnoptimizedCountQueryBenchmark/FetchingCountWithoutCountScan/200000/64         159711838 ns    159605394 ns            1 cycles_per_iteration=335.404M instructions_per_iteration=1.92056G
UnoptimizedCountQueryBenchmark/FetchingCountWithoutCountScan/200000/64         151402950 ns    151248135 ns            1 cycles_per_iteration=317.954M instructions_per_iteration=1.92031G
UnoptimizedCountQueryBenchmark/FetchingCountWithoutCountScan/200000/64         151715755 ns    151559058 ns            1 cycles_per_iteration=318.611M instructions_per_iteration=1.92047G
UnoptimizedCountQueryBenchmark/FetchingCountWithoutCountScan/200000/64         148302794 ns    148162536 ns            1 cycles_per_iteration=311.444M instructions_per_iteration=1.92048G
UnoptimizedCountQueryBenchmark/FetchingCountWithoutCountScan/200000/64_mean    153318357 ns    153179451 ns            5 cycles_per_iteration=321.977M instructions_per_iteration=1.92045G
UnoptimizedCountQueryBenchmark/FetchingCountWithoutCountScan/200000/64_median  151715755 ns    151559058 ns            5 cycles_per_iteration=318.611M instructions_per_iteration=1.92047G
UnoptimizedCountQueryBenchmark/FetchingCountWithoutCountScan/200000/64_stddev    4383195 ns      4399117 ns            5 cycles_per_iteration=9.20512M instructions_per_iteration=93.8675k
