{"t":{"$date":"2026-08-06T05:13:52.443+08:00"},"s":"I",  "c":"-",        "id":8991200, "ctx":"main","msg":"Shuffling initializers","attr":{"seed":3684874984}}
2026-08-06T05:13:52+08:00
Running /tmp/mongo-count-query-bm-countscan-B-rejected-heavyweight-implementation
Run on (96 X 4000 MHz CPU s)
CPU Caches:
  L1 Data 48 KiB (x48)
  L1 Instruction 32 KiB (x48)
  L2 Unified 2048 KiB (x48)
  L3 Unified 61440 KiB (x2)
Load Average: 2.46, 1.86, 4.73
------------------------------------------------------------------------------------------------------------------------------------------
Benchmark                                                                                Time             CPU   Iterations UserCounters...
------------------------------------------------------------------------------------------------------------------------------------------
CompoundWildcardCountQueryBenchmark/DirectNonMultikeyCountScan/200000/64          50311804 ns     50304931 ns            1 cycles_per_iteration=105.662M instructions_per_iteration=610.77M items_per_second=3.97575M/s
CompoundWildcardCountQueryBenchmark/DirectNonMultikeyCountScan/200000/64          50755501 ns     50704821 ns            1 cycles_per_iteration=106.593M instructions_per_iteration=610.765M items_per_second=3.9444M/s
CompoundWildcardCountQueryBenchmark/DirectNonMultikeyCountScan/200000/64          47814608 ns     47795593 ns            1 cycles_per_iteration=100.418M instructions_per_iteration=610.709M items_per_second=4.18449M/s
CompoundWildcardCountQueryBenchmark/DirectNonMultikeyCountScan/200000/64          49617529 ns     49570738 ns            1 cycles_per_iteration=104.204M instructions_per_iteration=610.764M items_per_second=4.03464M/s
CompoundWildcardCountQueryBenchmark/DirectNonMultikeyCountScan/200000/64          55979490 ns     55980268 ns            1 cycles_per_iteration=117.565M instructions_per_iteration=610.751M items_per_second=3.57269M/s
CompoundWildcardCountQueryBenchmark/DirectNonMultikeyCountScan/200000/64_mean     50895786 ns     50871270 ns            5 cycles_per_iteration=106.888M instructions_per_iteration=610.752M items_per_second=3.94239M/s
CompoundWildcardCountQueryBenchmark/DirectNonMultikeyCountScan/200000/64_median   50311804 ns     50304931 ns            5 cycles_per_iteration=105.662M instructions_per_iteration=610.764M items_per_second=3.97575M/s
CompoundWildcardCountQueryBenchmark/DirectNonMultikeyCountScan/200000/64_stddev    3055011 ns      3066002 ns            5 cycles_per_iteration=6.41583M instructions_per_iteration=24.8238k items_per_second=226.339k/s
