{"t":{"$date":"2026-08-06T05:24:05.301+08:00"},"s":"I",  "c":"-",        "id":8991200, "ctx":"main","msg":"Shuffling initializers","attr":{"seed":2172735197}}
2026-08-06T05:24:05+08:00
Running /tmp/mongo-count-query-bm-countscan-C-final-candidate
Run on (96 X 4000 MHz CPU s)
CPU Caches:
  L1 Data 48 KiB (x48)
  L1 Instruction 32 KiB (x48)
  L2 Unified 2048 KiB (x48)
  L3 Unified 61440 KiB (x2)
Load Average: 2.90, 2.46, 3.63
------------------------------------------------------------------------------------------------------------------------------------
Benchmark                                                                          Time             CPU   Iterations UserCounters...
------------------------------------------------------------------------------------------------------------------------------------
MultikeyCountQueryBenchmark/DirectDeduplicatingCountScan/200000/64          95616102 ns     95617515 ns            1 cycles_per_iteration=200.802M instructions_per_iteration=1.10607G items_per_second=4.18333M/s
MultikeyCountQueryBenchmark/DirectDeduplicatingCountScan/200000/64          96237659 ns     96238687 ns            1 cycles_per_iteration=202.108M instructions_per_iteration=1.10606G items_per_second=4.15633M/s
MultikeyCountQueryBenchmark/DirectDeduplicatingCountScan/200000/64          96032381 ns     95932751 ns            1 cycles_per_iteration=201.677M instructions_per_iteration=1.10604G items_per_second=4.16959M/s
MultikeyCountQueryBenchmark/DirectDeduplicatingCountScan/200000/64          95168114 ns     95120564 ns            1 cycles_per_iteration=199.861M instructions_per_iteration=1.10609G items_per_second=4.20519M/s
MultikeyCountQueryBenchmark/DirectDeduplicatingCountScan/200000/64          96808195 ns     96704458 ns            1 cycles_per_iteration=203.307M instructions_per_iteration=1.10603G items_per_second=4.13631M/s
MultikeyCountQueryBenchmark/DirectDeduplicatingCountScan/200000/64_mean     95972490 ns     95922795 ns            5 cycles_per_iteration=201.551M instructions_per_iteration=1.10606G items_per_second=4.17015M/s
MultikeyCountQueryBenchmark/DirectDeduplicatingCountScan/200000/64_median   96032381 ns     95932751 ns            5 cycles_per_iteration=201.677M instructions_per_iteration=1.10606G items_per_second=4.16959M/s
MultikeyCountQueryBenchmark/DirectDeduplicatingCountScan/200000/64_stddev     621759 ns       601593 ns            5 cycles_per_iteration=1.3065M instructions_per_iteration=24.2208k items_per_second=26.1615k/s
