{"t":{"$date":"2026-08-06T05:36:03.960+08:00"},"s":"I",  "c":"-",        "id":8991200, "ctx":"main","msg":"Shuffling initializers","attr":{"seed":757992944}}
2026-08-06T05:36:03+08:00
Running /tmp/mongo-count-query-bm-countscan-C-final-candidate
Run on (96 X 4000 MHz CPU s)
CPU Caches:
  L1 Data 48 KiB (x48)
  L1 Instruction 32 KiB (x48)
  L2 Unified 2048 KiB (x48)
  L3 Unified 61440 KiB (x2)
Load Average: 1.96, 2.18, 2.89
-------------------------------------------------------------------------------------------------------------------------------------
Benchmark                                                                           Time             CPU   Iterations UserCounters...
-------------------------------------------------------------------------------------------------------------------------------------
ScalarCountQueryBenchmark/DirectNonDeduplicatingCountScan/400000/64          74084044 ns     74053620 ns            1 cycles_per_iteration=155.585M instructions_per_iteration=978.945M items_per_second=5.40149M/s
ScalarCountQueryBenchmark/DirectNonDeduplicatingCountScan/400000/64          73954105 ns     73955132 ns            1 cycles_per_iteration=155.312M instructions_per_iteration=978.963M items_per_second=5.40868M/s
ScalarCountQueryBenchmark/DirectNonDeduplicatingCountScan/400000/64          79602003 ns     79520135 ns            1 cycles_per_iteration=167.182M instructions_per_iteration=978.968M items_per_second=5.03017M/s
ScalarCountQueryBenchmark/DirectNonDeduplicatingCountScan/400000/64          76094389 ns     76095493 ns            1 cycles_per_iteration=159.807M instructions_per_iteration=978.974M items_per_second=5.25655M/s
ScalarCountQueryBenchmark/DirectNonDeduplicatingCountScan/400000/64          77564716 ns     77565614 ns            1 cycles_per_iteration=162.894M instructions_per_iteration=979.188M items_per_second=5.15692M/s
ScalarCountQueryBenchmark/DirectNonDeduplicatingCountScan/400000/64_mean     76259851 ns     76237999 ns            5 cycles_per_iteration=160.156M instructions_per_iteration=979.008M items_per_second=5.25077M/s
ScalarCountQueryBenchmark/DirectNonDeduplicatingCountScan/400000/64_median   76094389 ns     76095493 ns            5 cycles_per_iteration=159.807M instructions_per_iteration=978.968M items_per_second=5.25655M/s
ScalarCountQueryBenchmark/DirectNonDeduplicatingCountScan/400000/64_stddev    2395341 ns      2373725 ns            5 cycles_per_iteration=5.03323M instructions_per_iteration=101.635k items_per_second=162.14k/s
