{"t":{"$date":"2026-08-06T05:30:30.986+08:00"},"s":"I",  "c":"-",        "id":8991200, "ctx":"main","msg":"Shuffling initializers","attr":{"seed":342269281}}
2026-08-06T05:30:30+08:00
Running /tmp/mongo-count-query-bm-countscan-A-upstream-production-normalized-harness
Run on (96 X 4000 MHz CPU s)
CPU Caches:
  L1 Data 48 KiB (x48)
  L1 Instruction 32 KiB (x48)
  L2 Unified 2048 KiB (x48)
  L3 Unified 61440 KiB (x2)
Load Average: 2.61, 2.57, 3.27
-------------------------------------------------------------------------------------------------------------------------------------
Benchmark                                                                           Time             CPU   Iterations UserCounters...
-------------------------------------------------------------------------------------------------------------------------------------
ScalarCountQueryBenchmark/DirectNonDeduplicatingCountScan/400000/64          79329252 ns     79330236 ns            1 cycles_per_iteration=166.599M instructions_per_iteration=1026.17M items_per_second=5.04221M/s
ScalarCountQueryBenchmark/DirectNonDeduplicatingCountScan/400000/64          85381031 ns     85350275 ns            1 cycles_per_iteration=179.31M instructions_per_iteration=1026.42M items_per_second=4.68657M/s
ScalarCountQueryBenchmark/DirectNonDeduplicatingCountScan/400000/64          78693628 ns     78694535 ns            1 cycles_per_iteration=165.264M instructions_per_iteration=1026.18M items_per_second=5.08295M/s
ScalarCountQueryBenchmark/DirectNonDeduplicatingCountScan/400000/64          80276012 ns     80277053 ns            1 cycles_per_iteration=168.588M instructions_per_iteration=1026.17M items_per_second=4.98274M/s
ScalarCountQueryBenchmark/DirectNonDeduplicatingCountScan/400000/64          87532043 ns     87532716 ns            1 cycles_per_iteration=183.827M instructions_per_iteration=1026.19M items_per_second=4.56972M/s
ScalarCountQueryBenchmark/DirectNonDeduplicatingCountScan/400000/64_mean     82242393 ns     82236963 ns            5 cycles_per_iteration=172.718M instructions_per_iteration=1026.22M items_per_second=4.87284M/s
ScalarCountQueryBenchmark/DirectNonDeduplicatingCountScan/400000/64_median   80276012 ns     80277053 ns            5 cycles_per_iteration=168.588M instructions_per_iteration=1026.18M items_per_second=4.98274M/s
ScalarCountQueryBenchmark/DirectNonDeduplicatingCountScan/400000/64_stddev    3961635 ns      3955275 ns            5 cycles_per_iteration=8.3206M instructions_per_iteration=109.556k items_per_second=229.94k/s
