{"t":{"$date":"2026-08-06T05:45:14.879+08:00"},"s":"I",  "c":"-",        "id":8991200, "ctx":"main","msg":"Shuffling initializers","attr":{"seed":697251839}}
2026-08-06T05:45:14+08:00
Running /tmp/mongo-count-query-bm-countscan-C-final-candidate
Run on (96 X 4000 MHz CPU s)
CPU Caches:
  L1 Data 48 KiB (x48)
  L1 Instruction 32 KiB (x48)
  L2 Unified 2048 KiB (x48)
  L3 Unified 61440 KiB (x2)
Load Average: 2.16, 2.10, 2.52
-------------------------------------------------------------------------------------------------------------------------------------
Benchmark                                                                           Time             CPU   Iterations UserCounters...
-------------------------------------------------------------------------------------------------------------------------------------
ScalarCountQueryBenchmark/DirectNonDeduplicatingCountScan/400000/64          74914217 ns     74914866 ns            1 cycles_per_iteration=157.33M instructions_per_iteration=978.975M items_per_second=5.33939M/s
ScalarCountQueryBenchmark/DirectNonDeduplicatingCountScan/400000/64          73536396 ns     73465966 ns            1 cycles_per_iteration=154.436M instructions_per_iteration=978.968M items_per_second=5.4447M/s
ScalarCountQueryBenchmark/DirectNonDeduplicatingCountScan/400000/64          73990822 ns     73991626 ns            1 cycles_per_iteration=155.389M instructions_per_iteration=978.982M items_per_second=5.40602M/s
ScalarCountQueryBenchmark/DirectNonDeduplicatingCountScan/400000/64          79870939 ns     79871646 ns            1 cycles_per_iteration=167.738M instructions_per_iteration=978.964M items_per_second=5.00804M/s
ScalarCountQueryBenchmark/DirectNonDeduplicatingCountScan/400000/64          75854063 ns     75855129 ns            1 cycles_per_iteration=159.302M instructions_per_iteration=978.962M items_per_second=5.27321M/s
ScalarCountQueryBenchmark/DirectNonDeduplicatingCountScan/400000/64_mean     75633287 ns     75619847 ns            5 cycles_per_iteration=158.839M instructions_per_iteration=978.97M items_per_second=5.29427M/s
ScalarCountQueryBenchmark/DirectNonDeduplicatingCountScan/400000/64_median   74914217 ns     74914866 ns            5 cycles_per_iteration=157.33M instructions_per_iteration=978.968M items_per_second=5.33939M/s
ScalarCountQueryBenchmark/DirectNonDeduplicatingCountScan/400000/64_stddev    2530718 ns      2545607 ns            5 cycles_per_iteration=5.31467M instructions_per_iteration=8.52573k items_per_second=172.863k/s
