{"t":{"$date":"2026-08-06T05:45:41.409+08:00"},"s":"I",  "c":"-",        "id":8991200, "ctx":"main","msg":"Shuffling initializers","attr":{"seed":2803965463}}
2026-08-06T05:45:41+08:00
Running /tmp/mongo-count-query-bm-countscan-A-upstream-production-normalized-harness
Run on (96 X 4000 MHz CPU s)
CPU Caches:
  L1 Data 48 KiB (x48)
  L1 Instruction 32 KiB (x48)
  L2 Unified 2048 KiB (x48)
  L3 Unified 61440 KiB (x2)
Load Average: 2.06, 2.08, 2.50
------------------------------------------------------------------------------------------------------------------------------------
Benchmark                                                                          Time             CPU   Iterations UserCounters...
------------------------------------------------------------------------------------------------------------------------------------
MultikeyCountQueryBenchmark/DirectDeduplicatingCountScan/200000/64         100135803 ns    100118319 ns            1 cycles_per_iteration=210.293M instructions_per_iteration=1.12932G items_per_second=3.99527M/s
MultikeyCountQueryBenchmark/DirectDeduplicatingCountScan/200000/64         100216150 ns    100217496 ns            1 cycles_per_iteration=210.461M instructions_per_iteration=1.1293G items_per_second=3.99132M/s
MultikeyCountQueryBenchmark/DirectDeduplicatingCountScan/200000/64          92554569 ns     92443007 ns            1 cycles_per_iteration=194.372M instructions_per_iteration=1.12924G items_per_second=4.32699M/s
MultikeyCountQueryBenchmark/DirectDeduplicatingCountScan/200000/64         101384401 ns    101225161 ns            1 cycles_per_iteration=212.914M instructions_per_iteration=1.1295G items_per_second=3.95159M/s
MultikeyCountQueryBenchmark/DirectDeduplicatingCountScan/200000/64          96613169 ns     96501999 ns            1 cycles_per_iteration=202.895M instructions_per_iteration=1.12924G items_per_second=4.14499M/s
MultikeyCountQueryBenchmark/DirectDeduplicatingCountScan/200000/64_mean     98180819 ns     98101196 ns            5 cycles_per_iteration=206.187M instructions_per_iteration=1.12932G items_per_second=4.08203M/s
MultikeyCountQueryBenchmark/DirectDeduplicatingCountScan/200000/64_median  100135803 ns    100118319 ns            5 cycles_per_iteration=210.293M instructions_per_iteration=1.1293G items_per_second=3.99527M/s
MultikeyCountQueryBenchmark/DirectDeduplicatingCountScan/200000/64_stddev    3617309 ns      3635904 ns            5 cycles_per_iteration=7.59601M instructions_per_iteration=108.095k items_per_second=155.516k/s
