{"t":{"$date":"2026-08-06T05:43:23.607+08:00"},"s":"I",  "c":"-",        "id":8991200, "ctx":"main","msg":"Shuffling initializers","attr":{"seed":2188434878}}
2026-08-06T05:43:23+08:00
Running /tmp/mongo-count-query-bm-countscan-B-rejected-heavyweight-implementation
Run on (96 X 4000 MHz CPU s)
CPU Caches:
  L1 Data 48 KiB (x48)
  L1 Instruction 32 KiB (x48)
  L2 Unified 2048 KiB (x48)
  L3 Unified 61440 KiB (x2)
Load Average: 1.90, 2.06, 2.56
------------------------------------------------------------------------------------------------------------------------------------------
Benchmark                                                                                Time             CPU   Iterations UserCounters...
------------------------------------------------------------------------------------------------------------------------------------------
CompoundWildcardCountQueryBenchmark/DirectNonMultikeyCountScan/200000/64          48064470 ns     48028202 ns            1 cycles_per_iteration=100.943M instructions_per_iteration=610.708M items_per_second=4.16422M/s
CompoundWildcardCountQueryBenchmark/DirectNonMultikeyCountScan/200000/64          46799660 ns     46779527 ns            1 cycles_per_iteration=98.2854M instructions_per_iteration=610.732M items_per_second=4.27537M/s
CompoundWildcardCountQueryBenchmark/DirectNonMultikeyCountScan/200000/64          52951813 ns     52897856 ns            1 cycles_per_iteration=111.206M instructions_per_iteration=610.757M items_per_second=3.78087M/s
CompoundWildcardCountQueryBenchmark/DirectNonMultikeyCountScan/200000/64          49913406 ns     49892722 ns            1 cycles_per_iteration=104.824M instructions_per_iteration=610.799M items_per_second=4.0086M/s
CompoundWildcardCountQueryBenchmark/DirectNonMultikeyCountScan/200000/64          52244186 ns     52212039 ns            1 cycles_per_iteration=109.719M instructions_per_iteration=610.718M items_per_second=3.83053M/s
CompoundWildcardCountQueryBenchmark/DirectNonMultikeyCountScan/200000/64_mean     49994707 ns     49962069 ns            5 cycles_per_iteration=104.995M instructions_per_iteration=610.743M items_per_second=4.01192M/s
CompoundWildcardCountQueryBenchmark/DirectNonMultikeyCountScan/200000/64_median   49913406 ns     49892722 ns            5 cycles_per_iteration=104.824M instructions_per_iteration=610.732M items_per_second=4.0086M/s
CompoundWildcardCountQueryBenchmark/DirectNonMultikeyCountScan/200000/64_stddev    2633694 ns      2624616 ns            5 cycles_per_iteration=5.53071M instructions_per_iteration=36.5701k items_per_second=211.482k/s
