{"t":{"$date":"2026-08-06T05:26:29.789+08:00"},"s":"I",  "c":"-",        "id":8991200, "ctx":"main","msg":"Shuffling initializers","attr":{"seed":2346963740}}
2026-08-06T05:26:29+08:00
Running /tmp/mongo-count-query-bm-countscan-C-final-candidate
Run on (96 X 4000 MHz CPU s)
CPU Caches:
  L1 Data 48 KiB (x48)
  L1 Instruction 32 KiB (x48)
  L2 Unified 2048 KiB (x48)
  L3 Unified 61440 KiB (x2)
Load Average: 2.26, 2.37, 3.42
------------------------------------------------------------------------------------------------------------------------------------------
Benchmark                                                                                Time             CPU   Iterations UserCounters...
------------------------------------------------------------------------------------------------------------------------------------------
CompoundWildcardCountQueryBenchmark/DirectNonMultikeyCountScan/200000/64          51108837 ns     51083987 ns            1 cycles_per_iteration=107.335M instructions_per_iteration=612.754M items_per_second=3.91512M/s
CompoundWildcardCountQueryBenchmark/DirectNonMultikeyCountScan/200000/64          50158262 ns     50159095 ns            1 cycles_per_iteration=105.339M instructions_per_iteration=612.768M items_per_second=3.98731M/s
CompoundWildcardCountQueryBenchmark/DirectNonMultikeyCountScan/200000/64          55098057 ns     55079073 ns            1 cycles_per_iteration=115.715M instructions_per_iteration=612.773M items_per_second=3.63114M/s
CompoundWildcardCountQueryBenchmark/DirectNonMultikeyCountScan/200000/64          52782297 ns     52734464 ns            1 cycles_per_iteration=110.849M instructions_per_iteration=612.768M items_per_second=3.79259M/s
CompoundWildcardCountQueryBenchmark/DirectNonMultikeyCountScan/200000/64          56276560 ns     56187369 ns            1 cycles_per_iteration=118.189M instructions_per_iteration=612.716M items_per_second=3.55952M/s
CompoundWildcardCountQueryBenchmark/DirectNonMultikeyCountScan/200000/64_mean     53084803 ns     53048798 ns            5 cycles_per_iteration=111.485M instructions_per_iteration=612.756M items_per_second=3.77714M/s
CompoundWildcardCountQueryBenchmark/DirectNonMultikeyCountScan/200000/64_median   52782297 ns     52734464 ns            5 cycles_per_iteration=110.849M instructions_per_iteration=612.768M items_per_second=3.79259M/s
CompoundWildcardCountQueryBenchmark/DirectNonMultikeyCountScan/200000/64_stddev    2588489 ns      2563314 ns            5 cycles_per_iteration=5.4366M instructions_per_iteration=23.5171k items_per_second=181.744k/s
